Microchip MPLAB XC8 Compiler V1.44 ()

Linker command line:

-W-3 --edf=C:\Program Files (x86)\Microchip\xc8\v1.44\dat\en_msgs.txt -cs \
  -h+dist/default/production\RTC_MCP7941x_1936.X.production.sym \
  --cmf=dist/default/production\RTC_MCP7941x_1936.X.production.cmf -z \
  -Q16F1936 -oC:\Users\dungl\AppData\Local\Temp\s6o4.2 \
  -Mdist/default/production/RTC_MCP7941x_1936.X.production.map -E1 -ver=XC8 \
  -ASTACK=0204Bh-021efh -pstack=STACK -ACODE=00h-07FFhx4 \
  -ASTRCODE=00h-01FFFh -ASTRING=00h-0FFhx32 -ACONST=00h-0FFhx32 \
  -AENTRY=00h-0FFhx32 -ACOMMON=070h-07Fh -ABANK0=020h-06Fh \
  -ABANK1=0A0h-0EFh -ABANK2=0120h-016Fh -ABANK3=01A0h-01EFh \
  -ABANK4=0220h-026Fh -ABANK5=02A0h-02EFh -ABANK6=0320h-032Fh \
  -ABIGRAM=02000h-021EFh \
  -ARAM=020h-06Fh,0A0h-0EFh,0120h-016Fh,01A0h-01EFh,0220h-026Fh,02A0h-02EFh,0320h-032Fh \
  -AABS1=020h-07Fh,0A0h-0EFh,0120h-016Fh,01A0h-01EFh,0220h-026Fh,02A0h-02EFh,0320h-032Fh \
  -ASFR0=00h-01Fh -ASFR1=080h-09Fh -ASFR2=0100h-011Fh -ASFR3=0180h-019Fh \
  -ASFR4=0200h-021Fh -ASFR5=0280h-029Fh -ASFR6=0300h-031Fh \
  -ASFR7=0380h-03EFh -ASFR8=0400h-046Fh -ASFR9=0480h-04EFh \
  -ASFR10=0500h-056Fh -ASFR11=0580h-05EFh -ASFR12=0600h-066Fh \
  -ASFR13=0680h-06EFh -ASFR14=0700h-076Fh -ASFR15=0780h-07EFh \
  -ASFR16=0800h-086Fh -ASFR17=0880h-08EFh -ASFR18=0900h-096Fh \
  -ASFR19=0980h-09EFh -ASFR20=0A00h-0A6Fh -ASFR21=0A80h-0AEFh \
  -ASFR22=0B00h-0B6Fh -ASFR23=0B80h-0BEFh -ASFR24=0C00h-0C6Fh \
  -ASFR25=0C80h-0CEFh -ASFR26=0D00h-0D6Fh -ASFR27=0D80h-0DEFh \
  -ASFR28=0E00h-0E6Fh -ASFR29=0E80h-0EEFh -ASFR30=0F00h-0F6Fh \
  -ASFR31=0F80h-0FEFh -preset_vec=00h,intentry=04h,init,end_init \
  -ppowerup=CODE -pcinit=CODE -pfunctab=ENTRY -ACONFIG=08007h-08008h \
  -pconfig=CONFIG -DCONFIG=2 -AIDLOC=08000h-08003h -pidloc=IDLOC -DIDLOC=2 \
  -AEEDATA=00h-0FFh/0F000h -peeprom_data=EEDATA -DEEDATA=2 -DCODE=2 \
  -DSTRCODE=2 -DSTRING=2 -DCONST=2 -DENTRY=2 -k \
  C:\Users\dungl\AppData\Local\Temp\s6o4.obj \
  dist/default/production\RTC_MCP7941x_1936.X.production.obj 

Object code version is 3.11

Machine type is 16F1936



                Name                               Link     Load   Length Selector   Space Scale
C:\Users\dungl\AppData\Local\Temp\s6o4.obj
                end_init                             13       13        2        8       0
                reset_vec                             0        0        2        0       0
                config                             8007     8007        2    1000E       0
dist/default/production\RTC_MCP7941x_1936.X.production.obj
                cinit                                15       15       11        8       0
                intentry                              4        4        F        8       0
                text37                              64B      64B        1      C38       0
                text36                              607      607        B      B74       0
                text35                              48D      48D       1F        8       0
                text33                              625      625        8      C38       0
                text32                              4CA      4CA       1E        8       0
                text31                              5BA      5BA        F      B74       0
                text30                              641      641        6      C38       0
                text29                              634      634        7      C38       0
                text28                              4AC      4AC       1E        8       0
                text27                              59A      59A       11      B0A       0
                text26                              522      522       1D        8       0
                text25                              410      410       2E        8       0
                text24                              46B      46B       22        8       0
                text23                              5D7      5D7        D      B74       0
                text22                              55A      55A       16        8       0
                text21                              293      293       51        8       0
                text20                              3E2      3E2       2E        8       0
                text19                              22E      22E       65        8       0
                text18                              377      377       37        8       0
                text17                              63B      63B        6      C38       0
                text16                              5FC      5FC        B      B74       0
                text15                              62D      62D        7      C38       0
                text14                              505      505       1D        8       0
                text13                              647      647        4      C38       0
                text12                              5F0      5F0        C      B74       0
                text11                              4E8      4E8       1D        8       0
                text10                              5E4      5E4        C      B74       0
                text9                               585      585       15      B0A       0
                text8                               32F      32F       48        8       0
                text7                               61C      61C        9      C38       0
                text6                               2E4      2E4       4B        8       0
                text5                               3AE      3AE       34        8       0
                text4                               43E      43E       2D        8       0
                text3                               53F      53F       1B        8       0
                text2                               5C9      5C9        E      B74       0
                text1                                26       26      185        8       0
                maintext                            1AB      1AB       83        8       0
                cstackBANK0                          20       20       40       20       1
                cstackCOMMON                         70       70        B       70       1
                bssBANK0                             60       60        B       20       1
                bssCOMMON                            7B       7B        1       70       1
                stringtext3                         5AB      5AB        F      B56       0
                stringtext2                         570      570       15      AE0       0
                stringtext1                         612      612        A      C24       0

TOTAL           Name                               Link     Load   Length     Space
        CLASS   STACK          

        CLASS   CODE           
                end_init                             13       13        2         0
                cinit                                15       15       11         0
                intentry                              4        4        F         0
                reset_vec                             0        0        2         0
                text37                              64B      64B        1         0
                text36                              607      607        B         0
                text35                              48D      48D       1F         0
                text33                              625      625        8         0
                text32                              4CA      4CA       1E         0
                text31                              5BA      5BA        F         0
                text30                              641      641        6         0
                text29                              634      634        7         0
                text28                              4AC      4AC       1E         0
                text27                              59A      59A       11         0
                text26                              522      522       1D         0
                text25                              410      410       2E         0
                text24                              46B      46B       22         0
                text23                              5D7      5D7        D         0
                text22                              55A      55A       16         0
                text21                              293      293       51         0
                text20                              3E2      3E2       2E         0
                text19                              22E      22E       65         0
                text18                              377      377       37         0
                text17                              63B      63B        6         0
                text16                              5FC      5FC        B         0
                text15                              62D      62D        7         0
                text14                              505      505       1D         0
                text13                              647      647        4         0
                text12                              5F0      5F0        C         0
                text11                              4E8      4E8       1D         0
                text10                              5E4      5E4        C         0
                text9                               585      585       15         0
                text8                               32F      32F       48         0
                text7                               61C      61C        9         0
                text6                               2E4      2E4       4B         0
                text5                               3AE      3AE       34         0
                text4                               43E      43E       2D         0
                text3                               53F      53F       1B         0
                text2                               5C9      5C9        E         0
                text1                                26       26      185         0
                maintext                            1AB      1AB       83         0

        CLASS   STRCODE        
                stringtext3                         5AB      5AB        F         0
                stringtext2                         570      570       15         0
                stringtext1                         612      612        A         0

        CLASS   STRING         

        CLASS   CONST          

        CLASS   ENTRY          

        CLASS   COMMON         
                cstackCOMMON                         70       70        B         1
                bssCOMMON                            7B       7B        1         1

        CLASS   BANK0          
                cstackBANK0                          20       20       40         1
                bssBANK0                             60       60        B         1

        CLASS   BANK1          

        CLASS   BANK2          

        CLASS   BANK3          

        CLASS   BANK4          

        CLASS   BANK5          

        CLASS   BANK6          

        CLASS   BIGRAM         

        CLASS   RAM            

        CLASS   ABS1           
                abs_s1                               7E       7E        2         1

        CLASS   SFR0           

        CLASS   SFR1           

        CLASS   SFR2           

        CLASS   SFR3           

        CLASS   SFR4           

        CLASS   SFR5           

        CLASS   SFR6           

        CLASS   SFR7           

        CLASS   SFR8           

        CLASS   SFR9           

        CLASS   SFR10          

        CLASS   SFR11          

        CLASS   SFR12          

        CLASS   SFR13          

        CLASS   SFR14          

        CLASS   SFR15          

        CLASS   SFR16          

        CLASS   SFR17          

        CLASS   SFR18          

        CLASS   SFR19          

        CLASS   SFR20          

        CLASS   SFR21          

        CLASS   SFR22          

        CLASS   SFR23          

        CLASS   SFR24          

        CLASS   SFR25          

        CLASS   SFR26          

        CLASS   SFR27          

        CLASS   SFR28          

        CLASS   SFR29          

        CLASS   SFR30          

        CLASS   SFR31          

        CLASS   CONFIG         
                config                             8007     8007        2         0

        CLASS   IDLOC          

        CLASS   EEDATA         

        CLASS   BANK31         

        CLASS   BANK30         

        CLASS   BANK29         

        CLASS   BANK28         

        CLASS   BANK27         

        CLASS   BANK26         

        CLASS   BANK25         

        CLASS   BANK24         

        CLASS   BANK23         

        CLASS   BANK22         

        CLASS   BANK21         

        CLASS   BANK20         

        CLASS   BANK19         

        CLASS   BANK18         

        CLASS   BANK17         

        CLASS   BANK16         

        CLASS   BANK15         

        CLASS   BANK14         

        CLASS   BANK13         

        CLASS   BANK12         

        CLASS   BANK11         

        CLASS   BANK10         

        CLASS   BANK9          

        CLASS   BANK8          

        CLASS   BANK7          



SEGMENTS        Name                           Load    Length   Top    Selector   Space  Class     Delta

                reset_vec                      000000  000002  000002         0       0  CODE        2
                intentry                       000004  00056C  000570         8       0  CODE        2
                cstackBANK0                    000020  00004B  00006B        20       1  BANK0       1
                cstackCOMMON                   000070  00000C  00007C        70       1  COMMON      1
                stringtext2                    000570  000015  000585       AE0       0  STRCODE     2
                text9                          000585  000026  0005AB       B0A       0  CODE        2
                stringtext3                    0005AB  00000F  0005BA       B56       0  STRCODE     2
                text31                         0005BA  000058  000612       B74       0  CODE        2
                stringtext1                    000612  00000A  00061C       C24       0  STRCODE     2
                text7                          00061C  000030  00064C       C38       0  CODE        2
                config                         008007  000002  008009     1000E       0  CONFIG      2


UNUSED ADDRESS RANGES

        Name                Unused          Largest block    Delta
        BANK0            0006B-0006F               5           1
        BANK1            000A0-000EF              50           1
        BANK2            00120-0016F              50           1
        BANK3            001A0-001EF              50           1
        BANK4            00220-0026F              50           1
        BANK5            002A0-002EF              50           1
        BANK6            00320-0032F              10           1
        BIGRAM           02000-021EF             1F0           1
        CODE             00002-00003               2           2
                         0064C-01FFF             800
        COMMON           0007C-0007D               2           1
        CONST            00002-00003               2           2
                         0064C-01FFF             100
        EEDATA           0F000-0F0FF             100           2
        ENTRY            00002-00003               2           2
                         0064C-01FFF             100
        IDLOC            08000-08003               4           2
        RAM              0006B-0006F               5           1
                         000A0-000EF              50
                         00120-0016F              50
                         001A0-001EF              50
                         00220-0026F              50
                         002A0-002EF              50
                         00320-0032F              10
        SFR0             00000-0001F              20           1
        SFR1             00080-0009F              20           1
        SFR10            00500-0056F              70           1
        SFR11            00580-005EF              70           1
        SFR12            00600-0066F              70           1
        SFR13            00680-006EF              70           1
        SFR14            00700-0076F              70           1
        SFR15            00780-007EF              70           1
        SFR16            00800-0086F              70           1
        SFR17            00880-008EF              70           1
        SFR18            00900-0096F              70           1
        SFR19            00980-009EF              70           1
        SFR2             00100-0011F              20           1
        SFR20            00A00-00A6F              70           1
        SFR21            00A80-00AEF              70           1
        SFR22            00B00-00B6F              70           1
        SFR23            00B80-00BEF              70           1
        SFR24            00C00-00C6F              70           1
        SFR25            00C80-00CEF              70           1
        SFR26            00D00-00D6F              70           1
        SFR27            00D80-00DEF              70           1
        SFR28            00E00-00E6F              70           1
        SFR29            00E80-00EEF              70           1
        SFR3             00180-0019F              20           1
        SFR30            00F00-00F6F              70           1
        SFR31            00F80-00FEF              70           1
        SFR4             00200-0021F              20           1
        SFR5             00280-0029F              20           1
        SFR6             00300-0031F              20           1
        SFR7             00380-003EF              70           1
        SFR8             00400-0046F              70           1
        SFR9             00480-004EF              70           1
        STACK            0204B-021EF             1A5           1
        STRCODE          00002-00003               2           2
                         0064C-01FFF            19B4
        STRING           00002-00003               2           2
                         0064C-01FFF             100

                                  Symbol Table

?___awdiv                                cstackCOMMON 00072
?___lwdiv                                cstackCOMMON 00072
?___lwmod                                cstackBANK0  00020
?___wmul                                 cstackCOMMON 00072
?_sprintf                                cstackBANK0  00025
I2C_Read@ack                             cstackCOMMON 00076
I2C_Read@temp                            cstackCOMMON 00074
I2C_Write@data_out                       cstackCOMMON 00072
INT_SetInterruptHandler@InterruptHandler cstackCOMMON 00072
RTC_Init@trim                            cstackBANK0  00034
RTC_Read@address                         cstackCOMMON 00078
RTC_Read@data                            cstackCOMMON 00079
RTC_Set_DateTime@day                     cstackBANK0  00031
RTC_Set_DateTime@dow                     cstackBANK0  0002A
RTC_Set_DateTime@hour                    cstackBANK0  0002B
RTC_Set_DateTime@leap                    cstackBANK0  0002E
RTC_Set_DateTime@min                     cstackBANK0  0002C
RTC_Set_DateTime@mth                     cstackBANK0  00028
RTC_Set_DateTime@sec                     cstackBANK0  0002D
RTC_Set_DateTime@year                    cstackBANK0  00029
RTC_Write@address                        cstackBANK0  00027
RTC_Write@data                           cstackBANK0  00026
TextLCD_4Bits_Write@nib                  cstackCOMMON 00072
TextLCD_CMD@cmd                          cstackCOMMON 00074
TextLCD_PutChar@data                     cstackCOMMON 00075
TextLCD_Puts@DDRAM_Start_Address         stringtext2  00570
TextLCD_Puts@address                     cstackBANK0  00021
TextLCD_Puts@data                        cstackCOMMON 00077
TextLCD_Puts@idx                         cstackCOMMON 00076
TextLCD_Puts@length_or_type              cstackCOMMON 00078
TextLCD_Puts@line                        cstackBANK0  00020
_ANSELA                                  (abs)        0018C
_ANSELB                                  (abs)        0018D
_APFCON                                  (abs)        0011D
_EXT_INT_Initialize                      text16       005FC
_I2C_Init                                text23       005D7
_I2C_Read                                text32       004CA
_I2C_Start                               text31       005BA
_I2C_Stop                                text30       00641
_I2C_Wait                                text33       00625
_I2C_Write                               text29       00634
_INTCONbits                              (abs)        0000B
_INTERRUPT_InterruptManager              intentry     00004
_INT_CallBack                            text36       00607
_INT_DefaultInterruptHandler             text37       0064B
_INT_ISR                                 text35       0048D
_INT_InterruptHandler                    bssBANK0     00068
_INT_SetInterruptHandler                 text17       0063B
_LATA                                    (abs)        0010C
_LATB                                    (abs)        0010D
_LATBbits                                (abs)        0010D
_LATC                                    (abs)        0010E
_LATCbits                                (abs)        0010E
_LATE                                    (abs)        00110
_OPTION_REGbits                          (abs)        00095
_OSCCON                                  (abs)        00099
_OSCILLATOR_Initialize                   text15       0062D
_OSCTUNE                                 (abs)        00098
_PIN_MANAGER_Initialize                  text14       00505
_PLLR                                    (abs)        004D6
_RTC_Get_Date                            text25       00410
_RTC_Get_Time                            text24       0046B
_RTC_Init                                text18       00377
_RTC_Read                                text28       004AC
_RTC_Set_DateTime                        text19       0022E
_RTC_Write                               text22       0055A
_SSPADD                                  (abs)        00212
_SSPBUF                                  (abs)        00211
_SSPCON1                                 (abs)        00215
_SSPCON2                                 (abs)        00216
_SSPCON2bits                             (abs)        00216
_SSPCON3                                 (abs)        00217
_SSPSTAT                                 (abs)        00214
_SYSTEM_Initialize                       text12       005F0
_TRISA                                   (abs)        0008C
_TRISB                                   (abs)        0008D
_TRISC                                   (abs)        0008E
_TRISCbits                               (abs)        0008E
_TRISE                                   (abs)        00090
_TextLCD_4Bits_Write                     text11       004E8
_TextLCD_CMD                             text9        00585
_TextLCD_Enable                          text10       005E4
_TextLCD_Init                            text8        0032F
_TextLCD_PutChar                         text7        0061C
_TextLCD_Puts                            text6        002E4
_WDTCON                                  (abs)        00097
_WDT_Initialize                          text13       00647
_WPUB                                    (abs)        0020D
_WPUE                                    (abs)        00210
__CFG_BOREN$ON                           (abs)        00000
__CFG_BORV$LO                            (abs)        00000
__CFG_CLKOUTEN$OFF                       (abs)        00000
__CFG_CP$OFF                             (abs)        00000
__CFG_CPD$OFF                            (abs)        00000
__CFG_FCMEN$ON                           (abs)        00000
__CFG_FOSC$INTOSC                        (abs)        00000
__CFG_IESO$ON                            (abs)        00000
__CFG_LVP$ON                             (abs)        00000
__CFG_MCLRE$ON                           (abs)        00000
__CFG_PLLEN$ON                           (abs)        00000
__CFG_PWRTE$OFF                          (abs)        00000
__CFG_STVREN$ON                          (abs)        00000
__CFG_VCAPEN$OFF                         (abs)        00000
__CFG_WDTE$ON                            (abs)        00000
__CFG_WRT$OFF                            (abs)        00000
__Habs1                                  abs1         00000
__Hbank0                                 bank0        00000
__Hbank1                                 bank1        00000
__Hbank10                                bank10       00000
__Hbank11                                bank11       00000
__Hbank12                                bank12       00000
__Hbank13                                bank13       00000
__Hbank14                                bank14       00000
__Hbank15                                bank15       00000
__Hbank16                                bank16       00000
__Hbank17                                bank17       00000
__Hbank18                                bank18       00000
__Hbank19                                bank19       00000
__Hbank2                                 bank2        00000
__Hbank20                                bank20       00000
__Hbank21                                bank21       00000
__Hbank22                                bank22       00000
__Hbank23                                bank23       00000
__Hbank24                                bank24       00000
__Hbank25                                bank25       00000
__Hbank26                                bank26       00000
__Hbank27                                bank27       00000
__Hbank28                                bank28       00000
__Hbank29                                bank29       00000
__Hbank3                                 bank3        00000
__Hbank30                                bank30       00000
__Hbank31                                bank31       00000
__Hbank4                                 bank4        00000
__Hbank5                                 bank5        00000
__Hbank6                                 bank6        00000
__Hbank7                                 bank7        00000
__Hbank8                                 bank8        00000
__Hbank9                                 bank9        00000
__Hbigram                                bigram       00000
__HbssBANK0                              bssBANK0     00000
__HbssCOMMON                             bssCOMMON    00000
__Hcinit                                 cinit        00026
__Hclrtext                               clrtext      00000
__Hcode                                  code         00000
__Hcommon                                common       00000
__Hconfig                                config       08009
__HcstackBANK0                           cstackBANK0  00000
__HcstackCOMMON                          cstackCOMMON 00000
__Heeprom_data                           eeprom_data  00000
__Hend_init                              end_init     00015
__Hfunctab                               functab      00000
__Hidloc                                 idloc        00000
__Hinit                                  init         00013
__Hintentry                              intentry     00013
__Hmaintext                              maintext     00000
__Hpowerup                               powerup      00000
__Hram                                   ram          00000
__Hreset_vec                             reset_vec    00002
__Hsfr0                                  sfr0         00000
__Hsfr1                                  sfr1         00000
__Hsfr10                                 sfr10        00000
__Hsfr11                                 sfr11        00000
__Hsfr12                                 sfr12        00000
__Hsfr13                                 sfr13        00000
__Hsfr14                                 sfr14        00000
__Hsfr15                                 sfr15        00000
__Hsfr16                                 sfr16        00000
__Hsfr17                                 sfr17        00000
__Hsfr18                                 sfr18        00000
__Hsfr19                                 sfr19        00000
__Hsfr2                                  sfr2         00000
__Hsfr20                                 sfr20        00000
__Hsfr21                                 sfr21        00000
__Hsfr22                                 sfr22        00000
__Hsfr23                                 sfr23        00000
__Hsfr24                                 sfr24        00000
__Hsfr25                                 sfr25        00000
__Hsfr26                                 sfr26        00000
__Hsfr27                                 sfr27        00000
__Hsfr28                                 sfr28        00000
__Hsfr29                                 sfr29        00000
__Hsfr3                                  sfr3         00000
__Hsfr30                                 sfr30        00000
__Hsfr31                                 sfr31        00000
__Hsfr4                                  sfr4         00000
__Hsfr5                                  sfr5         00000
__Hsfr6                                  sfr6         00000
__Hsfr7                                  sfr7         00000
__Hsfr8                                  sfr8         00000
__Hsfr9                                  sfr9         00000
__Hspace_0                               (abs)        08009
__Hspace_1                               (abs)        0007C
__Hspace_2                               (abs)        00000
__Hspace_3                               (abs)        00000
__Hstack                                 stack        00000
__Hstrings                               strings      00000
__Hstringtext1                           stringtext1  00000
__Hstringtext2                           stringtext2  00000
__Hstringtext3                           stringtext3  00000
__Hstringtext4                           stringtext4  00000
__Htext                                  text         00000
__Labs1                                  abs1         00000
__Lbank0                                 bank0        00000
__Lbank1                                 bank1        00000
__Lbank10                                bank10       00000
__Lbank11                                bank11       00000
__Lbank12                                bank12       00000
__Lbank13                                bank13       00000
__Lbank14                                bank14       00000
__Lbank15                                bank15       00000
__Lbank16                                bank16       00000
__Lbank17                                bank17       00000
__Lbank18                                bank18       00000
__Lbank19                                bank19       00000
__Lbank2                                 bank2        00000
__Lbank20                                bank20       00000
__Lbank21                                bank21       00000
__Lbank22                                bank22       00000
__Lbank23                                bank23       00000
__Lbank24                                bank24       00000
__Lbank25                                bank25       00000
__Lbank26                                bank26       00000
__Lbank27                                bank27       00000
__Lbank28                                bank28       00000
__Lbank29                                bank29       00000
__Lbank3                                 bank3        00000
__Lbank30                                bank30       00000
__Lbank31                                bank31       00000
__Lbank4                                 bank4        00000
__Lbank5                                 bank5        00000
__Lbank6                                 bank6        00000
__Lbank7                                 bank7        00000
__Lbank8                                 bank8        00000
__Lbank9                                 bank9        00000
__Lbigram                                bigram       00000
__LbssBANK0                              bssBANK0     00000
__LbssCOMMON                             bssCOMMON    00000
__Lcinit                                 cinit        00015
__Lclrtext                               clrtext      00000
__Lcode                                  code         00000
__Lcommon                                common       00000
__Lconfig                                config       08007
__LcstackBANK0                           cstackBANK0  00000
__LcstackCOMMON                          cstackCOMMON 00000
__Leeprom_data                           eeprom_data  00000
__Lend_init                              end_init     00013
__Lfunctab                               functab      00000
__Lidloc                                 idloc        00000
__Linit                                  init         00013
__Lintentry                              intentry     00004
__Lmaintext                              maintext     00000
__Lpowerup                               powerup      00000
__Lram                                   ram          00000
__Lreset_vec                             reset_vec    00000
__Lsfr0                                  sfr0         00000
__Lsfr1                                  sfr1         00000
__Lsfr10                                 sfr10        00000
__Lsfr11                                 sfr11        00000
__Lsfr12                                 sfr12        00000
__Lsfr13                                 sfr13        00000
__Lsfr14                                 sfr14        00000
__Lsfr15                                 sfr15        00000
__Lsfr16                                 sfr16        00000
__Lsfr17                                 sfr17        00000
__Lsfr18                                 sfr18        00000
__Lsfr19                                 sfr19        00000
__Lsfr2                                  sfr2         00000
__Lsfr20                                 sfr20        00000
__Lsfr21                                 sfr21        00000
__Lsfr22                                 sfr22        00000
__Lsfr23                                 sfr23        00000
__Lsfr24                                 sfr24        00000
__Lsfr25                                 sfr25        00000
__Lsfr26                                 sfr26        00000
__Lsfr27                                 sfr27        00000
__Lsfr28                                 sfr28        00000
__Lsfr29                                 sfr29        00000
__Lsfr3                                  sfr3         00000
__Lsfr30                                 sfr30        00000
__Lsfr31                                 sfr31        00000
__Lsfr4                                  sfr4         00000
__Lsfr5                                  sfr5         00000
__Lsfr6                                  sfr6         00000
__Lsfr7                                  sfr7         00000
__Lsfr8                                  sfr8         00000
__Lsfr9                                  sfr9         00000
__Lspace_0                               (abs)        00000
__Lspace_1                               (abs)        00000
__Lspace_2                               (abs)        00000
__Lspace_3                               (abs)        00000
__Lstack                                 stack        00000
__Lstrings                               strings      00000
__Lstringtext1                           stringtext1  00000
__Lstringtext2                           stringtext2  00000
__Lstringtext3                           stringtext3  00000
__Lstringtext4                           stringtext4  00000
__Ltext                                  text         00000
__S0                                     (abs)        08009
__S1                                     (abs)        0007C
__S2                                     (abs)        00000
__S3                                     (abs)        00000
___awdiv                                 text21       00293
___awdiv@counter                         cstackCOMMON 00077
___awdiv@dividend                        cstackCOMMON 00074
___awdiv@divisor                         cstackCOMMON 00072
___awdiv@quotient                        cstackCOMMON 00079
___awdiv@sign                            cstackCOMMON 00078
___bmul                                  text27       0059A
___bmul@multiplicand                     cstackCOMMON 00072
___bmul@multiplier                       cstackCOMMON 00075
___bmul@product                          cstackCOMMON 00074
___int_sp                                stack        00000
___latbits                               (abs)        00002
___lwdiv                                 text5        003AE
___lwdiv@counter                         cstackCOMMON 00079
___lwdiv@dividend                        cstackCOMMON 00074
___lwdiv@divisor                         cstackCOMMON 00072
___lwdiv@quotient                        cstackCOMMON 00077
___lwmod                                 text4        0043E
___lwmod@counter                         cstackBANK0  00024
___lwmod@dividend                        cstackBANK0  00022
___lwmod@divisor                         cstackBANK0  00020
___sp                                    stack        00000
___wmul                                  text3        0053F
___wmul@multiplicand                     cstackCOMMON 00074
___wmul@multiplier                       cstackCOMMON 00072
___wmul@product                          cstackCOMMON 00076
__end_ofTextLCD_Puts@DDRAM_Start_Address stringtext2  00574
__end_of_EXT_INT_Initialize              text16       00607
__end_of_I2C_Init                        text23       005E4
__end_of_I2C_Read                        text32       004E8
__end_of_I2C_Start                       text31       005C9
__end_of_I2C_Stop                        text30       00647
__end_of_I2C_Wait                        text33       0062D
__end_of_I2C_Write                       text29       0063B
__end_of_INTERRUPT_InterruptManager      intentry     00013
__end_of_INT_CallBack                    text36       00612
__end_of_INT_DefaultInterruptHandler     text37       0064C
__end_of_INT_ISR                         text35       004AC
__end_of_INT_SetInterruptHandler         text17       00641
__end_of_OSCILLATOR_Initialize           text15       00634
__end_of_PIN_MANAGER_Initialize          text14       00522
__end_of_RTC_Get_Date                    text25       0043E
__end_of_RTC_Get_Time                    text24       0048D
__end_of_RTC_Init                        text18       003AE
__end_of_RTC_Read                        text28       004CA
__end_of_RTC_Set_DateTime                text19       00293
__end_of_RTC_Write                       text22       00570
__end_of_SYSTEM_Initialize               text12       005FC
__end_of_TextLCD_4Bits_Write             text11       00505
__end_of_TextLCD_CMD                     text9        0059A
__end_of_TextLCD_Enable                  text10       005F0
__end_of_TextLCD_Init                    text8        00377
__end_of_TextLCD_PutChar                 text7        00625
__end_of_TextLCD_Puts                    text6        0032F
__end_of_WDT_Initialize                  text13       0064B
__end_of___awdiv                         text21       002E4
__end_of___bmul                          text27       005AB
__end_of___lwdiv                         text5        003E2
__end_of___lwmod                         text4        0046B
__end_of___wmul                          text3        0055A
__end_of__initialization                 cinit        00022
__end_of_bcd2int                         text26       0053F
__end_of_dpowers                         stringtext1  0061C
__end_of_int2bcd                         text20       00410
__end_of_isdigit                         text2        005D7
__end_of_main                            maintext     0022E
__end_of_sprintf                         text1        001AB
__initialization                         cinit        00015
__pbssBANK0                              bssBANK0     00060
__pbssCOMMON                             bssCOMMON    0007B
__pcstackBANK0                           cstackBANK0  00020
__pcstackCOMMON                          cstackCOMMON 00070
__pintentry                              intentry     00004
__pmaintext                              maintext     001AB
__pstringtext1                           stringtext1  00612
__pstringtext2                           stringtext2  00570
__pstringtext3                           stringtext3  005AB
__pstringtext4                           stringtext4  00000
__ptext1                                 text1        00026
__ptext10                                text10       005E4
__ptext11                                text11       004E8
__ptext12                                text12       005F0
__ptext13                                text13       00647
__ptext14                                text14       00505
__ptext15                                text15       0062D
__ptext16                                text16       005FC
__ptext17                                text17       0063B
__ptext18                                text18       00377
__ptext19                                text19       0022E
__ptext2                                 text2        005C9
__ptext20                                text20       003E2
__ptext21                                text21       00293
__ptext22                                text22       0055A
__ptext23                                text23       005D7
__ptext24                                text24       0046B
__ptext25                                text25       00410
__ptext26                                text26       00522
__ptext27                                text27       0059A
__ptext28                                text28       004AC
__ptext29                                text29       00634
__ptext3                                 text3        0053F
__ptext30                                text30       00641
__ptext31                                text31       005BA
__ptext32                                text32       004CA
__ptext33                                text33       00625
__ptext35                                text35       0048D
__ptext36                                text36       00607
__ptext37                                text37       0064B
__ptext4                                 text4        0043E
__ptext5                                 text5        003AE
__ptext6                                 text6        002E4
__ptext7                                 text7        0061C
__ptext8                                 text8        0032F
__ptext9                                 text9        00585
__size_of_EXT_INT_Initialize             (abs)        00000
__size_of_I2C_Init                       (abs)        00000
__size_of_I2C_Read                       (abs)        00000
__size_of_I2C_Start                      (abs)        00000
__size_of_I2C_Stop                       (abs)        00000
__size_of_I2C_Wait                       (abs)        00000
__size_of_I2C_Write                      (abs)        00000
__size_of_INTERRUPT_InterruptManager     (abs)        00000
__size_of_INT_CallBack                   (abs)        00000
__size_of_INT_DefaultInterruptHandler    (abs)        00000
__size_of_INT_ISR                        (abs)        00000
__size_of_INT_SetInterruptHandler        (abs)        00000
__size_of_OSCILLATOR_Initialize          (abs)        00000
__size_of_PIN_MANAGER_Initialize         (abs)        00000
__size_of_RTC_Get_Date                   (abs)        00000
__size_of_RTC_Get_Time                   (abs)        00000
__size_of_RTC_Init                       (abs)        00000
__size_of_RTC_Read                       (abs)        00000
__size_of_RTC_Set_DateTime               (abs)        00000
__size_of_RTC_Write                      (abs)        00000
__size_of_SYSTEM_Initialize              (abs)        00000
__size_of_TextLCD_4Bits_Write            (abs)        00000
__size_of_TextLCD_CMD                    (abs)        00000
__size_of_TextLCD_Enable                 (abs)        00000
__size_of_TextLCD_Init                   (abs)        00000
__size_of_TextLCD_PutChar                (abs)        00000
__size_of_TextLCD_Puts                   (abs)        00000
__size_of_WDT_Initialize                 (abs)        00000
__size_of___awdiv                        (abs)        00000
__size_of___bmul                         (abs)        00000
__size_of___lwdiv                        (abs)        00000
__size_of___lwmod                        (abs)        00000
__size_of___wmul                         (abs)        00000
__size_of_bcd2int                        (abs)        00000
__size_of_int2bcd                        (abs)        00000
__size_of_isdigit                        (abs)        00000
__size_of_main                           (abs)        00000
__size_of_sprintf                        (abs)        00000
_bcd2int                                 text26       00522
_date_time                               bssBANK0     00060
_dpowers                                 stringtext1  00612
_int2bcd                                 text20       003E2
_isdigit                                 text2        005C9
_isdigit$681                             cstackCOMMON 00072
_main                                    maintext     001AB
_restart                                 bssCOMMON    0007B
_rtc_flag                                bssBANK0     0006A
_sprintf                                 text1        00026
bcd2int@data                             cstackCOMMON 0007A
bcd2int@i                                cstackCOMMON 00079
btemp                                    (abs)        0007E
end_of_initialization                    cinit        00022
int$flags                                (abs)        0007E
int2bcd@data                             cstackBANK0  00024
int2bcd@nibh                             cstackBANK0  00025
int2bcd@nibl                             cstackBANK0  00023
intlevel0                                functab      00000
intlevel1                                functab      00000
intlevel2                                functab      00000
intlevel3                                functab      00000
intlevel4                                functab      00000
intlevel5                                functab      00000
isdigit@c                                cstackCOMMON 00073
main@string                              cstackBANK0  00040
reset_vec                                reset_vec    00000
sprintf@ap                               cstackBANK0  00031
sprintf@c                                cstackBANK0  00039
sprintf@f                                cstackBANK0  00025
sprintf@flag                             cstackBANK0  00035
sprintf@prec                             cstackBANK0  00032
sprintf@sp                               cstackBANK0  00038
sprintf@val                              cstackBANK0  00033
sprintf@width                            cstackBANK0  00036
stackhi                                  (abs)        021EF
stacklo                                  (abs)        0204B
start                                    init         00013
start_initialization                     cinit        00015
wtemp0                                   (abs)        0007E


FUNCTION INFORMATION:

 *************** function _main *****************
 Defined at:
		line 5 in file "main.c"
 Parameters:    Size  Location     Type
		None
 Auto vars:     Size  Location     Type
  string         32   32[BANK0 ] unsigned char [32]
 Return value:  Size  Location     Type
                  1    wreg      void 
 Registers used:
		wreg, fsr0l, fsr0h, fsr1l, fsr1h, status,2, status,0, pclath, cstack
 Tracked objects:
		On entry : 
		On exit  : 
		Unchanged: 
 Data sizes:     COMMON   BANK0   BANK1   BANK2   BANK3   BANK4   BANK5   BANK6
      Params:         0       0       0       0       0       0       0       0
      Locals:         0      32       0       0       0       0       0       0
      Temps:          0       6       0       0       0       0       0       0
      Totals:         0      38       0       0       0       0       0       0
Total ram usage:       38 bytes
 Hardware stack levels required when called:    9
 This function calls:
		_RTC_Get_Date
		_RTC_Get_Time
		_RTC_Init
		_SYSTEM_Initialize
		_TextLCD_Init
		_TextLCD_Puts
		_sprintf
 This function is called by:
		Startup code after reset
 This function uses a non-reentrant model


 *************** function _sprintf *****************
 Defined at:
		line 492 in file "C:\Program Files (x86)\Microchip\xc8\v1.44\sources\common\doprnt.c"
 Parameters:    Size  Location     Type
  sp              1    wreg     PTR unsigned char 
		 -> main@string(32), 
  f               2    5[BANK0 ] PTR const unsigned char 
		 -> STR_2(15), STR_1(17), 
 Auto vars:     Size  Location     Type
  sp              1   24[BANK0 ] PTR unsigned char 
		 -> main@string(32), 
  tmpval          4    0        struct .
  width           2   22[BANK0 ] int 
  val             2   19[BANK0 ] unsigned int 
  cp              2    0        PTR const unsigned char 
  len             2    0        unsigned int 
  c               1   25[BANK0 ] char 
  flag            1   21[BANK0 ] unsigned char 
  prec            1   18[BANK0 ] char 
  ap              1   17[BANK0 ] PTR void [1]
		 -> ?_sprintf(2), 
 Return value:  Size  Location     Type
                  2    5[BANK0 ] int 
 Registers used:
		wreg, fsr0l, fsr0h, fsr1l, fsr1h, status,2, status,0, pclath, cstack
 Tracked objects:
		On entry : 
		On exit  : 
		Unchanged: 
 Data sizes:     COMMON   BANK0   BANK1   BANK2   BANK3   BANK4   BANK5   BANK6
      Params:         0       8       0       0       0       0       0       0
      Locals:         0       9       0       0       0       0       0       0
      Temps:          0       4       0       0       0       0       0       0
      Totals:         0      21       0       0       0       0       0       0
Total ram usage:       21 bytes
 Hardware stack levels used:    1
 Hardware stack levels required when called:    5
 This function calls:
		___lwdiv
		___lwmod
		___wmul
		_isdigit
 This function is called by:
		_main
 This function uses a non-reentrant model


 *************** function _isdigit *****************
 Defined at:
		line 8 in file "C:\Program Files (x86)\Microchip\xc8\v1.44\sources\common\isdigit.c"
 Parameters:    Size  Location     Type
  c               1    wreg     unsigned char 
 Auto vars:     Size  Location     Type
  c               1    3[COMMON] unsigned char 
 Return value:  Size  Location     Type
		None               void
 Registers used:
		wreg, status,2, status,0
 Tracked objects:
		On entry : 
		On exit  : 
		Unchanged: 
 Data sizes:     COMMON   BANK0   BANK1   BANK2   BANK3   BANK4   BANK5   BANK6
      Params:         0       0       0       0       0       0       0       0
      Locals:         2       0       0       0       0       0       0       0
      Temps:          0       0       0       0       0       0       0       0
      Totals:         2       0       0       0       0       0       0       0
Total ram usage:        2 bytes
 Hardware stack levels used:    1
 Hardware stack levels required when called:    4
 This function calls:
		Nothing
 This function is called by:
		_sprintf
 This function uses a non-reentrant model


 *************** function ___wmul *****************
 Defined at:
		line 15 in file "C:\Program Files (x86)\Microchip\xc8\v1.44\sources\common\Umul16.c"
 Parameters:    Size  Location     Type
  multiplier      2    2[COMMON] unsigned int 
  multiplicand    2    4[COMMON] unsigned int 
 Auto vars:     Size  Location     Type
  product         2    6[COMMON] unsigned int 
 Return value:  Size  Location     Type
                  2    2[COMMON] unsigned int 
 Registers used:
		wreg, status,2, status,0
 Tracked objects:
		On entry : 
		On exit  : 
		Unchanged: 
 Data sizes:     COMMON   BANK0   BANK1   BANK2   BANK3   BANK4   BANK5   BANK6
      Params:         4       0       0       0       0       0       0       0
      Locals:         2       0       0       0       0       0       0       0
      Temps:          0       0       0       0       0       0       0       0
      Totals:         6       0       0       0       0       0       0       0
Total ram usage:        6 bytes
 Hardware stack levels used:    1
 Hardware stack levels required when called:    4
 This function calls:
		Nothing
 This function is called by:
		_sprintf
 This function uses a non-reentrant model


 *************** function ___lwmod *****************
 Defined at:
		line 6 in file "C:\Program Files (x86)\Microchip\xc8\v1.44\sources\common\lwmod.c"
 Parameters:    Size  Location     Type
  divisor         2    0[BANK0 ] unsigned int 
  dividend        2    2[BANK0 ] unsigned int 
 Auto vars:     Size  Location     Type
  counter         1    4[BANK0 ] unsigned char 
 Return value:  Size  Location     Type
                  2    0[BANK0 ] unsigned int 
 Registers used:
		wreg, status,2, status,0
 Tracked objects:
		On entry : 
		On exit  : 
		Unchanged: 
 Data sizes:     COMMON   BANK0   BANK1   BANK2   BANK3   BANK4   BANK5   BANK6
      Params:         0       4       0       0       0       0       0       0
      Locals:         0       1       0       0       0       0       0       0
      Temps:          1       0       0       0       0       0       0       0
      Totals:         1       5       0       0       0       0       0       0
Total ram usage:        6 bytes
 Hardware stack levels used:    1
 Hardware stack levels required when called:    4
 This function calls:
		Nothing
 This function is called by:
		_sprintf
 This function uses a non-reentrant model


 *************** function ___lwdiv *****************
 Defined at:
		line 6 in file "C:\Program Files (x86)\Microchip\xc8\v1.44\sources\common\lwdiv.c"
 Parameters:    Size  Location     Type
  divisor         2    2[COMMON] unsigned int 
  dividend        2    4[COMMON] unsigned int 
 Auto vars:     Size  Location     Type
  quotient        2    7[COMMON] unsigned int 
  counter         1    9[COMMON] unsigned char 
 Return value:  Size  Location     Type
                  2    2[COMMON] unsigned int 
 Registers used:
		wreg, status,2, status,0
 Tracked objects:
		On entry : 
		On exit  : 
		Unchanged: 
 Data sizes:     COMMON   BANK0   BANK1   BANK2   BANK3   BANK4   BANK5   BANK6
      Params:         4       0       0       0       0       0       0       0
      Locals:         3       0       0       0       0       0       0       0
      Temps:          1       0       0       0       0       0       0       0
      Totals:         8       0       0       0       0       0       0       0
Total ram usage:        8 bytes
 Hardware stack levels used:    1
 Hardware stack levels required when called:    4
 This function calls:
		Nothing
 This function is called by:
		_sprintf
 This function uses a non-reentrant model


 *************** function _TextLCD_Puts *****************
 Defined at:
		line 38 in file "TextLCD.c"
 Parameters:    Size  Location     Type
  line            1    wreg     unsigned char 
  idx             1    6[COMMON] unsigned char 
  data            1    7[COMMON] PTR unsigned char 
		 -> main@string(32), 
  length_or_ty    1    8[COMMON] unsigned char 
 Auto vars:     Size  Location     Type
  line            1    0[BANK0 ] unsigned char 
  address         1    1[BANK0 ] unsigned char 
 Return value:  Size  Location     Type
                  1    wreg      void 
 Registers used:
		wreg, fsr0l, fsr0h, fsr1l, fsr1h, status,2, status,0, pclath, cstack
 Tracked objects:
		On entry : 
		On exit  : 
		Unchanged: 
 Data sizes:     COMMON   BANK0   BANK1   BANK2   BANK3   BANK4   BANK5   BANK6
      Params:         3       0       0       0       0       0       0       0
      Locals:         0       2       0       0       0       0       0       0
      Temps:          1       0       0       0       0       0       0       0
      Totals:         4       2       0       0       0       0       0       0
Total ram usage:        6 bytes
 Hardware stack levels used:    1
 Hardware stack levels required when called:    7
 This function calls:
		_TextLCD_CMD
		_TextLCD_PutChar
 This function is called by:
		_main
 This function uses a non-reentrant model


 *************** function _TextLCD_PutChar *****************
 Defined at:
		line 31 in file "TextLCD.c"
 Parameters:    Size  Location     Type
  data            1    wreg     unsigned char 
 Auto vars:     Size  Location     Type
  data            1    5[COMMON] unsigned char 
 Return value:  Size  Location     Type
                  1    wreg      void 
 Registers used:
		wreg, status,2, status,0, pclath, cstack
 Tracked objects:
		On entry : 
		On exit  : 
		Unchanged: 
 Data sizes:     COMMON   BANK0   BANK1   BANK2   BANK3   BANK4   BANK5   BANK6
      Params:         0       0       0       0       0       0       0       0
      Locals:         1       0       0       0       0       0       0       0
      Temps:          0       0       0       0       0       0       0       0
      Totals:         1       0       0       0       0       0       0       0
Total ram usage:        1 bytes
 Hardware stack levels used:    1
 Hardware stack levels required when called:    6
 This function calls:
		_TextLCD_CMD
 This function is called by:
		_TextLCD_Puts
 This function uses a non-reentrant model


 *************** function _TextLCD_Init *****************
 Defined at:
		line 56 in file "TextLCD.c"
 Parameters:    Size  Location     Type
		None
 Auto vars:     Size  Location     Type
		None
 Return value:  Size  Location     Type
                  1    wreg      void 
 Registers used:
		wreg, status,2, status,0, pclath, cstack
 Tracked objects:
		On entry : 
		On exit  : 
		Unchanged: 
 Data sizes:     COMMON   BANK0   BANK1   BANK2   BANK3   BANK4   BANK5   BANK6
      Params:         0       0       0       0       0       0       0       0
      Locals:         0       0       0       0       0       0       0       0
      Temps:          2       0       0       0       0       0       0       0
      Totals:         2       0       0       0       0       0       0       0
Total ram usage:        2 bytes
 Hardware stack levels used:    1
 Hardware stack levels required when called:    6
 This function calls:
		_TextLCD_4Bits_Write
		_TextLCD_CMD
		_TextLCD_Enable
 This function is called by:
		_main
 This function uses a non-reentrant model


 *************** function _TextLCD_CMD *****************
 Defined at:
		line 23 in file "TextLCD.c"
 Parameters:    Size  Location     Type
  cmd             1    wreg     unsigned char 
 Auto vars:     Size  Location     Type
  cmd             1    4[COMMON] unsigned char 
 Return value:  Size  Location     Type
                  1    wreg      void 
 Registers used:
		wreg, status,2, status,0, pclath, cstack
 Tracked objects:
		On entry : 
		On exit  : 
		Unchanged: 
 Data sizes:     COMMON   BANK0   BANK1   BANK2   BANK3   BANK4   BANK5   BANK6
      Params:         0       0       0       0       0       0       0       0
      Locals:         1       0       0       0       0       0       0       0
      Temps:          1       0       0       0       0       0       0       0
      Totals:         2       0       0       0       0       0       0       0
Total ram usage:        2 bytes
 Hardware stack levels used:    1
 Hardware stack levels required when called:    5
 This function calls:
		_TextLCD_4Bits_Write
		_TextLCD_Enable
 This function is called by:
		_TextLCD_PutChar
		_TextLCD_Puts
		_TextLCD_Init
		_TextLCD_Clear
 This function uses a non-reentrant model


 *************** function _TextLCD_Enable *****************
 Defined at:
		line 15 in file "TextLCD.c"
 Parameters:    Size  Location     Type
		None
 Auto vars:     Size  Location     Type
		None
 Return value:  Size  Location     Type
                  1    wreg      void 
 Registers used:
		wreg
 Tracked objects:
		On entry : 
		On exit  : 
		Unchanged: 
 Data sizes:     COMMON   BANK0   BANK1   BANK2   BANK3   BANK4   BANK5   BANK6
      Params:         0       0       0       0       0       0       0       0
      Locals:         0       0       0       0       0       0       0       0
      Temps:          0       0       0       0       0       0       0       0
      Totals:         0       0       0       0       0       0       0       0
Total ram usage:        0 bytes
 Hardware stack levels used:    1
 Hardware stack levels required when called:    4
 This function calls:
		Nothing
 This function is called by:
		_TextLCD_CMD
		_TextLCD_Init
 This function uses a non-reentrant model


 *************** function _TextLCD_4Bits_Write *****************
 Defined at:
		line 4 in file "TextLCD.c"
 Parameters:    Size  Location     Type
  nib             1    wreg     unsigned char 
 Auto vars:     Size  Location     Type
  nib             1    2[COMMON] unsigned char 
 Return value:  Size  Location     Type
                  1    wreg      void 
 Registers used:
		wreg, status,0
 Tracked objects:
		On entry : 
		On exit  : 
		Unchanged: 
 Data sizes:     COMMON   BANK0   BANK1   BANK2   BANK3   BANK4   BANK5   BANK6
      Params:         0       0       0       0       0       0       0       0
      Locals:         1       0       0       0       0       0       0       0
      Temps:          0       0       0       0       0       0       0       0
      Totals:         1       0       0       0       0       0       0       0
Total ram usage:        1 bytes
 Hardware stack levels used:    1
 Hardware stack levels required when called:    4
 This function calls:
		Nothing
 This function is called by:
		_TextLCD_CMD
		_TextLCD_Init
 This function uses a non-reentrant model


 *************** function _SYSTEM_Initialize *****************
 Defined at:
		line 70 in file "mcc_generated_files/mcc.c"
 Parameters:    Size  Location     Type
		None
 Auto vars:     Size  Location     Type
		None
 Return value:  Size  Location     Type
                  1    wreg      void 
 Registers used:
		wreg, status,2, status,0, pclath, cstack
 Tracked objects:
		On entry : 
		On exit  : 
		Unchanged: 
 Data sizes:     COMMON   BANK0   BANK1   BANK2   BANK3   BANK4   BANK5   BANK6
      Params:         0       0       0       0       0       0       0       0
      Locals:         0       0       0       0       0       0       0       0
      Temps:          0       0       0       0       0       0       0       0
      Totals:         0       0       0       0       0       0       0       0
Total ram usage:        0 bytes
 Hardware stack levels used:    1
 Hardware stack levels required when called:    6
 This function calls:
		_EXT_INT_Initialize
		_OSCILLATOR_Initialize
		_PIN_MANAGER_Initialize
		_WDT_Initialize
 This function is called by:
		_main
 This function uses a non-reentrant model


 *************** function _WDT_Initialize *****************
 Defined at:
		line 91 in file "mcc_generated_files/mcc.c"
 Parameters:    Size  Location     Type
		None
 Auto vars:     Size  Location     Type
		None
 Return value:  Size  Location     Type
                  1    wreg      void 
 Registers used:
		wreg
 Tracked objects:
		On entry : 
		On exit  : 
		Unchanged: 
 Data sizes:     COMMON   BANK0   BANK1   BANK2   BANK3   BANK4   BANK5   BANK6
      Params:         0       0       0       0       0       0       0       0
      Locals:         0       0       0       0       0       0       0       0
      Temps:          0       0       0       0       0       0       0       0
      Totals:         0       0       0       0       0       0       0       0
Total ram usage:        0 bytes
 Hardware stack levels used:    1
 Hardware stack levels required when called:    4
 This function calls:
		Nothing
 This function is called by:
		_SYSTEM_Initialize
 This function uses a non-reentrant model


 *************** function _PIN_MANAGER_Initialize *****************
 Defined at:
		line 52 in file "mcc_generated_files/pin_manager.c"
 Parameters:    Size  Location     Type
		None
 Auto vars:     Size  Location     Type
		None
 Return value:  Size  Location     Type
                  1    wreg      void 
 Registers used:
		wreg, status,2
 Tracked objects:
		On entry : 
		On exit  : 
		Unchanged: 
 Data sizes:     COMMON   BANK0   BANK1   BANK2   BANK3   BANK4   BANK5   BANK6
      Params:         0       0       0       0       0       0       0       0
      Locals:         0       0       0       0       0       0       0       0
      Temps:          0       0       0       0       0       0       0       0
      Totals:         0       0       0       0       0       0       0       0
Total ram usage:        0 bytes
 Hardware stack levels used:    1
 Hardware stack levels required when called:    4
 This function calls:
		Nothing
 This function is called by:
		_SYSTEM_Initialize
 This function uses a non-reentrant model


 *************** function _OSCILLATOR_Initialize *****************
 Defined at:
		line 79 in file "mcc_generated_files/mcc.c"
 Parameters:    Size  Location     Type
		None
 Auto vars:     Size  Location     Type
		None
 Return value:  Size  Location     Type
                  1    wreg      void 
 Registers used:
		wreg, status,2
 Tracked objects:
		On entry : 
		On exit  : 
		Unchanged: 
 Data sizes:     COMMON   BANK0   BANK1   BANK2   BANK3   BANK4   BANK5   BANK6
      Params:         0       0       0       0       0       0       0       0
      Locals:         0       0       0       0       0       0       0       0
      Temps:          0       0       0       0       0       0       0       0
      Totals:         0       0       0       0       0       0       0       0
Total ram usage:        0 bytes
 Hardware stack levels used:    1
 Hardware stack levels required when called:    4
 This function calls:
		Nothing
 This function is called by:
		_SYSTEM_Initialize
 This function uses a non-reentrant model


 *************** function _EXT_INT_Initialize *****************
 Defined at:
		line 94 in file "mcc_generated_files/ext_int.c"
 Parameters:    Size  Location     Type
		None
 Auto vars:     Size  Location     Type
		None
 Return value:  Size  Location     Type
                  1    wreg      void 
 Registers used:
		wreg, status,2, status,0, pclath, cstack
 Tracked objects:
		On entry : 
		On exit  : 
		Unchanged: 
 Data sizes:     COMMON   BANK0   BANK1   BANK2   BANK3   BANK4   BANK5   BANK6
      Params:         0       0       0       0       0       0       0       0
      Locals:         0       0       0       0       0       0       0       0
      Temps:          0       0       0       0       0       0       0       0
      Totals:         0       0       0       0       0       0       0       0
Total ram usage:        0 bytes
 Hardware stack levels used:    1
 Hardware stack levels required when called:    5
 This function calls:
		_INT_SetInterruptHandler
 This function is called by:
		_SYSTEM_Initialize
 This function uses a non-reentrant model


 *************** function _INT_SetInterruptHandler *****************
 Defined at:
		line 74 in file "mcc_generated_files/ext_int.c"
 Parameters:    Size  Location     Type
  InterruptHan    2    2[COMMON] PTR FTN()void 
		 -> INT_DefaultInterruptHandler(1), 
 Auto vars:     Size  Location     Type
		None
 Return value:  Size  Location     Type
                  1    wreg      void 
 Registers used:
		wreg
 Tracked objects:
		On entry : 
		On exit  : 
		Unchanged: 
 Data sizes:     COMMON   BANK0   BANK1   BANK2   BANK3   BANK4   BANK5   BANK6
      Params:         2       0       0       0       0       0       0       0
      Locals:         0       0       0       0       0       0       0       0
      Temps:          0       0       0       0       0       0       0       0
      Totals:         2       0       0       0       0       0       0       0
Total ram usage:        2 bytes
 Hardware stack levels used:    1
 Hardware stack levels required when called:    4
 This function calls:
		Nothing
 This function is called by:
		_EXT_INT_Initialize
 This function uses a non-reentrant model


 *************** function _RTC_Init *****************
 Defined at:
		line 67 in file "mcp7941x.c"
 Parameters:    Size  Location     Type
  trim            1    wreg     char 
 Auto vars:     Size  Location     Type
  trim            1   20[BANK0 ] char 
 Return value:  Size  Location     Type
                  1    wreg      void 
 Registers used:
		wreg, status,2, status,0, pclath, cstack
 Tracked objects:
		On entry : 
		On exit  : 
		Unchanged: 
 Data sizes:     COMMON   BANK0   BANK1   BANK2   BANK3   BANK4   BANK5   BANK6
      Params:         0       0       0       0       0       0       0       0
      Locals:         0       1       0       0       0       0       0       0
      Temps:          0       2       0       0       0       0       0       0
      Totals:         0       3       0       0       0       0       0       0
Total ram usage:        3 bytes
 Hardware stack levels used:    1
 Hardware stack levels required when called:    8
 This function calls:
		_I2C_Init
		_RTC_Read
		_RTC_Set_DateTime
		_RTC_Write
 This function is called by:
		_main
 This function uses a non-reentrant model


 *************** function _RTC_Set_DateTime *****************
 Defined at:
		line 40 in file "mcp7941x.c"
 Parameters:    Size  Location     Type
  day             1    wreg     unsigned char 
  mth             1    8[BANK0 ] unsigned char 
  year            1    9[BANK0 ] unsigned char 
  dow             1   10[BANK0 ] unsigned char 
  hour            1   11[BANK0 ] unsigned char 
  min             1   12[BANK0 ] unsigned char 
  sec             1   13[BANK0 ] unsigned char 
  leap            1   14[BANK0 ] unsigned char 
 Auto vars:     Size  Location     Type
  day             1   17[BANK0 ] unsigned char 
 Return value:  Size  Location     Type
                  1    wreg      void 
 Registers used:
		wreg, status,2, status,0, pclath, cstack
 Tracked objects:
		On entry : 
		On exit  : 
		Unchanged: 
 Data sizes:     COMMON   BANK0   BANK1   BANK2   BANK3   BANK4   BANK5   BANK6
      Params:         0       7       0       0       0       0       0       0
      Locals:         0       1       0       0       0       0       0       0
      Temps:          0       2       0       0       0       0       0       0
      Totals:         0      10       0       0       0       0       0       0
Total ram usage:       10 bytes
 Hardware stack levels used:    1
 Hardware stack levels required when called:    7
 This function calls:
		_RTC_Write
		_int2bcd
 This function is called by:
		_RTC_Init
 This function uses a non-reentrant model


 *************** function _int2bcd *****************
 Defined at:
		line 25 in file "mcp7941x.c"
 Parameters:    Size  Location     Type
  data            1    wreg     unsigned char 
 Auto vars:     Size  Location     Type
  data            1    4[BANK0 ] unsigned char 
  nibh            1    5[BANK0 ] unsigned char 
  nibl            1    3[BANK0 ] unsigned char 
 Return value:  Size  Location     Type
                  1    wreg      unsigned char 
 Registers used:
		wreg, status,2, status,0, pclath, cstack
 Tracked objects:
		On entry : 
		On exit  : 
		Unchanged: 
 Data sizes:     COMMON   BANK0   BANK1   BANK2   BANK3   BANK4   BANK5   BANK6
      Params:         0       0       0       0       0       0       0       0
      Locals:         0       3       0       0       0       0       0       0
      Temps:          0       3       0       0       0       0       0       0
      Totals:         0       6       0       0       0       0       0       0
Total ram usage:        6 bytes
 Hardware stack levels used:    1
 Hardware stack levels required when called:    5
 This function calls:
		___awdiv
		___bmul
 This function is called by:
		_RTC_Set_DateTime
 This function uses a non-reentrant model


 *************** function ___awdiv *****************
 Defined at:
		line 6 in file "C:\Program Files (x86)\Microchip\xc8\v1.44\sources\common\awdiv.c"
 Parameters:    Size  Location     Type
  divisor         2    2[COMMON] int 
  dividend        2    4[COMMON] int 
 Auto vars:     Size  Location     Type
  quotient        2    9[COMMON] int 
  sign            1    8[COMMON] unsigned char 
  counter         1    7[COMMON] unsigned char 
 Return value:  Size  Location     Type
                  2    2[COMMON] int 
 Registers used:
		wreg, status,2, status,0
 Tracked objects:
		On entry : 
		On exit  : 
		Unchanged: 
 Data sizes:     COMMON   BANK0   BANK1   BANK2   BANK3   BANK4   BANK5   BANK6
      Params:         4       0       0       0       0       0       0       0
      Locals:         4       0       0       0       0       0       0       0
      Temps:          1       0       0       0       0       0       0       0
      Totals:         9       0       0       0       0       0       0       0
Total ram usage:        9 bytes
 Hardware stack levels used:    1
 Hardware stack levels required when called:    4
 This function calls:
		Nothing
 This function is called by:
		_int2bcd
 This function uses a non-reentrant model


 *************** function _RTC_Write *****************
 Defined at:
		line 4 in file "mcp7941x.c"
 Parameters:    Size  Location     Type
  address         1    wreg     unsigned char 
  data            1    6[BANK0 ] unsigned char 
 Auto vars:     Size  Location     Type
  address         1    7[BANK0 ] unsigned char 
 Return value:  Size  Location     Type
                  1    wreg      void 
 Registers used:
		wreg, status,2, status,0, pclath, cstack
 Tracked objects:
		On entry : 
		On exit  : 
		Unchanged: 
 Data sizes:     COMMON   BANK0   BANK1   BANK2   BANK3   BANK4   BANK5   BANK6
      Params:         0       1       0       0       0       0       0       0
      Locals:         0       1       0       0       0       0       0       0
      Temps:          0       0       0       0       0       0       0       0
      Totals:         0       2       0       0       0       0       0       0
Total ram usage:        2 bytes
 Hardware stack levels used:    1
 Hardware stack levels required when called:    6
 This function calls:
		_I2C_Start
		_I2C_Stop
		_I2C_Write
 This function is called by:
		_RTC_Set_DateTime
		_RTC_Init
 This function uses a non-reentrant model


 *************** function _I2C_Init *****************
 Defined at:
		line 52 in file "MSSP_I2C_Master.c"
 Parameters:    Size  Location     Type
		None
 Auto vars:     Size  Location     Type
		None
 Return value:  Size  Location     Type
                  1    wreg      void 
 Registers used:
		wreg, status,2
 Tracked objects:
		On entry : 
		On exit  : 
		Unchanged: 
 Data sizes:     COMMON   BANK0   BANK1   BANK2   BANK3   BANK4   BANK5   BANK6
      Params:         0       0       0       0       0       0       0       0
      Locals:         0       0       0       0       0       0       0       0
      Temps:          0       0       0       0       0       0       0       0
      Totals:         0       0       0       0       0       0       0       0
Total ram usage:        0 bytes
 Hardware stack levels used:    1
 Hardware stack levels required when called:    4
 This function calls:
		Nothing
 This function is called by:
		_RTC_Init
 This function uses a non-reentrant model


 *************** function _RTC_Get_Time *****************
 Defined at:
		line 60 in file "mcp7941x.c"
 Parameters:    Size  Location     Type
		None
 Auto vars:     Size  Location     Type
		None
 Return value:  Size  Location     Type
                  1    wreg      void 
 Registers used:
		wreg, status,2, status,0, pclath, cstack
 Tracked objects:
		On entry : 
		On exit  : 
		Unchanged: 
 Data sizes:     COMMON   BANK0   BANK1   BANK2   BANK3   BANK4   BANK5   BANK6
      Params:         0       0       0       0       0       0       0       0
      Locals:         0       0       0       0       0       0       0       0
      Temps:          0       1       0       0       0       0       0       0
      Totals:         0       1       0       0       0       0       0       0
Total ram usage:        1 bytes
 Hardware stack levels used:    1
 Hardware stack levels required when called:    7
 This function calls:
		_RTC_Read
		_bcd2int
 This function is called by:
		_main
 This function uses a non-reentrant model


 *************** function _RTC_Get_Date *****************
 Defined at:
		line 52 in file "mcp7941x.c"
 Parameters:    Size  Location     Type
		None
 Auto vars:     Size  Location     Type
		None
 Return value:  Size  Location     Type
                  1    wreg      void 
 Registers used:
		wreg, status,2, status,0, pclath, cstack
 Tracked objects:
		On entry : 
		On exit  : 
		Unchanged: 
 Data sizes:     COMMON   BANK0   BANK1   BANK2   BANK3   BANK4   BANK5   BANK6
      Params:         0       0       0       0       0       0       0       0
      Locals:         0       0       0       0       0       0       0       0
      Temps:          0       1       0       0       0       0       0       0
      Totals:         0       1       0       0       0       0       0       0
Total ram usage:        1 bytes
 Hardware stack levels used:    1
 Hardware stack levels required when called:    7
 This function calls:
		_RTC_Read
		_bcd2int
 This function is called by:
		_main
 This function uses a non-reentrant model


 *************** function _bcd2int *****************
 Defined at:
		line 32 in file "mcp7941x.c"
 Parameters:    Size  Location     Type
  data            1    wreg     unsigned char 
 Auto vars:     Size  Location     Type
  data            1   10[COMMON] unsigned char 
  i               1    9[COMMON] unsigned char 
 Return value:  Size  Location     Type
                  1    wreg      unsigned char 
 Registers used:
		wreg, status,2, status,0, pclath, cstack
 Tracked objects:
		On entry : 
		On exit  : 
		Unchanged: 
 Data sizes:     COMMON   BANK0   BANK1   BANK2   BANK3   BANK4   BANK5   BANK6
      Params:         0       0       0       0       0       0       0       0
      Locals:         2       0       0       0       0       0       0       0
      Temps:          3       0       0       0       0       0       0       0
      Totals:         5       0       0       0       0       0       0       0
Total ram usage:        5 bytes
 Hardware stack levels used:    1
 Hardware stack levels required when called:    5
 This function calls:
		___bmul
 This function is called by:
		_RTC_Get_Date
		_RTC_Get_Time
 This function uses a non-reentrant model


 *************** function ___bmul *****************
 Defined at:
		line 4 in file "C:\Program Files (x86)\Microchip\xc8\v1.44\sources\common\Umul8.c"
 Parameters:    Size  Location     Type
  multiplier      1    wreg     unsigned char 
  multiplicand    1    2[COMMON] unsigned char 
 Auto vars:     Size  Location     Type
  multiplier      1    5[COMMON] unsigned char 
  product         1    4[COMMON] unsigned char 
 Return value:  Size  Location     Type
                  1    wreg      unsigned char 
 Registers used:
		wreg, status,2, status,0
 Tracked objects:
		On entry : 
		On exit  : 
		Unchanged: 
 Data sizes:     COMMON   BANK0   BANK1   BANK2   BANK3   BANK4   BANK5   BANK6
      Params:         1       0       0       0       0       0       0       0
      Locals:         2       0       0       0       0       0       0       0
      Temps:          1       0       0       0       0       0       0       0
      Totals:         4       0       0       0       0       0       0       0
Total ram usage:        4 bytes
 Hardware stack levels used:    1
 Hardware stack levels required when called:    4
 This function calls:
		Nothing
 This function is called by:
		_int2bcd
		_bcd2int
 This function uses a non-reentrant model


 *************** function _RTC_Read *****************
 Defined at:
		line 13 in file "mcp7941x.c"
 Parameters:    Size  Location     Type
  address         1    wreg     unsigned char 
 Auto vars:     Size  Location     Type
  address         1    8[COMMON] unsigned char 
  data            1    9[COMMON] unsigned char 
 Return value:  Size  Location     Type
                  1    wreg      unsigned char 
 Registers used:
		wreg, status,2, status,0, pclath, cstack
 Tracked objects:
		On entry : 
		On exit  : 
		Unchanged: 
 Data sizes:     COMMON   BANK0   BANK1   BANK2   BANK3   BANK4   BANK5   BANK6
      Params:         0       0       0       0       0       0       0       0
      Locals:         2       0       0       0       0       0       0       0
      Temps:          1       0       0       0       0       0       0       0
      Totals:         3       0       0       0       0       0       0       0
Total ram usage:        3 bytes
 Hardware stack levels used:    1
 Hardware stack levels required when called:    6
 This function calls:
		_I2C_Read
		_I2C_Start
		_I2C_Stop
		_I2C_Write
 This function is called by:
		_RTC_Get_Date
		_RTC_Get_Time
		_RTC_Init
 This function uses a non-reentrant model


 *************** function _I2C_Write *****************
 Defined at:
		line 46 in file "MSSP_I2C_Master.c"
 Parameters:    Size  Location     Type
  data_out        1    wreg     unsigned char 
 Auto vars:     Size  Location     Type
  data_out        1    2[COMMON] unsigned char 
 Return value:  Size  Location     Type
                  1    wreg      void 
 Registers used:
		wreg, status,2, status,0, pclath, cstack
 Tracked objects:
		On entry : 
		On exit  : 
		Unchanged: 
 Data sizes:     COMMON   BANK0   BANK1   BANK2   BANK3   BANK4   BANK5   BANK6
      Params:         0       0       0       0       0       0       0       0
      Locals:         1       0       0       0       0       0       0       0
      Temps:          0       0       0       0       0       0       0       0
      Totals:         1       0       0       0       0       0       0       0
Total ram usage:        1 bytes
 Hardware stack levels used:    1
 Hardware stack levels required when called:    5
 This function calls:
		_I2C_Wait
 This function is called by:
		_RTC_Write
		_RTC_Read
 This function uses a non-reentrant model


 *************** function _I2C_Stop *****************
 Defined at:
		line 26 in file "MSSP_I2C_Master.c"
 Parameters:    Size  Location     Type
		None
 Auto vars:     Size  Location     Type
		None
 Return value:  Size  Location     Type
                  1    wreg      void 
 Registers used:
		wreg, status,2, status,0, pclath, cstack
 Tracked objects:
		On entry : 
		On exit  : 
		Unchanged: 
 Data sizes:     COMMON   BANK0   BANK1   BANK2   BANK3   BANK4   BANK5   BANK6
      Params:         0       0       0       0       0       0       0       0
      Locals:         0       0       0       0       0       0       0       0
      Temps:          0       0       0       0       0       0       0       0
      Totals:         0       0       0       0       0       0       0       0
Total ram usage:        0 bytes
 Hardware stack levels used:    1
 Hardware stack levels required when called:    5
 This function calls:
		_I2C_Wait
 This function is called by:
		_RTC_Write
		_RTC_Read
 This function uses a non-reentrant model


 *************** function _I2C_Start *****************
 Defined at:
		line 11 in file "MSSP_I2C_Master.c"
 Parameters:    Size  Location     Type
		None
 Auto vars:     Size  Location     Type
		None
 Return value:  Size  Location     Type
                  1    wreg      void 
 Registers used:
		wreg, status,2, status,0, pclath, cstack
 Tracked objects:
		On entry : 
		On exit  : 
		Unchanged: 
 Data sizes:     COMMON   BANK0   BANK1   BANK2   BANK3   BANK4   BANK5   BANK6
      Params:         0       0       0       0       0       0       0       0
      Locals:         0       0       0       0       0       0       0       0
      Temps:          0       0       0       0       0       0       0       0
      Totals:         0       0       0       0       0       0       0       0
Total ram usage:        0 bytes
 Hardware stack levels used:    1
 Hardware stack levels required when called:    5
 This function calls:
		_I2C_Wait
 This function is called by:
		_RTC_Write
		_RTC_Read
 This function uses a non-reentrant model


 *************** function _I2C_Read *****************
 Defined at:
		line 33 in file "MSSP_I2C_Master.c"
 Parameters:    Size  Location     Type
  ack             1    wreg     unsigned char 
 Auto vars:     Size  Location     Type
  ack             1    6[COMMON] unsigned char 
  temp            2    4[COMMON] unsigned short 
 Return value:  Size  Location     Type
                  1    wreg      unsigned char 
 Registers used:
		wreg, status,2, status,0, pclath, cstack
 Tracked objects:
		On entry : 
		On exit  : 
		Unchanged: 
 Data sizes:     COMMON   BANK0   BANK1   BANK2   BANK3   BANK4   BANK5   BANK6
      Params:         0       0       0       0       0       0       0       0
      Locals:         3       0       0       0       0       0       0       0
      Temps:          2       0       0       0       0       0       0       0
      Totals:         5       0       0       0       0       0       0       0
Total ram usage:        5 bytes
 Hardware stack levels used:    1
 Hardware stack levels required when called:    5
 This function calls:
		_I2C_Wait
 This function is called by:
		_RTC_Read
 This function uses a non-reentrant model


 *************** function _I2C_Wait *****************
 Defined at:
		line 6 in file "MSSP_I2C_Master.c"
 Parameters:    Size  Location     Type
		None
 Auto vars:     Size  Location     Type
		None
 Return value:  Size  Location     Type
                  1    wreg      void 
 Registers used:
		wreg, status,2
 Tracked objects:
		On entry : 
		On exit  : 
		Unchanged: 
 Data sizes:     COMMON   BANK0   BANK1   BANK2   BANK3   BANK4   BANK5   BANK6
      Params:         0       0       0       0       0       0       0       0
      Locals:         0       0       0       0       0       0       0       0
      Temps:          0       0       0       0       0       0       0       0
      Totals:         0       0       0       0       0       0       0       0
Total ram usage:        0 bytes
 Hardware stack levels used:    1
 Hardware stack levels required when called:    4
 This function calls:
		Nothing
 This function is called by:
		_I2C_Start
		_I2C_Stop
		_I2C_Read
		_I2C_Write
 This function uses a non-reentrant model


 *************** function _INTERRUPT_InterruptManager *****************
 Defined at:
		line 51 in file "mcc_generated_files/interrupt_manager.c"
 Parameters:    Size  Location     Type
		None
 Auto vars:     Size  Location     Type
		None
 Return value:  Size  Location     Type
                  1    wreg      void 
 Registers used:
		wreg, status,2, status,0, pclath, cstack
 Tracked objects:
		On entry : 
		On exit  : 
		Unchanged: 
 Data sizes:     COMMON   BANK0   BANK1   BANK2   BANK3   BANK4   BANK5   BANK6
      Params:         0       0       0       0       0       0       0       0
      Locals:         0       0       0       0       0       0       0       0
      Temps:          1       0       0       0       0       0       0       0
      Totals:         1       0       0       0       0       0       0       0
Total ram usage:        1 bytes
 Hardware stack levels used:    1
 Hardware stack levels required when called:    3
 This function calls:
		_INT_ISR
 This function is called by:
		Interrupt level 1
 This function uses a non-reentrant model


 *************** function _INT_ISR *****************
 Defined at:
		line 45 in file "mcc_generated_files/ext_int.c"
 Parameters:    Size  Location     Type
		None
 Auto vars:     Size  Location     Type
		None
 Return value:  Size  Location     Type
                  1    wreg      void 
 Registers used:
		wreg, status,2, status,0, pclath, cstack
 Tracked objects:
		On entry : 
		On exit  : 
		Unchanged: 
 Data sizes:     COMMON   BANK0   BANK1   BANK2   BANK3   BANK4   BANK5   BANK6
      Params:         0       0       0       0       0       0       0       0
      Locals:         0       0       0       0       0       0       0       0
      Temps:          1       0       0       0       0       0       0       0
      Totals:         1       0       0       0       0       0       0       0
Total ram usage:        1 bytes
 Hardware stack levels used:    1
 Hardware stack levels required when called:    2
 This function calls:
		_INT_CallBack
 This function is called by:
		_INTERRUPT_InterruptManager
 This function uses a non-reentrant model


 *************** function _INT_CallBack *****************
 Defined at:
		line 62 in file "mcc_generated_files/ext_int.c"
 Parameters:    Size  Location     Type
		None
 Auto vars:     Size  Location     Type
		None
 Return value:  Size  Location     Type
                  1    wreg      void 
 Registers used:
		wreg, status,2, status,0, pclath, cstack
 Tracked objects:
		On entry : 
		On exit  : 
		Unchanged: 
 Data sizes:     COMMON   BANK0   BANK1   BANK2   BANK3   BANK4   BANK5   BANK6
      Params:         0       0       0       0       0       0       0       0
      Locals:         0       0       0       0       0       0       0       0
      Temps:          0       0       0       0       0       0       0       0
      Totals:         0       0       0       0       0       0       0       0
Total ram usage:        0 bytes
 Hardware stack levels used:    1
 Hardware stack levels required when called:    1
 This function calls:
		Absolute function
		_INT_DefaultInterruptHandler
 This function is called by:
		_INT_ISR
 This function uses a non-reentrant model


 *************** function _INT_DefaultInterruptHandler *****************
 Defined at:
		line 81 in file "mcc_generated_files/ext_int.c"
 Parameters:    Size  Location     Type
		None
 Auto vars:     Size  Location     Type
		None
 Return value:  Size  Location     Type
                  1    wreg      void 
 Registers used:
		None
 Tracked objects:
		On entry : 
		On exit  : 
		Unchanged: 
 Data sizes:     COMMON   BANK0   BANK1   BANK2   BANK3   BANK4   BANK5   BANK6
      Params:         0       0       0       0       0       0       0       0
      Locals:         0       0       0       0       0       0       0       0
      Temps:          0       0       0       0       0       0       0       0
      Totals:         0       0       0       0       0       0       0       0
Total ram usage:        0 bytes
 Hardware stack levels used:    1
 This function calls:
		Nothing
 This function is called by:
		_EXT_INT_Initialize
		_INT_CallBack
 This function uses a non-reentrant model



MODULE INFORMATION

Module		Function		Class		Link	Load	Size
C:\Program Files (x86)\Microchip\xc8\v1.44\sources\common\lwmod.c
		___lwmod       		CODE           	043E	0000	46

C:\Program Files (x86)\Microchip\xc8\v1.44\sources\common\lwmod.c estimated size: 46

mcc_generated_files/interrupt_manager.c
		_INTERRUPT_InterruptManager		CODE           	0004	0000	16

mcc_generated_files/interrupt_manager.c estimated size: 16

mcp7941x.c
		_RTC_Write     		CODE           	055A	0000	23
		_RTC_Read      		CODE           	04AC	0000	31
		_RTC_Init      		CODE           	0377	0000	56
		_bcd2int       		CODE           	0522	0000	30
		_int2bcd       		CODE           	03E2	0000	47
		_RTC_Get_Date  		CODE           	0410	0000	47
		_RTC_Get_Time  		CODE           	046B	0000	35
		_RTC_Set_DateTime		CODE           	022E	0000	102

mcp7941x.c estimated size: 371

TextLCD.c
		_TextLCD_CMD   		CODE           	0585	0000	22
		_TextLCD_Init  		CODE           	032F	0000	73
		_TextLCD_Puts  		CODE           	02E4	0000	76
		_TextLCD_4Bits_Write		CODE           	04E8	0000	30
		_TextLCD_Enable		CODE           	05E4	0000	13
		_TextLCD_PutChar		CODE           	061C	0000	10

TextLCD.c estimated size: 224

mcc_generated_files/pin_manager.c
		_PIN_MANAGER_Initialize		CODE           	0505	0000	30

mcc_generated_files/pin_manager.c estimated size: 30

C:\Program Files (x86)\Microchip\xc8\v1.44\sources\common\lwdiv.c
		___lwdiv       		CODE           	03AE	0000	53

C:\Program Files (x86)\Microchip\xc8\v1.44\sources\common\lwdiv.c estimated size: 53

C:\Program Files (x86)\Microchip\xc8\v1.44\sources\common\doprnt.c
		_sprintf       		CODE           	0026	0000	390

C:\Program Files (x86)\Microchip\xc8\v1.44\sources\common\doprnt.c estimated size: 390

C:\Program Files (x86)\Microchip\xc8\v1.44\sources\common\Umul8.c
		___bmul        		CODE           	059A	0000	18

C:\Program Files (x86)\Microchip\xc8\v1.44\sources\common\Umul8.c estimated size: 18

C:\Program Files (x86)\Microchip\xc8\v1.44\sources\common\Umul16.c
		___wmul        		CODE           	053F	0000	28

C:\Program Files (x86)\Microchip\xc8\v1.44\sources\common\Umul16.c estimated size: 28

mcc_generated_files/ext_int.c
		_INT_DefaultInterruptHandler		CODE           	064B	0000	2
		_EXT_INT_Initialize		CODE           	05FC	0000	12
		_INT_SetInterruptHandler		CODE           	063B	0000	7
		_INT_CallBack  		CODE           	0607	0000	12
		_INT_ISR       		CODE           	048D	0000	32

mcc_generated_files/ext_int.c estimated size: 65

shared
		_dpowers       		STRCODE        	0612	0000	11
		__initialization		CODE           	0015	0000	14
		TextLCD_Puts@DDRAM_Start_Address		STRCODE        	0570	0000	5

shared estimated size: 30

C:\Program Files (x86)\Microchip\xc8\v1.44\sources\common\awdiv.c
		___awdiv       		CODE           	0293	0000	82

C:\Program Files (x86)\Microchip\xc8\v1.44\sources\common\awdiv.c estimated size: 82

mcc_generated_files/mcc.c
		_WDT_Initialize		CODE           	0647	0000	5
		_OSCILLATOR_Initialize		CODE           	062D	0000	8
		_SYSTEM_Initialize		CODE           	05F0	0000	13

mcc_generated_files/mcc.c estimated size: 26

C:\Program Files (x86)\Microchip\xc8\v1.44\sources\common\isdigit.c
		_isdigit       		CODE           	05C9	0000	15

C:\Program Files (x86)\Microchip\xc8\v1.44\sources\common\isdigit.c estimated size: 15

main.c
		_main          		CODE           	01AB	0000	132

main.c estimated size: 132

MSSP_I2C_Master.c
		_I2C_Write     		CODE           	0634	0000	8
		_I2C_Stop      		CODE           	0641	0000	7
		_I2C_Wait      		CODE           	0625	0000	9
		_I2C_Read      		CODE           	04CA	0000	31
		_I2C_Init      		CODE           	05D7	0000	14
		_I2C_Start     		CODE           	05BA	0000	16

MSSP_I2C_Master.c estimated size: 85

