Microchip MPLAB XC8 Compiler V1.44 ()

Linker command line:

--edf=C:\Program Files (x86)\Microchip\xc8\v1.44\dat\en_msgs.txt -cs \
  -h+dist/default/production\customHID.X.production.sym \
  --cmf=dist/default/production\customHID.X.production.cmf -z -Q16F1454 \
  -oC:\Users\dungl\AppData\Local\Temp\s117c.2 \
  -Mdist/default/production/customHID.X.production.map -E1 -ver=XC8 \
  -ASTACK=0211Eh-023efh -pstack=STACK \
  -ACODE=0200h-07FFh,0800h-0FFFhx2,01800h-01F7Eh,01F80h-01FFFh \
  -ASTRCODE=0200h-01F7Eh,01F80h-01FFFh \
  -ASTRING=0200h-02FFhx29,01F00h-01F7Eh,01F80h-01FFFh \
  -ACONST=0200h-02FFhx29,01F00h-01F7Eh,01F80h-01FFFh \
  -AENTRY=0200h-02FFhx29,01F00h-01F7Eh,01F80h-01FFFh -ACOMMON=070h-07Fh \
  -ABANK0=020h-06Fh -ABANK1=0A0h-0EFh -ABANK2=0120h-016Fh \
  -ABANK3=01A0h-01EFh -ABANK4=0220h-026Fh -ABANK5=02A0h-02EFh \
  -ABANK6=0320h-036Fh -ABANK7=03A0h-03EFh -ABANK8=0420h-046Fh \
  -ABANK9=04A0h-04EFh -ABANK10=0520h-056Fh -ABANK11=05A0h-05EFh \
  -ABANK12=0620h-064Fh -ABIGRAM=02000h-023EFh \
  -ARAM=020h-06Fh,0A0h-0EFh,0120h-016Fh,01A0h-01EFh,0220h-026Fh,02A0h-02EFh,0320h-036Fh,03A0h-03EFh,0420h-046Fh,04A0h-04EFh,0520h-056Fh,05A0h-05EFh,0620h-064Fh \
  -AABS1=020h-07Fh,0A0h-0EFh,0120h-016Fh,01A0h-01EFh,0220h-026Fh,02A0h-02EFh,0320h-036Fh,03A0h-03EFh,0420h-046Fh,04A0h-04EFh,0520h-056Fh,05A0h-05EFh,0620h-064Fh \
  -ASFR0=00h-01Fh -ASFR1=080h-09Fh -ASFR2=0100h-011Fh -ASFR3=0180h-019Fh \
  -ASFR4=0200h-021Fh -ASFR5=0280h-029Fh -ASFR6=0300h-031Fh \
  -ASFR7=0380h-039Fh -ASFR8=0400h-041Fh -ASFR9=0480h-049Fh \
  -ASFR10=0500h-051Fh -ASFR11=0580h-059Fh -ASFR12=0600h-061Fh \
  -ASFR13=0680h-06EFh -ASFR14=0700h-076Fh -ASFR15=0780h-07EFh \
  -ASFR16=0800h-086Fh -ASFR17=0880h-08EFh -ASFR18=0900h-096Fh \
  -ASFR19=0980h-09EFh -ASFR20=0A00h-0A6Fh -ASFR21=0A80h-0AEFh \
  -ASFR22=0B00h-0B6Fh -ASFR23=0B80h-0BEFh -ASFR24=0C00h-0C6Fh \
  -ASFR25=0C80h-0CEFh -ASFR26=0D00h-0D6Fh -ASFR27=0D80h-0DEFh \
  -ASFR28=0E00h-0E6Fh -ASFR29=0E80h-0EEFh -ASFR30=0F00h-0F6Fh \
  -ASFR31=0F80h-0FEFh -preset_vec=0200h,intentry=0204h,init,end_init \
  -ppowerup=CODE -pcinit=CODE -pfunctab=ENTRY -ACONFIG=08007h-08008h \
  -pconfig=CONFIG -DCONFIG=2 -AIDLOC=08000h-08003h -pidloc=IDLOC -DIDLOC=2 \
  -DCODE=2 -DSTRCODE=2 -DSTRING=2 -DCONST=2 -DENTRY=2 -k \
  C:\Users\dungl\AppData\Local\Temp\s117c.obj \
  dist/default/production\customHID.X.production.obj 

Object code version is 3.11

Machine type is 16F1454



                Name                               Link     Load   Length Selector   Space Scale
C:\Users\dungl\AppData\Local\Temp\s117c.obj
                end_init                            210      210        2      408       0
                reset_vec                           200      200        3      400       0
dist/default/production\customHID.X.production.obj
                cinit                               212      212       2E      408       0
                intentry                            204      204        C      408       0
                text41                              962      962       11     12C4       0
                text40                              942      942       10     1284       0
                text39                              A89      A89       29     1512       0
                text38                              90A      90A        A     1214       0
                text37                              D18      D18       76     1A30       0
                text36                              8F2      8F2        8     11E4       0
                text35                              914      914        A     1228       0
                text34                              BEC      BEC       5C     17D8       0
                text33                              952      952       10     12A4       0
                text32                              928      928        C     1250       0
                text31                              E93      E93       8A     1D26       0
                text30                              A00      A00       1A     1400       0
                text29                              E10      E10       83     1C20       0
                text28                              8FA      8FA        8     11F4       0
                text27                              8E4      8E4        7     11C8       0
                text26                              AB2      AB2       2F     1564       0
                text25                              A6B      A6B       1E     14D6       0
                text24                              AE1      AE1       34     15C2       0
                text23                              240      240      2DF      408       0
                text22                              B15      B15       41     162A       0
                text21                              902      902        8     1204       0
                text20                              9CF      9CF       18     139E       0
                text19                              A34      A34       1B     1468       0
                text18                              B56      B56       4B     16AC       0
                text17                              690      690      164      408       0
                text16                              F1D      F1D       E3     1E3A       0
                text14                              984      984       12     1308       0
                text13                              D8E      D8E       82     1B1C       0
                text12                              8E1      8E1        3     11C2       0
                text11                              9BB      9BB       14     1376       0
                text10                              A1A      A1A       1A     1434       0
                text9                               996      996       12     132C       0
                text8                               9E7      9E7       19     13CE       0
                text7                               A4F      A4F       1C     149E       0
                text6                               BA1      BA1       4B     1742       0
                text5                               91E      91E        A     123C       0
                text4                               51F      51F      171      408       0
                text3                               9A8      9A8       13     1350       0
                text2                               973      973       11     12E6       0
                text1                               C48      C48       62     1890       0
                maintext                            CAA      CAA       6E     1954       0
                cstackBANK0                          30       30       35       30       1
                cstackCOMMON                         70       70        E       70       1
                cstackBANK1                          A0       A0       23       A0       1
                inittext                            7F4      7F4        C      408       0
                dataBANK3                           1C0      1C0        E      1C0       1
                dataBANK1                            C3       C3        7       A0       1
                bssBANK1                             CA       CA        4       A0       1
                bssBANK0                             65       65        A       30       1
                stringtext6                        106F     106F        4     2000       0
                stringtext5                        1065     1065        A     2000       0
                stringtext4                        1057     1057        E     2000       0
                stringtext3                        1045     1045       12     2000       0
                stringtext2                        1029     1029       1C     2000       0
                stringtext1                        1000     1000       29     2000       0
                idataBANK3                          934      934        E     1268       0
                idataBANK1                          8EB      8EB        7     11D6       0

TOTAL           Name                               Link     Load   Length     Space
        CLASS   STACK          

        CLASS   CODE           
                end_init                            210      210        2         0
                cinit                               212      212       2E         0
                intentry                            204      204        C         0
                reset_vec                           200      200        3         0
                text41                              962      962       11         0
                text40                              942      942       10         0
                text39                              A89      A89       29         0
                text38                              90A      90A        A         0
                text37                              D18      D18       76         0
                text36                              8F2      8F2        8         0
                text35                              914      914        A         0
                text34                              BEC      BEC       5C         0
                text33                              952      952       10         0
                text32                              928      928        C         0
                text31                              E93      E93       8A         0
                text30                              A00      A00       1A         0
                text29                              E10      E10       83         0
                text28                              8FA      8FA        8         0
                text27                              8E4      8E4        7         0
                text26                              AB2      AB2       2F         0
                text25                              A6B      A6B       1E         0
                text24                              AE1      AE1       34         0
                text23                              240      240      2DF         0
                text22                              B15      B15       41         0
                text21                              902      902        8         0
                text20                              9CF      9CF       18         0
                text19                              A34      A34       1B         0
                text18                              B56      B56       4B         0
                text17                              690      690      164         0
                text16                              F1D      F1D       E3         0
                text14                              984      984       12         0
                text13                              D8E      D8E       82         0
                text12                              8E1      8E1        3         0
                text11                              9BB      9BB       14         0
                text10                              A1A      A1A       1A         0
                text9                               996      996       12         0
                text8                               9E7      9E7       19         0
                text7                               A4F      A4F       1C         0
                text6                               BA1      BA1       4B         0
                text5                               91E      91E        A         0
                text4                               51F      51F      171         0
                text3                               9A8      9A8       13         0
                text2                               973      973       11         0
                text1                               C48      C48       62         0
                maintext                            CAA      CAA       6E         0
                inittext                            7F4      7F4        C         0
                idataBANK3                          934      934        E         0
                idataBANK1                          8EB      8EB        7         0

        CLASS   STRCODE        
                stringtext6                        106F     106F        4         0
                stringtext5                        1065     1065        A         0
                stringtext4                        1057     1057        E         0
                stringtext3                        1045     1045       12         0
                stringtext2                        1029     1029       1C         0
                stringtext1                        1000     1000       29         0

        CLASS   STRING         

        CLASS   CONST          

        CLASS   ENTRY          

        CLASS   COMMON         
                cstackCOMMON                         70       70        E         1

        CLASS   BANK0          
                cstackBANK0                          30       30       35         1
                bssBANK0                             65       65        A         1

        CLASS   BANK1          
                cstackBANK1                          A0       A0       23         1
                dataBANK1                            C3       C3        7         1
                bssBANK1                             CA       CA        4         1

        CLASS   BANK2          

        CLASS   BANK3          
                dataBANK3                           1C0      1C0        E         1

        CLASS   BANK4          

        CLASS   BANK5          

        CLASS   BANK6          

        CLASS   BANK7          

        CLASS   BANK8          

        CLASS   BANK9          

        CLASS   BANK10         

        CLASS   BANK11         

        CLASS   BANK12         

        CLASS   BIGRAM         

        CLASS   RAM            

        CLASS   ABS1           
                abs_s1                               20       20       10         1
                abs_s1                               7E       7E        2         1
                abs_s1                               D0       D0       20         1
                abs_s1                              120      120       50         1
                abs_s1                              1A0      1A0       20         1

        CLASS   SFR0           

        CLASS   SFR1           

        CLASS   SFR2           

        CLASS   SFR3           

        CLASS   SFR4           

        CLASS   SFR5           

        CLASS   SFR6           

        CLASS   SFR7           

        CLASS   SFR8           

        CLASS   SFR9           

        CLASS   SFR10          

        CLASS   SFR11          

        CLASS   SFR12          

        CLASS   SFR13          

        CLASS   SFR14          

        CLASS   SFR15          

        CLASS   SFR16          

        CLASS   SFR17          

        CLASS   SFR18          

        CLASS   SFR19          

        CLASS   SFR20          

        CLASS   SFR21          

        CLASS   SFR22          

        CLASS   SFR23          

        CLASS   SFR24          

        CLASS   SFR25          

        CLASS   SFR26          

        CLASS   SFR27          

        CLASS   SFR28          

        CLASS   SFR29          

        CLASS   SFR30          

        CLASS   SFR31          

        CLASS   CONFIG         

        CLASS   IDLOC          

        CLASS   BANK31         

        CLASS   BANK30         

        CLASS   BANK29         

        CLASS   BANK28         

        CLASS   BANK27         

        CLASS   BANK26         

        CLASS   BANK25         

        CLASS   BANK24         

        CLASS   BANK23         

        CLASS   BANK22         

        CLASS   BANK21         

        CLASS   BANK20         

        CLASS   BANK19         

        CLASS   BANK18         

        CLASS   BANK17         

        CLASS   BANK16         

        CLASS   BANK15         

        CLASS   BANK14         

        CLASS   BANK13         

        CLASS   EEDATA         



SEGMENTS        Name                           Load    Length   Top    Selector   Space  Class     Delta

                cstackBANK0                    000030  00003F  00006F        30       1  BANK0       1
                cstackCOMMON                   000070  00000E  00007E        70       1  COMMON      1
                cstackBANK1                    0000A0  00002E  0000CE        A0       1  BANK1       1
                dataBANK3                      0001C0  00000E  0001CE       1C0       1  BANK3       1
                reset_vec                      000200  000003  000203       400       0  CODE        2
                intentry                       000204  0005FC  000800       408       0  CODE        2
                text12                         0008E1  000003  0008E4      11C2       0  CODE        2
                text27                         0008E4  000007  0008EB      11C8       0  CODE        2
                idataBANK1                     0008EB  000007  0008F2      11D6       0  CODE        2
                text36                         0008F2  000008  0008FA      11E4       0  CODE        2
                text28                         0008FA  000008  000902      11F4       0  CODE        2
                text21                         000902  000008  00090A      1204       0  CODE        2
                text38                         00090A  00000A  000914      1214       0  CODE        2
                text35                         000914  00000A  00091E      1228       0  CODE        2
                text5                          00091E  00000A  000928      123C       0  CODE        2
                text32                         000928  00000C  000934      1250       0  CODE        2
                idataBANK3                     000934  00000E  000942      1268       0  CODE        2
                text40                         000942  000010  000952      1284       0  CODE        2
                text33                         000952  000010  000962      12A4       0  CODE        2
                text41                         000962  000011  000973      12C4       0  CODE        2
                text2                          000973  000011  000984      12E6       0  CODE        2
                text14                         000984  000012  000996      1308       0  CODE        2
                text9                          000996  000012  0009A8      132C       0  CODE        2
                text3                          0009A8  000013  0009BB      1350       0  CODE        2
                text11                         0009BB  000014  0009CF      1376       0  CODE        2
                text20                         0009CF  000018  0009E7      139E       0  CODE        2
                text8                          0009E7  000019  000A00      13CE       0  CODE        2
                text30                         000A00  00001A  000A1A      1400       0  CODE        2
                text10                         000A1A  00001A  000A34      1434       0  CODE        2
                text19                         000A34  00001B  000A4F      1468       0  CODE        2
                text7                          000A4F  00001C  000A6B      149E       0  CODE        2
                text25                         000A6B  00001E  000A89      14D6       0  CODE        2
                text39                         000A89  000029  000AB2      1512       0  CODE        2
                text26                         000AB2  00002F  000AE1      1564       0  CODE        2
                text24                         000AE1  000034  000B15      15C2       0  CODE        2
                text22                         000B15  000041  000B56      162A       0  CODE        2
                text18                         000B56  00004B  000BA1      16AC       0  CODE        2
                text6                          000BA1  00004B  000BEC      1742       0  CODE        2
                text34                         000BEC  00005C  000C48      17D8       0  CODE        2
                text1                          000C48  000062  000CAA      1890       0  CODE        2
                maintext                       000CAA  00006E  000D18      1954       0  CODE        2
                text37                         000D18  000076  000D8E      1A30       0  CODE        2
                text13                         000D8E  000082  000E10      1B1C       0  CODE        2
                text29                         000E10  000083  000E93      1C20       0  CODE        2
                text31                         000E93  00008A  000F1D      1D26       0  CODE        2
                text16                         000F1D  0000E3  001000      1E3A       0  CODE        2
                stringtext1                    001000  000073  001073      2000       0  STRCODE     2


UNUSED ADDRESS RANGES

        Name                Unused          Largest block    Delta
        BANK0            006F-006F              1           1
        BANK1            00CE-00CF              2           1
        BANK10           0520-056F             50           1
        BANK11           05A0-05EF             50           1
        BANK12           0620-064F             30           1
        BANK3            01CE-01EF             22           1
        BANK4            0220-026F             50           1
        BANK5            02A0-02EF             50           1
        BANK6            0320-036F             50           1
        BANK7            03A0-03EF             50           1
        BANK8            0420-046F             50           1
        BANK9            04A0-04EF             50           1
        BIGRAM           2000-23EF            3F0           1
        CODE             0203-0203              1           2
                         0800-08E0             E1
                         1073-1F7E            78D
                         1F80-1FFF             80
        CONFIG           8007-8008              2           2
        CONST            0203-0203              1           2
                         0800-08E0             E1
                         1073-1F7E            100
                         1F80-1FFF             80
        ENTRY            0203-0203              1           2
                         0800-08E0             E1
                         1073-1F7E            100
                         1F80-1FFF             80
        IDLOC            8000-8003              4           2
        RAM              006F-006F              1           1
                         00CE-00CF              2
                         01CE-01EF             22
                         0220-026F             50
                         02A0-02EF             50
                         0320-036F             50
                         03A0-03EF             50
                         0420-046F             50
                         04A0-04EF             50
                         0520-056F             50
                         05A0-05EF             50
                         0620-064F             30
        SFR0             0000-001F             20           1
        SFR1             0080-009F             20           1
        SFR10            0500-051F             20           1
        SFR11            0580-059F             20           1
        SFR12            0600-061F             20           1
        SFR13            0680-06EF             70           1
        SFR14            0700-076F             70           1
        SFR15            0780-07EF             70           1
        SFR16            0800-086F             70           1
        SFR17            0880-08EF             70           1
        SFR18            0900-096F             70           1
        SFR19            0980-09EF             70           1
        SFR2             0100-011F             20           1
        SFR20            0A00-0A6F             70           1
        SFR21            0A80-0AEF             70           1
        SFR22            0B00-0B6F             70           1
        SFR23            0B80-0BEF             70           1
        SFR24            0C00-0C6F             70           1
        SFR25            0C80-0CEF             70           1
        SFR26            0D00-0D6F             70           1
        SFR27            0D80-0DEF             70           1
        SFR28            0E00-0E6F             70           1
        SFR29            0E80-0EEF             70           1
        SFR3             0180-019F             20           1
        SFR30            0F00-0F6F             70           1
        SFR31            0F80-0FEF             70           1
        SFR4             0200-021F             20           1
        SFR5             0280-029F             20           1
        SFR6             0300-031F             20           1
        SFR7             0380-039F             20           1
        SFR8             0400-041F             20           1
        SFR9             0480-049F             20           1
        STACK            211E-23EF            2D2           1
        STRCODE          0203-0203              1           2
                         0800-08E0             E1
                         1073-1F7E            F0C
                         1F80-1FFF             80
        STRING           0203-0203              1           2
                         0800-08E0             E1
                         1073-1F7E            100
                         1F80-1FFF             80

                                  Symbol Table

?___wmul                                            cstackBANK1  00A0
?_pic16_linear_addr                                 cstackBANK1  00A6
?_usb_application_get_hid_descriptor                cstackCOMMON 0070
?_usb_application_get_hid_report_descriptor         cstackCOMMON 0070
?_usb_application_get_string                        cstackCOMMON 0070
?_usb_get_in_buffer                                 cstackBANK1  00A4
?i1___wmul                                          cstackCOMMON 0070
?i1_pic16_linear_addr                               cstackCOMMON 0076
_INTCONbits                                         (abs)        000B
_PIE2bits                                           (abs)        0092
_PIR2bits                                           (abs)        0012
_UADDR                                              (abs)        0E96
_UCFGbits                                           (abs)        0E91
_UCONbits                                           (abs)        0E8E
_UEIE                                               (abs)        0E97
_UEP0                                               (abs)        0E98
_UIE                                                (abs)        0E92
_UIEbits                                            (abs)        0E92
_UIR                                                (abs)        0E90
_UIRbits                                            (abs)        0E90
_USTATbits                                          (abs)        0E8F
__Habs1                                             abs1         0000
__Hbank0                                            bank0        0000
__Hbank1                                            bank1        0000
__Hbank10                                           bank10       0000
__Hbank11                                           bank11       0000
__Hbank12                                           bank12       0000
__Hbank13                                           bank13       0000
__Hbank14                                           bank14       0000
__Hbank15                                           bank15       0000
__Hbank16                                           bank16       0000
__Hbank17                                           bank17       0000
__Hbank18                                           bank18       0000
__Hbank19                                           bank19       0000
__Hbank2                                            bank2        0000
__Hbank20                                           bank20       0000
__Hbank21                                           bank21       0000
__Hbank22                                           bank22       0000
__Hbank23                                           bank23       0000
__Hbank24                                           bank24       0000
__Hbank25                                           bank25       0000
__Hbank26                                           bank26       0000
__Hbank27                                           bank27       0000
__Hbank28                                           bank28       0000
__Hbank29                                           bank29       0000
__Hbank3                                            bank3        0000
__Hbank30                                           bank30       0000
__Hbank31                                           bank31       0000
__Hbank4                                            bank4        0000
__Hbank5                                            bank5        0000
__Hbank6                                            bank6        0000
__Hbank7                                            bank7        0000
__Hbank8                                            bank8        0000
__Hbank9                                            bank9        0000
__Hbigram                                           bigram       0000
__HbssBANK0                                         bssBANK0     0000
__HbssBANK1                                         bssBANK1     0000
__Hcinit                                            cinit        0240
__Hclrtext                                          clrtext      0000
__Hcode                                             code         0000
__Hcommon                                           common       0000
__Hconfig                                           config       0000
__HcstackBANK0                                      cstackBANK0  0000
__HcstackBANK1                                      cstackBANK1  0000
__HcstackCOMMON                                     cstackCOMMON 0000
__HdataBANK1                                        dataBANK1    0000
__HdataBANK3                                        dataBANK3    0000
__Heeprom_data                                      eeprom_data  0000
__Hend_init                                         end_init     0212
__Hfunctab                                          functab      0000
__HidataBANK1                                       idataBANK1   0000
__HidataBANK3                                       idataBANK3   0000
__Hidloc                                            idloc        0000
__Hinit                                             init         0210
__Hinittext                                         inittext     0000
__Hintentry                                         intentry     0210
__Hmaintext                                         maintext     0000
__Hpowerup                                          powerup      0000
__Hram                                              ram          0000
__Hreset_vec                                        reset_vec    0203
__Hsfr0                                             sfr0         0000
__Hsfr1                                             sfr1         0000
__Hsfr10                                            sfr10        0000
__Hsfr11                                            sfr11        0000
__Hsfr12                                            sfr12        0000
__Hsfr13                                            sfr13        0000
__Hsfr14                                            sfr14        0000
__Hsfr15                                            sfr15        0000
__Hsfr16                                            sfr16        0000
__Hsfr17                                            sfr17        0000
__Hsfr18                                            sfr18        0000
__Hsfr19                                            sfr19        0000
__Hsfr2                                             sfr2         0000
__Hsfr20                                            sfr20        0000
__Hsfr21                                            sfr21        0000
__Hsfr22                                            sfr22        0000
__Hsfr23                                            sfr23        0000
__Hsfr24                                            sfr24        0000
__Hsfr25                                            sfr25        0000
__Hsfr26                                            sfr26        0000
__Hsfr27                                            sfr27        0000
__Hsfr28                                            sfr28        0000
__Hsfr29                                            sfr29        0000
__Hsfr3                                             sfr3         0000
__Hsfr30                                            sfr30        0000
__Hsfr31                                            sfr31        0000
__Hsfr4                                             sfr4         0000
__Hsfr5                                             sfr5         0000
__Hsfr6                                             sfr6         0000
__Hsfr7                                             sfr7         0000
__Hsfr8                                             sfr8         0000
__Hsfr9                                             sfr9         0000
__Hspace_0                                          (abs)        1073
__Hspace_1                                          (abs)        01CE
__Hspace_2                                          (abs)        0000
__Hspace_3                                          (abs)        0000
__Hstack                                            stack        0000
__Hstrings                                          strings      0000
__Hstringtext1                                      stringtext1  0000
__Hstringtext2                                      stringtext2  0000
__Hstringtext3                                      stringtext3  0000
__Hstringtext4                                      stringtext4  0000
__Hstringtext5                                      stringtext5  0000
__Hstringtext6                                      stringtext6  0000
__Htext                                             text         0000
__Labs1                                             abs1         0000
__Lbank0                                            bank0        0000
__Lbank1                                            bank1        0000
__Lbank10                                           bank10       0000
__Lbank11                                           bank11       0000
__Lbank12                                           bank12       0000
__Lbank13                                           bank13       0000
__Lbank14                                           bank14       0000
__Lbank15                                           bank15       0000
__Lbank16                                           bank16       0000
__Lbank17                                           bank17       0000
__Lbank18                                           bank18       0000
__Lbank19                                           bank19       0000
__Lbank2                                            bank2        0000
__Lbank20                                           bank20       0000
__Lbank21                                           bank21       0000
__Lbank22                                           bank22       0000
__Lbank23                                           bank23       0000
__Lbank24                                           bank24       0000
__Lbank25                                           bank25       0000
__Lbank26                                           bank26       0000
__Lbank27                                           bank27       0000
__Lbank28                                           bank28       0000
__Lbank29                                           bank29       0000
__Lbank3                                            bank3        0000
__Lbank30                                           bank30       0000
__Lbank31                                           bank31       0000
__Lbank4                                            bank4        0000
__Lbank5                                            bank5        0000
__Lbank6                                            bank6        0000
__Lbank7                                            bank7        0000
__Lbank8                                            bank8        0000
__Lbank9                                            bank9        0000
__Lbigram                                           bigram       0000
__LbssBANK0                                         bssBANK0     0000
__LbssBANK1                                         bssBANK1     0000
__Lcinit                                            cinit        0212
__Lclrtext                                          clrtext      0000
__Lcode                                             code         0000
__Lcommon                                           common       0000
__Lconfig                                           config       0000
__LcstackBANK0                                      cstackBANK0  0000
__LcstackBANK1                                      cstackBANK1  0000
__LcstackCOMMON                                     cstackCOMMON 0000
__LdataBANK1                                        dataBANK1    0000
__LdataBANK3                                        dataBANK3    0000
__Leeprom_data                                      eeprom_data  0000
__Lend_init                                         end_init     0210
__Lfunctab                                          functab      0000
__LidataBANK1                                       idataBANK1   0000
__LidataBANK3                                       idataBANK3   0000
__Lidloc                                            idloc        0000
__Linit                                             init         0210
__Linittext                                         inittext     0000
__Lintentry                                         intentry     0204
__Lmaintext                                         maintext     0000
__Lpowerup                                          powerup      0000
__Lram                                              ram          0000
__Lreset_vec                                        reset_vec    0200
__Lsfr0                                             sfr0         0000
__Lsfr1                                             sfr1         0000
__Lsfr10                                            sfr10        0000
__Lsfr11                                            sfr11        0000
__Lsfr12                                            sfr12        0000
__Lsfr13                                            sfr13        0000
__Lsfr14                                            sfr14        0000
__Lsfr15                                            sfr15        0000
__Lsfr16                                            sfr16        0000
__Lsfr17                                            sfr17        0000
__Lsfr18                                            sfr18        0000
__Lsfr19                                            sfr19        0000
__Lsfr2                                             sfr2         0000
__Lsfr20                                            sfr20        0000
__Lsfr21                                            sfr21        0000
__Lsfr22                                            sfr22        0000
__Lsfr23                                            sfr23        0000
__Lsfr24                                            sfr24        0000
__Lsfr25                                            sfr25        0000
__Lsfr26                                            sfr26        0000
__Lsfr27                                            sfr27        0000
__Lsfr28                                            sfr28        0000
__Lsfr29                                            sfr29        0000
__Lsfr3                                             sfr3         0000
__Lsfr30                                            sfr30        0000
__Lsfr31                                            sfr31        0000
__Lsfr4                                             sfr4         0000
__Lsfr5                                             sfr5         0000
__Lsfr6                                             sfr6         0000
__Lsfr7                                             sfr7         0000
__Lsfr8                                             sfr8         0000
__Lsfr9                                             sfr9         0000
__Lspace_0                                          (abs)        0000
__Lspace_1                                          (abs)        0000
__Lspace_2                                          (abs)        0000
__Lspace_3                                          (abs)        0000
__Lstack                                            stack        0000
__Lstrings                                          strings      0000
__Lstringtext1                                      stringtext1  0000
__Lstringtext2                                      stringtext2  0000
__Lstringtext3                                      stringtext3  0000
__Lstringtext4                                      stringtext4  0000
__Lstringtext5                                      stringtext5  0000
__Lstringtext6                                      stringtext6  0000
__Ltext                                             text         0000
__S0                                                (abs)        1073
__S1                                                (abs)        01CE
__S2                                                (abs)        0000
___bmul                                             text14       0984
___bmul@multiplicand                                cstackBANK1  00A0
___bmul@multiplier                                  cstackBANK1  00A3
___bmul@product                                     cstackBANK1  00A2
___int_sp                                           stack        0000
___latbits                                          (abs)        0002
___sp                                               stack        0000
___wmul                                             text7        0A4F
___wmul@multiplicand                                cstackBANK1  00A2
___wmul@multiplier                                  cstackBANK1  00A0
___wmul@product                                     cstackBANK1  00A4
__end_of___bmul                                     text14       0996
__end_of___wmul                                     text7        0A6B
__end_of__initialization                            cinit        023C
__end_of_app_unknown_setup_request_callback         text28       0902
__end_of_clear_ep0_stall                            text27       08EB
__end_of_configuration_1                            stringtext1  1029
__end_of_custom_report_descriptor                   stringtext2  1045
__end_of_handle_ep0_in                              text37       0D8E
__end_of_handle_ep0_out                             text34       0C48
__end_of_handle_ep0_setup                           text22       0B56
__end_of_handle_standard_control_request            text23       051F
__end_of_isr                                        intentry     0210
__end_of_main                                       maintext     0D18
__end_of_memset                                     text8        0A00
__end_of_pic16_linear_addr                          text6        0BEC
__end_of_process_hid_setup_request                  text29       0E93
__end_of_product_string                             stringtext4  1065
__end_of_reset_bd0_out                              text21       090A
__end_of_reset_ep0_data_stage                       text5        0928
__end_of_send_zero_length_packet_ep0                text36       08FA
__end_of_stall_ep0                                  text35       091E
__end_of_stall_ep_in                                text26       0AE1
__end_of_stall_ep_out                               text25       0A89
__end_of_start_control_return                       text31       0F1D
__end_of_str00                                      stringtext6  1073
__end_of_this_device_descriptor                     stringtext3  1057
__end_of_usb_application_get_hid_descriptor         text33       0962
__end_of_usb_application_get_hid_report_descriptor  text32       0934
__end_of_usb_application_get_string                 text24       0B15
__end_of_usb_arm_out_endpoint                       text13       0E10
__end_of_usb_get_configuration                      text12       08E4
__end_of_usb_get_in_buffer                          text11       09CF
__end_of_usb_get_out_buffer                         text10       0A34
__end_of_usb_in_endpoint_busy                       text9        09A8
__end_of_usb_in_endpoint_halted                     text2        0984
__end_of_usb_init                                   text4        0690
__end_of_usb_out_endpoint_has_data                  text3        09BB
__end_of_usb_send_data_stage                        text30       0A1A
__end_of_usb_send_in_buffer                         text1        0CAA
__end_of_usb_send_in_buffer_0                       text39       0AB2
__end_of_usb_service                                text16       1000
__end_of_vendor_string                              stringtext5  106F
__end_ofi1___bmul                                   text41       0973
__end_ofi1___wmul                                   text19       0A4F
__end_ofi1_memset                                   text20       09E7
__end_ofi1_pic16_linear_addr                        text18       0BA1
__end_ofi1_reset_ep0_data_stage                     text38       0914
__end_ofi1_usb_in_endpoint_halted                   text40       0952
__end_ofi1_usb_init                                 text17       07F4
__initialization                                    cinit        0212
__pbssBANK0                                         bssBANK0     0065
__pbssBANK1                                         bssBANK1     00CA
__pcstackBANK0                                      cstackBANK0  0030
__pcstackBANK1                                      cstackBANK1  00A0
__pcstackCOMMON                                     cstackCOMMON 0070
__pdataBANK1                                        dataBANK1    00C3
__pdataBANK3                                        dataBANK3    01C0
__pidataBANK1                                       idataBANK1   08EB
__pidataBANK3                                       idataBANK3   0934
__pintentry                                         intentry     0204
__pmaintext                                         maintext     0CAA
__pstringtext1                                      stringtext1  1000
__pstringtext2                                      stringtext2  1029
__pstringtext3                                      stringtext3  1045
__pstringtext4                                      stringtext4  1057
__pstringtext5                                      stringtext5  1065
__pstringtext6                                      stringtext6  106F
__ptext1                                            text1        0C48
__ptext10                                           text10       0A1A
__ptext11                                           text11       09BB
__ptext12                                           text12       08E1
__ptext13                                           text13       0D8E
__ptext14                                           text14       0984
__ptext16                                           text16       0F1D
__ptext17                                           text17       0690
__ptext18                                           text18       0B56
__ptext19                                           text19       0A34
__ptext2                                            text2        0973
__ptext20                                           text20       09CF
__ptext21                                           text21       0902
__ptext22                                           text22       0B15
__ptext23                                           text23       0240
__ptext24                                           text24       0AE1
__ptext25                                           text25       0A6B
__ptext26                                           text26       0AB2
__ptext27                                           text27       08E4
__ptext28                                           text28       08FA
__ptext29                                           text29       0E10
__ptext3                                            text3        09A8
__ptext30                                           text30       0A00
__ptext31                                           text31       0E93
__ptext32                                           text32       0928
__ptext33                                           text33       0952
__ptext34                                           text34       0BEC
__ptext35                                           text35       0914
__ptext36                                           text36       08F2
__ptext37                                           text37       0D18
__ptext38                                           text38       090A
__ptext39                                           text39       0A89
__ptext4                                            text4        051F
__ptext40                                           text40       0942
__ptext41                                           text41       0962
__ptext5                                            text5        091E
__ptext6                                            text6        0BA1
__ptext7                                            text7        0A4F
__ptext8                                            text8        09E7
__ptext9                                            text9        0996
__size_of___bmul                                    (abs)        0000
__size_of___wmul                                    (abs)        0000
__size_of_app_unknown_setup_request_callback        (abs)        0000
__size_of_clear_ep0_stall                           (abs)        0000
__size_of_handle_ep0_in                             (abs)        0000
__size_of_handle_ep0_out                            (abs)        0000
__size_of_handle_ep0_setup                          (abs)        0000
__size_of_handle_standard_control_request           (abs)        0000
__size_of_isr                                       (abs)        0000
__size_of_main                                      (abs)        0000
__size_of_memset                                    (abs)        0000
__size_of_pic16_linear_addr                         (abs)        0000
__size_of_process_hid_setup_request                 (abs)        0000
__size_of_reset_bd0_out                             (abs)        0000
__size_of_reset_ep0_data_stage                      (abs)        0000
__size_of_send_zero_length_packet_ep0               (abs)        0000
__size_of_stall_ep0                                 (abs)        0000
__size_of_stall_ep_in                               (abs)        0000
__size_of_stall_ep_out                              (abs)        0000
__size_of_start_control_return                      (abs)        0000
__size_of_usb_application_get_hid_descriptor        (abs)        0000
__size_of_usb_application_get_hid_report_descriptor (abs)        0000
__size_of_usb_application_get_string                (abs)        0000
__size_of_usb_arm_out_endpoint                      (abs)        0000
__size_of_usb_get_configuration                     (abs)        0000
__size_of_usb_get_in_buffer                         (abs)        0000
__size_of_usb_get_out_buffer                        (abs)        0000
__size_of_usb_in_endpoint_busy                      (abs)        0000
__size_of_usb_in_endpoint_halted                    (abs)        0000
__size_of_usb_init                                  (abs)        0000
__size_of_usb_out_endpoint_has_data                 (abs)        0000
__size_of_usb_send_data_stage                       (abs)        0000
__size_of_usb_send_in_buffer                        (abs)        0000
__size_of_usb_send_in_buffer_0                      (abs)        0000
__size_of_usb_service                               (abs)        0000
__size_ofi1___bmul                                  (abs)        0000
__size_ofi1___wmul                                  (abs)        0000
__size_ofi1_memset                                  (abs)        0000
__size_ofi1_pic16_linear_addr                       (abs)        0000
__size_ofi1_reset_ep0_data_stage                    (abs)        0000
__size_ofi1_usb_in_endpoint_halted                  (abs)        0000
__size_ofi1_usb_init                                (abs)        0000
_addr                                               bssBANK0     006C
_addr_pending                                       bssBANK0     006D
_app_unknown_setup_request_callback                 text28       08FA
_bds                                                (abs)        0020
_clear_ep0_stall                                    text27       08E4
_configuration_1                                    stringtext1  1000
_control_need_zlp                                   bssBANK0     006B
_custom_report_descriptor                           stringtext2  1029
_ep0_buf                                            dataBANK1    00C3
_ep0_data_stage_buf_remaining                       bssBANK0     0065
_ep0_data_stage_callback                            bssBANK0     0067
_ep0_data_stage_context                             bssBANK1     00CC
_ep0_data_stage_direc                               bssBANK0     0069
_ep0_data_stage_in_buffer                           bssBANK1     00CA
_ep0_data_stage_out_buffer                          bssBANK0     006A
_ep_buf                                             dataBANK3    01C0
_ep_buffers                                         (abs)        2080
_g_configuration                                    bssBANK0     006E
_handle_ep0_in                                      text37       0D18
_handle_ep0_in$672                                  cstackBANK0  0030
_handle_ep0_out                                     text34       0BEC
_handle_ep0_out$668                                 cstackCOMMON 0073
_handle_ep0_setup                                   text22       0B15
_handle_standard_control_request                    text23       0240
_handle_standard_control_request$637                cstackBANK0  0044
_isr                                                intentry     0204
_main                                               maintext     0CAA
_memset                                             text8        09E7
_pic16_linear_addr                                  text6        0BA1
_process_hid_setup_request                          text29       0E10
_process_hid_setup_request$985                      cstackBANK0  0049
_product_string                                     stringtext4  1057
_reset_bd0_out                                      text21       0902
_reset_ep0_data_stage                               text5        091E
_returning_short                                    bssBANK1     00CD
_send_zero_length_packet_ep0                        text36       08F2
_stall_ep0                                          text35       0914
_stall_ep_in                                        text26       0AB2
_stall_ep_out                                       text25       0A6B
_start_control_return                               text31       0E93
_start_control_return$595                           cstackBANK0  0036
_start_control_return$596                           cstackBANK0  0038
_start_control_return$597                           cstackBANK0  003A
_str00                                              stringtext6  106F
_this_device_descriptor                             stringtext3  1045
_usb_application_config_descs                       dataBANK1    00C8
_usb_application_get_hid_descriptor                 text33       0952
_usb_application_get_hid_report_descriptor          text32       0928
_usb_application_get_string                         text24       0AE1
_usb_arm_out_endpoint                               text13       0D8E
_usb_get_configuration                              text12       08E1
_usb_get_in_buffer                                  text11       09BB
_usb_get_out_buffer                                 text10       0A1A
_usb_in_endpoint_busy                               text9        0996
_usb_in_endpoint_halted                             text2        0973
_usb_init                                           text4        051F
_usb_out_endpoint_has_data                          text3        09A8
_usb_send_data_stage                                text30       0A00
_usb_send_in_buffer                                 text1        0C48
_usb_send_in_buffer_0                               text39       0A89
_usb_service                                        text16       0F1D
_vendor_string                                      stringtext5  1065
app_unknown_setup_request_callback@setup            cstackBANK0  0051
btemp                                               (abs)        007E
end_of_initialization                               cinit        023C
handle_ep0_in@bytes_to_send                         cstackBANK0  0032
handle_ep0_out@bytes_to_copy                        cstackCOMMON 0076
handle_ep0_out@pkt_len                              cstackCOMMON 0075
handle_ep0_setup@res                                cstackBANK0  0058
handle_ep0_setup@setup                              cstackBANK0  0059
handle_standard_control_request@desc                cstackBANK0  004A
handle_standard_control_request@desc_626            cstackBANK0  0051
handle_standard_control_request@descriptor          cstackBANK0  0053
handle_standard_control_request@descriptor_index    cstackBANK0  0054
handle_standard_control_request@ep_dir              cstackBANK0  0050
handle_standard_control_request@ep_num              cstackBANK0  004E
handle_standard_control_request@ep_num_640          cstackBANK0  0055
handle_standard_control_request@flags               cstackBANK0  004F
handle_standard_control_request@len                 cstackBANK0  004C
handle_standard_control_request@req                 cstackBANK0  0046
handle_standard_control_request@res                 cstackBANK0  0048
handle_standard_control_request@ret                 cstackBANK0  0040
handle_standard_control_request@ret_636             cstackBANK0  0042
handle_standard_control_request@ret_638             cstackBANK0  0047
handle_standard_control_request@setup               cstackBANK0  0056
handle_standard_control_request@stall               cstackBANK0  0049
i1___bmul                                           text41       0962
i1___bmul@multiplicand                              cstackCOMMON 0070
i1___bmul@multiplier                                cstackCOMMON 0072
i1___bmul@product                                   cstackCOMMON 0073
i1___wmul                                           text19       0A34
i1___wmul@multiplicand                              cstackCOMMON 0072
i1___wmul@multiplier                                cstackCOMMON 0070
i1___wmul@product                                   cstackCOMMON 0074
i1_memset                                           text20       09CF
i1_pic16_linear_addr                                text18       0B56
i1_reset_ep0_data_stage                             text38       090A
i1_usb_in_endpoint_halted                           text40       0942
i1_usb_init                                         text17       0690
i1memset@c                                          cstackCOMMON 0072
i1memset@n                                          cstackCOMMON 0074
i1memset@p                                          cstackCOMMON 0076
i1memset@p1                                         cstackCOMMON 0070
i1pic16_linear_addr@addr                            cstackCOMMON 007A
i1pic16_linear_addr@high                            cstackCOMMON 0078
i1pic16_linear_addr@low                             cstackCOMMON 0079
i1pic16_linear_addr@ptr                             cstackCOMMON 0076
i1usb_in_endpoint_halted@endpoint                   cstackCOMMON 0075
i1usb_init@ep                                       cstackBANK0  003D
i1usb_init@i                                        cstackBANK0  003F
init_ram                                            inittext     07F4
int$flags                                           (abs)        007E
intlevel0                                           functab      0000
intlevel1                                           functab      0000
intlevel2                                           functab      0000
intlevel3                                           functab      0000
intlevel4                                           functab      0000
intlevel5                                           functab      0000
main@RxDataBuffer                                   cstackBANK1  00C1
main@TxDataBuffer                                   cstackBANK1  00BF
main@counter                                        cstackBANK1  00BE
memset@c                                            cstackBANK1  00A2
memset@n                                            cstackBANK1  00A4
memset@p                                            cstackBANK1  00A6
memset@p1                                           cstackBANK1  00A0
pic16_linear_addr@addr                              cstackBANK1  00B4
pic16_linear_addr@high                              cstackBANK1  00B2
pic16_linear_addr@low                               cstackBANK1  00B3
pic16_linear_addr@ptr                               cstackBANK1  00A6
process_hid_setup_request@desc                      cstackBANK0  004F
process_hid_setup_request@descriptor                cstackBANK0  004C
process_hid_setup_request@interface                 cstackBANK0  004B
process_hid_setup_request@len                       cstackBANK0  004D
process_hid_setup_request@setup                     cstackBANK0  0044
reset_vec                                           reset_vec    0200
stackhi                                             (abs)        23EF
stacklo                                             (abs)        211E
stall_ep_in@ep                                      cstackCOMMON 0077
stall_ep_out@ep                                     cstackCOMMON 0072
start                                               init         0210
start_control_return@bytes_asked_for                cstackBANK0  0034
start_control_return@bytes_to_send                  cstackBANK0  003C
start_control_return@len                            cstackBANK0  0032
start_control_return@ptr                            cstackBANK0  0030
start_initialization                                cinit        0212
usb_application_get_hid_descriptor@p                cstackCOMMON 0073
usb_application_get_hid_descriptor@ptr              cstackCOMMON 0070
usb_application_get_hid_report_descriptor@ptr       cstackCOMMON 0070
usb_application_get_string@ptr                      cstackCOMMON 0070
usb_application_get_string@string_number            cstackCOMMON 0073
usb_arm_out_endpoint@endpoint                       cstackBANK1  00A8
usb_arm_out_endpoint@pid                            cstackBANK1  00A7
usb_get_in_buffer@endpoint                          cstackBANK1  00A7
usb_get_out_buffer@buf                              cstackBANK1  00A4
usb_get_out_buffer@endpoint                         cstackBANK1  00A6
usb_in_endpoint_busy@endpoint                       cstackBANK1  00A1
usb_in_endpoint_halted@endpoint                     cstackBANK1  00A5
usb_init@ep                                         cstackBANK1  00B9
usb_init@i                                          cstackBANK1  00BB
usb_out_endpoint_has_data@endpoint                  cstackBANK1  00A1
usb_send_data_stage@buffer                          cstackBANK0  003D
usb_send_data_stage@callback                        cstackBANK0  0041
usb_send_data_stage@context                         cstackBANK0  0043
usb_send_data_stage@len                             cstackBANK0  003F
usb_send_in_buffer@bd                               cstackBANK1  00AC
usb_send_in_buffer@endpoint                         cstackBANK1  00AB
usb_send_in_buffer@len                              cstackBANK1  00A6
usb_send_in_buffer@pid                              cstackBANK1  00AA
usb_send_in_buffer_0@len                            cstackCOMMON 0076
usb_send_in_buffer_0@pid                            cstackCOMMON 0079
usb_service@ep                                      cstackBANK0  005F
usb_service@i                                       cstackBANK0  0061
usb_service@pid                                     cstackBANK0  0063
wtemp0                                              (abs)        007E


FUNCTION INFORMATION:

 *************** function _main *****************
 Defined at:
		line 38 in file "../main.c"
 Parameters:    Size  Location     Type
		None
 Auto vars:     Size  Location     Type
  RxDataBuffer    2   33[BANK1 ] PTR const unsigned char 
		 -> NULL(0), ep_buffers(144), 
  TxDataBuffer    2   31[BANK1 ] PTR unsigned char 
		 -> NULL(0), ep_buffers(144), 
  counter         1   30[BANK1 ] unsigned char 
 Return value:  Size  Location     Type
                  2   28[None  ] int 
 Registers used:
		wreg, fsr0l, fsr0h, fsr1l, fsr1h, status,2, status,0, pclath, cstack
 Tracked objects:
		On entry : 
		On exit  : 
		Unchanged: 
 Data sizes:     COMMON   BANK0   BANK1   BANK2   BANK3   BANK4   BANK5   BANK6   BANK7   BANK8   BANK9  BANK10  BANK11  BANK12
      Params:         0       0       0       0       0       0       0       0       0       0       0       0       0       0
      Locals:         0       0       5       0       0       0       0       0       0       0       0       0       0       0
      Temps:          0       0       2       0       0       0       0       0       0       0       0       0       0       0
      Totals:         0       0       7       0       0       0       0       0       0       0       0       0       0       0
Total ram usage:        7 bytes
 Hardware stack levels required when called:   13
 This function calls:
		_usb_arm_out_endpoint
		_usb_get_configuration
		_usb_get_in_buffer
		_usb_get_out_buffer
		_usb_in_endpoint_busy
		_usb_in_endpoint_halted
		_usb_init
		_usb_out_endpoint_has_data
		_usb_send_in_buffer
 This function is called by:
		Startup code after reset
 This function uses a non-reentrant model


 *************** function _usb_send_in_buffer *****************
 Defined at:
		line 1444 in file "../usb.c"
 Parameters:    Size  Location     Type
  endpoint        1    wreg     unsigned char 
  len             2    6[BANK1 ] unsigned int 
 Auto vars:     Size  Location     Type
  endpoint        1   11[BANK1 ] unsigned char 
  bd              1   12[BANK1 ] PTR struct buffer_descri
		 -> bds(16), 
  pid             1   10[BANK1 ] unsigned char 
 Return value:  Size  Location     Type
                  1    wreg      void 
 Registers used:
		wreg, fsr1l, fsr1h, status,2, status,0, pclath, cstack
 Tracked objects:
		On entry : 
		On exit  : 
		Unchanged: 
 Data sizes:     COMMON   BANK0   BANK1   BANK2   BANK3   BANK4   BANK5   BANK6   BANK7   BANK8   BANK9  BANK10  BANK11  BANK12
      Params:         0       0       2       0       0       0       0       0       0       0       0       0       0       0
      Locals:         0       0       3       0       0       0       0       0       0       0       0       0       0       0
      Temps:          0       0       2       0       0       0       0       0       0       0       0       0       0       0
      Totals:         0       0       7       0       0       0       0       0       0       0       0       0       0       0
Total ram usage:        7 bytes
 Hardware stack levels used:    1
 Hardware stack levels required when called:   12
 This function calls:
		___bmul
		_usb_in_endpoint_halted
 This function is called by:
		_main
 This function uses a non-reentrant model


 *************** function _usb_in_endpoint_halted *****************
 Defined at:
		line 1496 in file "../usb.c"
 Parameters:    Size  Location     Type
  endpoint        1    wreg     unsigned char 
 Auto vars:     Size  Location     Type
  endpoint        1    5[BANK1 ] unsigned char 
 Return value:  Size  Location     Type
                  1    wreg      unsigned char 
 Registers used:
		wreg, fsr1l, fsr1h, status,2, status,0, pclath, cstack
 Tracked objects:
		On entry : 
		On exit  : 
		Unchanged: 
 Data sizes:     COMMON   BANK0   BANK1   BANK2   BANK3   BANK4   BANK5   BANK6   BANK7   BANK8   BANK9  BANK10  BANK11  BANK12
      Params:         0       0       0       0       0       0       0       0       0       0       0       0       0       0
      Locals:         0       0       1       0       0       0       0       0       0       0       0       0       0       0
      Temps:          0       0       1       0       0       0       0       0       0       0       0       0       0       0
      Totals:         0       0       2       0       0       0       0       0       0       0       0       0       0       0
Total ram usage:        2 bytes
 Hardware stack levels used:    1
 Hardware stack levels required when called:   11
 This function calls:
		___bmul
 This function is called by:
		_main
		_usb_send_in_buffer
 This function uses a non-reentrant model


 *************** function _usb_out_endpoint_has_data *****************
 Defined at:
		line 1518 in file "../usb.c"
 Parameters:    Size  Location     Type
  endpoint        1    wreg     unsigned char 
 Auto vars:     Size  Location     Type
  endpoint        1    1[BANK1 ] unsigned char 
 Return value:  Size  Location     Type
                  1    wreg      unsigned char 
 Registers used:
		wreg, fsr1l, fsr1h, status,2, status,0
 Tracked objects:
		On entry : 
		On exit  : 
		Unchanged: 
 Data sizes:     COMMON   BANK0   BANK1   BANK2   BANK3   BANK4   BANK5   BANK6   BANK7   BANK8   BANK9  BANK10  BANK11  BANK12
      Params:         0       0       0       0       0       0       0       0       0       0       0       0       0       0
      Locals:         0       0       1       0       0       0       0       0       0       0       0       0       0       0
      Temps:          0       0       1       0       0       0       0       0       0       0       0       0       0       0
      Totals:         0       0       2       0       0       0       0       0       0       0       0       0       0       0
Total ram usage:        2 bytes
 Hardware stack levels used:    1
 Hardware stack levels required when called:   10
 This function calls:
		Nothing
 This function is called by:
		_main
 This function uses a non-reentrant model


 *************** function _usb_init *****************
 Defined at:
		line 487 in file "../usb.c"
 Parameters:    Size  Location     Type
		None
 Auto vars:     Size  Location     Type
  ep              2   25[BANK1 ] PTR volatile struct .
		 -> UEP0(1), 
  i               1   27[BANK1 ] unsigned char 
 Return value:  Size  Location     Type
                  1    wreg      void 
 Registers used:
		wreg, fsr1l, fsr1h, status,2, status,0, pclath, cstack
 Tracked objects:
		On entry : 
		On exit  : 
		Unchanged: 
 Data sizes:     COMMON   BANK0   BANK1   BANK2   BANK3   BANK4   BANK5   BANK6   BANK7   BANK8   BANK9  BANK10  BANK11  BANK12
      Params:         0       0       0       0       0       0       0       0       0       0       0       0       0       0
      Locals:         0       0       3       0       0       0       0       0       0       0       0       0       0       0
      Temps:          0       0       3       0       0       0       0       0       0       0       0       0       0       0
      Totals:         0       0       6       0       0       0       0       0       0       0       0       0       0       0
Total ram usage:        6 bytes
 Hardware stack levels used:    1
 Hardware stack levels required when called:   12
 This function calls:
		___bmul
		_memset
		_pic16_linear_addr
		_reset_ep0_data_stage
 This function is called by:
		_main
 This function uses a non-reentrant model


 *************** function _reset_ep0_data_stage *****************
 Defined at:
		line 467 in file "../usb.c"
 Parameters:    Size  Location     Type
		None
 Auto vars:     Size  Location     Type
		None
 Return value:  Size  Location     Type
                  1    wreg      void 
 Registers used:
		status,2
 Tracked objects:
		On entry : 
		On exit  : 
		Unchanged: 
 Data sizes:     COMMON   BANK0   BANK1   BANK2   BANK3   BANK4   BANK5   BANK6   BANK7   BANK8   BANK9  BANK10  BANK11  BANK12
      Params:         0       0       0       0       0       0       0       0       0       0       0       0       0       0
      Locals:         0       0       0       0       0       0       0       0       0       0       0       0       0       0
      Temps:          0       0       0       0       0       0       0       0       0       0       0       0       0       0
      Totals:         0       0       0       0       0       0       0       0       0       0       0       0       0       0
Total ram usage:        0 bytes
 Hardware stack levels used:    1
 Hardware stack levels required when called:   10
 This function calls:
		Nothing
 This function is called by:
		_usb_init
		_usb_start_receive_ep0_data_stage
 This function uses a non-reentrant model


 *************** function _pic16_linear_addr *****************
 Defined at:
		line 449 in file "../usb.c"
 Parameters:    Size  Location     Type
  ptr             2    6[BANK1 ] PTR void 
		 -> NULL(0), ep_buffers(144), 
 Auto vars:     Size  Location     Type
  addr            2   20[BANK1 ] unsigned int 
  low             1   19[BANK1 ] unsigned char 
  high            1   18[BANK1 ] unsigned char 
 Return value:  Size  Location     Type
                  2    6[BANK1 ] unsigned int 
 Registers used:
		wreg, status,2, status,0, pclath, cstack
 Tracked objects:
		On entry : 
		On exit  : 
		Unchanged: 
 Data sizes:     COMMON   BANK0   BANK1   BANK2   BANK3   BANK4   BANK5   BANK6   BANK7   BANK8   BANK9  BANK10  BANK11  BANK12
      Params:         0       0       2       0       0       0       0       0       0       0       0       0       0       0
      Locals:         0       0       4       0       0       0       0       0       0       0       0       0       0       0
      Temps:          0       0      10       0       0       0       0       0       0       0       0       0       0       0
      Totals:         0       0      16       0       0       0       0       0       0       0       0       0       0       0
Total ram usage:       16 bytes
 Hardware stack levels used:    1
 Hardware stack levels required when called:   11
 This function calls:
		___wmul
 This function is called by:
		_usb_init
 This function uses a non-reentrant model


 *************** function ___wmul *****************
 Defined at:
		line 15 in file "C:\Program Files (x86)\Microchip\xc8\v1.44\sources\common\Umul16.c"
 Parameters:    Size  Location     Type
  multiplier      2    0[BANK1 ] unsigned int 
  multiplicand    2    2[BANK1 ] unsigned int 
 Auto vars:     Size  Location     Type
  product         2    4[BANK1 ] unsigned int 
 Return value:  Size  Location     Type
                  2    0[BANK1 ] unsigned int 
 Registers used:
		wreg, status,2, status,0
 Tracked objects:
		On entry : 
		On exit  : 
		Unchanged: 
 Data sizes:     COMMON   BANK0   BANK1   BANK2   BANK3   BANK4   BANK5   BANK6   BANK7   BANK8   BANK9  BANK10  BANK11  BANK12
      Params:         0       0       4       0       0       0       0       0       0       0       0       0       0       0
      Locals:         0       0       2       0       0       0       0       0       0       0       0       0       0       0
      Temps:          0       0       0       0       0       0       0       0       0       0       0       0       0       0
      Totals:         0       0       6       0       0       0       0       0       0       0       0       0       0       0
Total ram usage:        6 bytes
 Hardware stack levels used:    1
 Hardware stack levels required when called:   10
 This function calls:
		Nothing
 This function is called by:
		_pic16_linear_addr
 This function uses a non-reentrant model


 *************** function _memset *****************
 Defined at:
		line 8 in file "C:\Program Files (x86)\Microchip\xc8\v1.44\sources\common\memset.c"
 Parameters:    Size  Location     Type
  p1              2    0[BANK1 ] PTR void 
		 -> bds(16), UEP0(1), 
  c               2    2[BANK1 ] int 
  n               2    4[BANK1 ] unsigned int 
 Auto vars:     Size  Location     Type
  p               2    6[BANK1 ] PTR unsigned char 
		 -> bds(16), UEP0(1), 
 Return value:  Size  Location     Type
                  2    0[BANK1 ] PTR void 
 Registers used:
		wreg, fsr1l, fsr1h, status,2, status,0
 Tracked objects:
		On entry : 
		On exit  : 
		Unchanged: 
 Data sizes:     COMMON   BANK0   BANK1   BANK2   BANK3   BANK4   BANK5   BANK6   BANK7   BANK8   BANK9  BANK10  BANK11  BANK12
      Params:         0       0       6       0       0       0       0       0       0       0       0       0       0       0
      Locals:         0       0       2       0       0       0       0       0       0       0       0       0       0       0
      Temps:          0       0       0       0       0       0       0       0       0       0       0       0       0       0
      Totals:         0       0       8       0       0       0       0       0       0       0       0       0       0       0
Total ram usage:        8 bytes
 Hardware stack levels used:    1
 Hardware stack levels required when called:   10
 This function calls:
		Nothing
 This function is called by:
		_usb_init
 This function uses a non-reentrant model


 *************** function _usb_in_endpoint_busy *****************
 Defined at:
		line 1486 in file "../usb.c"
 Parameters:    Size  Location     Type
  endpoint        1    wreg     unsigned char 
 Auto vars:     Size  Location     Type
  endpoint        1    1[BANK1 ] unsigned char 
 Return value:  Size  Location     Type
                  1    wreg      unsigned char 
 Registers used:
		wreg, fsr1l, fsr1h, status,2, status,0
 Tracked objects:
		On entry : 
		On exit  : 
		Unchanged: 
 Data sizes:     COMMON   BANK0   BANK1   BANK2   BANK3   BANK4   BANK5   BANK6   BANK7   BANK8   BANK9  BANK10  BANK11  BANK12
      Params:         0       0       0       0       0       0       0       0       0       0       0       0       0       0
      Locals:         0       0       1       0       0       0       0       0       0       0       0       0       0       0
      Temps:          0       0       1       0       0       0       0       0       0       0       0       0       0       0
[...]
 Data sizes:     COMMON   BANK0   BANK1   BANK2   BANK3   BANK4   BANK5   BANK6   BANK7   BANK8   BANK9  BANK10  BANK11  BANK12
      Params:         0       7       0       0       0       0       0       0       0       0       0       0       0       0
      Locals:         0       0       0       0       0       0       0       0       0       0       0       0       0       0
      Temps:          1       0       0       0       0       0       0       0       0       0       0       0       0       0
      Totals:         1       7       0       0       0       0       0       0       0       0       0       0       0       0
Total ram usage:        8 bytes
 Hardware stack levels used:    1
 Hardware stack levels required when called:    4
 This function calls:
		_start_control_return
 This function is called by:
		_process_hid_setup_request
 This function uses a non-reentrant model


 *************** function _start_control_return *****************
 Defined at:
		line 811 in file "../usb.c"
 Parameters:    Size  Location     Type
  ptr             2    0[BANK0 ] PTR const void 
		 -> product_string(14), vendor_string(10), str00(4), custom_report_descriptor(28), 
		 -> configuration_1(41), handle_standard_control_request@ret_638(1), handle_standard_control_request@ret_636(2), handle_standard_control_request@ret(2), 
		 -> this_device_descriptor(18), g_configuration(1), 
  len             2    2[BANK0 ] unsigned int 
  bytes_asked_    2    4[BANK0 ] unsigned int 
 Auto vars:     Size  Location     Type
  bytes_to_sen    1   12[BANK0 ] unsigned char 
 Return value:  Size  Location     Type
                  1    wreg      void 
 Registers used:
		wreg, fsr0l, fsr0h, fsr1l, fsr1h, status,2, status,0, pclath, cstack
 Tracked objects:
		On entry : 
		On exit  : 
		Unchanged: 
 Data sizes:     COMMON   BANK0   BANK1   BANK2   BANK3   BANK4   BANK5   BANK6   BANK7   BANK8   BANK9  BANK10  BANK11  BANK12
      Params:         0       6       0       0       0       0       0       0       0       0       0       0       0       0
      Locals:         0       7       0       0       0       0       0       0       0       0       0       0       0       0
      Temps:          2       0       0       0       0       0       0       0       0       0       0       0       0       0
      Totals:         2      13       0       0       0       0       0       0       0       0       0       0       0       0
Total ram usage:       15 bytes
 Hardware stack levels used:    1
 Hardware stack levels required when called:    3
 This function calls:
		_usb_send_in_buffer_0
 This function is called by:
		_handle_standard_control_request
		_usb_send_data_stage
 This function uses a non-reentrant model


 *************** function _usb_application_get_hid_report_descriptor *****************
 Defined at:
		line 217 in file "../usb_descriptors.c"
 Parameters:    Size  Location     Type
  interface       1    wreg     unsigned char 
  ptr             1    0[COMMON] PTR PTR const void 
		 -> process_hid_setup_request@desc(2), 
 Auto vars:     Size  Location     Type
  interface       1    0[COMMON] unsigned char 
 Return value:  Size  Location     Type
                  2    0[COMMON] int 
 Registers used:
		wreg, fsr1l, fsr1h, status,2, status,0
 Tracked objects:
		On entry : 
		On exit  : 
		Unchanged: 
 Data sizes:     COMMON   BANK0   BANK1   BANK2   BANK3   BANK4   BANK5   BANK6   BANK7   BANK8   BANK9  BANK10  BANK11  BANK12
      Params:         3       0       0       0       0       0       0       0       0       0       0       0       0       0
      Locals:         0       0       0       0       0       0       0       0       0       0       0       0       0       0
      Temps:          0       0       0       0       0       0       0       0       0       0       0       0       0       0
      Totals:         3       0       0       0       0       0       0       0       0       0       0       0       0       0
Total ram usage:        3 bytes
 Hardware stack levels used:    1
 This function calls:
		Nothing
 This function is called by:
		_process_hid_setup_request
 This function uses a non-reentrant model


 *************** function _usb_application_get_hid_descriptor *****************
 Defined at:
		line 207 in file "../usb_descriptors.c"
 Parameters:    Size  Location     Type
  interface       1    wreg     unsigned char 
  ptr             1    0[COMMON] PTR PTR const void 
		 -> process_hid_setup_request@desc(2), 
 Auto vars:     Size  Location     Type
  interface       1    0[COMMON] unsigned char 
  p               2    3[COMMON] PTR const void 
		 -> configuration_1.hid(9), configuration_1(41), 
 Return value:  Size  Location     Type
                  2    0[COMMON] int 
 Registers used:
		wreg, fsr1l, fsr1h
 Tracked objects:
		On entry : 
		On exit  : 
		Unchanged: 
 Data sizes:     COMMON   BANK0   BANK1   BANK2   BANK3   BANK4   BANK5   BANK6   BANK7   BANK8   BANK9  BANK10  BANK11  BANK12
      Params:         3       0       0       0       0       0       0       0       0       0       0       0       0       0
      Locals:         2       0       0       0       0       0       0       0       0       0       0       0       0       0
      Temps:          0       0       0       0       0       0       0       0       0       0       0       0       0       0
      Totals:         5       0       0       0       0       0       0       0       0       0       0       0       0       0
Total ram usage:        5 bytes
 Hardware stack levels used:    1
 This function calls:
		Nothing
 This function is called by:
		_process_hid_setup_request
 This function uses a non-reentrant model


 *************** function _handle_ep0_out *****************
 Defined at:
		line 1207 in file "../usb.c"
 Parameters:    Size  Location     Type
		None
 Auto vars:     Size  Location     Type
  bytes_to_cop    1    6[COMMON] unsigned char 
  pkt_len         1    5[COMMON] unsigned char 
 Return value:  Size  Location     Type
                  1    wreg      void 
 Registers used:
		wreg, fsr0l, fsr0h, fsr1l, fsr1h, status,2, status,0, pclath, cstack
 Tracked objects:
		On entry : 
		On exit  : 
		Unchanged: 
 Data sizes:     COMMON   BANK0   BANK1   BANK2   BANK3   BANK4   BANK5   BANK6   BANK7   BANK8   BANK9  BANK10  BANK11  BANK12
      Params:         0       0       0       0       0       0       0       0       0       0       0       0       0       0
      Locals:         4       0       0       0       0       0       0       0       0       0       0       0       0       0
      Temps:          2       0       0       0       0       0       0       0       0       0       0       0       0       0
      Totals:         6       0       0       0       0       0       0       0       0       0       0       0       0       0
Total ram usage:        6 bytes
 Hardware stack levels used:    1
 Hardware stack levels required when called:    1
 This function calls:
		_send_zero_length_packet_ep0
		_stall_ep0
		i1_reset_ep0_data_stage
 This function is called by:
		_usb_service
 This function uses a non-reentrant model


 *************** function _stall_ep0 *****************
 Defined at:
		line 678 in file "../usb.c"
 Parameters:    Size  Location     Type
		None
 Auto vars:     Size  Location     Type
		None
 Return value:  Size  Location     Type
                  1    wreg      void 
 Registers used:
		wreg
 Tracked objects:
		On entry : 
		On exit  : 
		Unchanged: 
 Data sizes:     COMMON   BANK0   BANK1   BANK2   BANK3   BANK4   BANK5   BANK6   BANK7   BANK8   BANK9  BANK10  BANK11  BANK12
      Params:         0       0       0       0       0       0       0       0       0       0       0       0       0       0
      Locals:         0       0       0       0       0       0       0       0       0       0       0       0       0       0
      Temps:          1       0       0       0       0       0       0       0       0       0       0       0       0       0
      Totals:         1       0       0       0       0       0       0       0       0       0       0       0       0       0
Total ram usage:        1 bytes
 Hardware stack levels used:    1
 This function calls:
		Nothing
 This function is called by:
		_handle_standard_control_request
		_handle_ep0_setup
		_handle_ep0_out
		_usb_service
 This function uses a non-reentrant model


 *************** function _send_zero_length_packet_ep0 *****************
 Defined at:
		line 727 in file "../usb.c"
 Parameters:    Size  Location     Type
		None
 Auto vars:     Size  Location     Type
		None
 Return value:  Size  Location     Type
                  1    wreg      void 
 Registers used:
		wreg, status,2
 Tracked objects:
		On entry : 
		On exit  : 
		Unchanged: 
 Data sizes:     COMMON   BANK0   BANK1   BANK2   BANK3   BANK4   BANK5   BANK6   BANK7   BANK8   BANK9  BANK10  BANK11  BANK12
      Params:         0       0       0       0       0       0       0       0       0       0       0       0       0       0
      Locals:         0       0       0       0       0       0       0       0       0       0       0       0       0       0
      Temps:          1       0       0       0       0       0       0       0       0       0       0       0       0       0
      Totals:         1       0       0       0       0       0       0       0       0       0       0       0       0       0
Total ram usage:        1 bytes
 Hardware stack levels used:    1
 This function calls:
		Nothing
 This function is called by:
		_handle_standard_control_request
		_handle_ep0_out
 This function uses a non-reentrant model


 *************** function _handle_ep0_in *****************
 Defined at:
		line 1269 in file "../usb.c"
 Parameters:    Size  Location     Type
		None
 Auto vars:     Size  Location     Type
  bytes_to_sen    1    2[BANK0 ] unsigned char 
 Return value:  Size  Location     Type
                  1    wreg      void 
 Registers used:
		wreg, fsr0l, fsr0h, fsr1l, fsr1h, status,2, status,0, pclath, cstack
 Tracked objects:
		On entry : 
		On exit  : 
		Unchanged: 
 Data sizes:     COMMON   BANK0   BANK1   BANK2   BANK3   BANK4   BANK5   BANK6   BANK7   BANK8   BANK9  BANK10  BANK11  BANK12
      Params:         0       0       0       0       0       0       0       0       0       0       0       0       0       0
      Locals:         0       3       0       0       0       0       0       0       0       0       0       0       0       0
      Temps:          2       0       0       0       0       0       0       0       0       0       0       0       0       0
      Totals:         2       3       0       0       0       0       0       0       0       0       0       0       0       0
Total ram usage:        5 bytes
 Hardware stack levels used:    1
 Hardware stack levels required when called:    3
 This function calls:
		_usb_send_in_buffer_0
		i1_reset_ep0_data_stage
 This function is called by:
		_usb_service
 This function uses a non-reentrant model


 *************** function i1_reset_ep0_data_stage *****************
 Defined at:
		line 467 in file "../usb.c"
 Parameters:    Size  Location     Type
		None
 Auto vars:     Size  Location     Type
		None
 Return value:  Size  Location     Type
                  1    wreg      void 
 Registers used:
		status,2
 Tracked objects:
		On entry : 
		On exit  : 
		Unchanged: 
 Data sizes:     COMMON   BANK0   BANK1   BANK2   BANK3   BANK4   BANK5   BANK6   BANK7   BANK8   BANK9  BANK10  BANK11  BANK12
      Params:         0       0       0       0       0       0       0       0       0       0       0       0       0       0
      Locals:         0       0       0       0       0       0       0       0       0       0       0       0       0       0
      Temps:          0       0       0       0       0       0       0       0       0       0       0       0       0       0
      Totals:         0       0       0       0       0       0       0       0       0       0       0       0       0       0
Total ram usage:        0 bytes
 Hardware stack levels used:    1
 This function calls:
		Nothing
 This function is called by:
		_handle_ep0_setup
		_handle_ep0_out
		_handle_ep0_in
		i1_usb_init
 This function uses a non-reentrant model


 *************** function _usb_send_in_buffer_0 *****************
 Defined at:
		line 740 in file "../usb.c"
 Parameters:    Size  Location     Type
  len             2    6[COMMON] unsigned int 
 Auto vars:     Size  Location     Type
  pid             1    9[COMMON] unsigned char 
 Return value:  Size  Location     Type
                  1    wreg      void 
 Registers used:
		wreg, fsr1l, fsr1h, status,2, status,0, pclath, cstack
 Tracked objects:
		On entry : 
		On exit  : 
		Unchanged: 
 Data sizes:     COMMON   BANK0   BANK1   BANK2   BANK3   BANK4   BANK5   BANK6   BANK7   BANK8   BANK9  BANK10  BANK11  BANK12
      Params:         2       0       0       0       0       0       0       0       0       0       0       0       0       0
      Locals:         1       0       0       0       0       0       0       0       0       0       0       0       0       0
      Temps:          1       0       0       0       0       0       0       0       0       0       0       0       0       0
      Totals:         4       0       0       0       0       0       0       0       0       0       0       0       0       0
Total ram usage:        4 bytes
 Hardware stack levels used:    1
 Hardware stack levels required when called:    2
 This function calls:
		i1_usb_in_endpoint_halted
 This function is called by:
		_start_control_return
		_handle_ep0_in
 This function uses a non-reentrant model


 *************** function i1_usb_in_endpoint_halted *****************
 Defined at:
		line 1496 in file "../usb.c"
 Parameters:    Size  Location     Type
  endpoint        1    wreg     unsigned char 
 Auto vars:     Size  Location     Type
  endpoint        1    5[COMMON] unsigned char 
 Return value:  Size  Location     Type
                  1    wreg      unsigned char 
 Registers used:
		wreg, fsr1l, fsr1h, status,2, status,0, pclath, cstack
 Tracked objects:
		On entry : 
		On exit  : 
		Unchanged: 
 Data sizes:     COMMON   BANK0   BANK1   BANK2   BANK3   BANK4   BANK5   BANK6   BANK7   BANK8   BANK9  BANK10  BANK11  BANK12
      Params:         0       0       0       0       0       0       0       0       0       0       0       0       0       0
      Locals:         1       0       0       0       0       0       0       0       0       0       0       0       0       0
      Temps:          1       0       0       0       0       0       0       0       0       0       0       0       0       0
      Totals:         2       0       0       0       0       0       0       0       0       0       0       0       0       0
Total ram usage:        2 bytes
 Hardware stack levels used:    1
 Hardware stack levels required when called:    1
 This function calls:
		i1___bmul
 This function is called by:
		_usb_send_in_buffer_0
 This function uses a non-reentrant model


 *************** function i1___bmul *****************
 Defined at:
		line 4 in file "C:\Program Files (x86)\Microchip\xc8\v1.44\sources\common\Umul8.c"
 Parameters:    Size  Location     Type
  multiplier      1    wreg     unsigned char 
  multiplicand    1    0[COMMON] unsigned char 
 Auto vars:     Size  Location     Type
  multiplier      1    2[COMMON] unsigned char 
  __bmul          1    3[COMMON] unsigned char 
 Return value:  Size  Location     Type
                  1    wreg      unsigned char 
 Registers used:
		wreg, status,2, status,0
 Tracked objects:
		On entry : 
		On exit  : 
		Unchanged: 
 Data sizes:     COMMON   BANK0   BANK1   BANK2   BANK3   BANK4   BANK5   BANK6   BANK7   BANK8   BANK9  BANK10  BANK11  BANK12
      Params:         1       0       0       0       0       0       0       0       0       0       0       0       0       0
      Locals:         2       0       0       0       0       0       0       0       0       0       0       0       0       0
      Temps:          1       0       0       0       0       0       0       0       0       0       0       0       0       0
      Totals:         4       0       0       0       0       0       0       0       0       0       0       0       0       0
Total ram usage:        4 bytes
 Hardware stack levels used:    1
 This function calls:
		Nothing
 This function is called by:
		_stall_ep_in
		_handle_standard_control_request
		_usb_service
		i1_usb_init
		i1_usb_in_endpoint_halted
 This function uses a non-reentrant model



MODULE INFORMATION

Module		Function		Class		Link	Load	Size
../main.c
		_main          		CODE           	0CAA	0000	111
		_isr           		CODE           	0204	0000	13
		_app_unknown_setup_request_callback		CODE           	08FA	0000	9

../main.c estimated size: 133

C:\Program Files (x86)\Microchip\xc8\v1.44\sources\common\memset.c
		_memset        		CODE           	09E7	0000	26

C:\Program Files (x86)\Microchip\xc8\v1.44\sources\common\memset.c estimated size: 26

../usb.c
		_usb_send_in_buffer		CODE           	0C48	0000	99
		_stall_ep_in   		CODE           	0AB2	0000	48
		_stall_ep_out  		CODE           	0A6B	0000	31
		_usb_get_out_buffer		CODE           	0A1A	0000	27
		_usb_in_endpoint_halted		CODE           	0973	0000	18
		_usb_service   		CODE           	0F1D	0000	228
		_usb_get_configuration		CODE           	08E1	0000	4
		_usb_send_data_stage		CODE           	0A00	0000	27
		_handle_standard_control_request		CODE           	0240	0000	736
		_usb_send_in_buffer_0		CODE           	0A89	0000	42
		_reset_bd0_out 		CODE           	0902	0000	9
		_usb_init      		CODE           	051F	0000	370
		_usb_out_endpoint_has_data		CODE           	09A8	0000	20
		_usb_arm_out_endpoint		CODE           	0D8E	0000	131
		_handle_ep0_in 		CODE           	0D18	0000	119
		_usb_in_endpoint_busy		CODE           	0996	0000	19
		_clear_ep0_stall		CODE           	08E4	0000	8
		_handle_ep0_setup		CODE           	0B15	0000	66
		_pic16_linear_addr		CODE           	0BA1	0000	76
		_handle_ep0_out		CODE           	0BEC	0000	93
		_start_control_return		CODE           	0E93	0000	139
		_usb_get_in_buffer		CODE           	09BB	0000	21
		_reset_ep0_data_stage		CODE           	091E	0000	11
		_send_zero_length_packet_ep0		CODE           	08F2	0000	9
		_stall_ep0     		CODE           	0914	0000	11

../usb.c estimated size: 2362

C:\Program Files (x86)\Microchip\xc8\v1.44\sources\common\Umul8.c
		___bmul        		CODE           	0984	0000	19

C:\Program Files (x86)\Microchip\xc8\v1.44\sources\common\Umul8.c estimated size: 19

C:\Program Files (x86)\Microchip\xc8\v1.44\sources\common\Umul16.c
		___wmul        		CODE           	0A4F	0000	29

C:\Program Files (x86)\Microchip\xc8\v1.44\sources\common\Umul16.c estimated size: 29

shared
		_str00         		STRCODE        	106F	0000	5
		_product_string		STRCODE        	1057	0000	15
		i1_usb_init    		CODE           	0690	0000	357
		i1___wmul      		CODE           	0A34	0000	28
		_configuration_1		STRCODE        	1000	0000	42
		_custom_report_descriptor		STRCODE        	1029	0000	29
		__initialization		CODE           	0212	0000	43
		i1_usb_in_endpoint_halted		CODE           	0942	0000	17
		_vendor_string 		STRCODE        	1065	0000	11
		i1_pic16_linear_addr		CODE           	0B56	0000	76
		i1___bmul      		CODE           	0962	0000	18
		i1_memset      		CODE           	09CF	0000	25
		_this_device_descriptor		STRCODE        	1045	0000	19
		i1_reset_ep0_data_stage		CODE           	090A	0000	11

shared estimated size: 696

../usb_hid.c
		_process_hid_setup_request		CODE           	0E10	0000	132

../usb_hid.c estimated size: 132

../usb_descriptors.c
		_usb_application_get_string		CODE           	0AE1	0000	53
		_usb_application_get_hid_descriptor		CODE           	0952	0000	17
		_usb_application_get_hid_report_descriptor		CODE           	0928	0000	13

../usb_descriptors.c estimated size: 83

