Microchip MPLAB XC8 Compiler V1.44 ()

Linker command line:

-W-3 --edf=C:\Program Files (x86)\Microchip\xc8\v1.44\dat\en_msgs.txt -cs \
  -h+dist/default/production\RTC_MCP7941x_1936_Int.production.sym \
  --cmf=dist/default/production\RTC_MCP7941x_1936_Int.production.cmf -z \
  -Q16F1936 -oC:\Users\dungl\AppData\Local\Temp\s5tk.2 \
  -Mdist/default/production/RTC_MCP7941x_1936_Int.production.map -E1 \
  -ver=XC8 -ASTACK=0206Fh-021efh -pstack=STACK -ACODE=00h-07FFhx4 \
  -ASTRCODE=00h-01FFFh -ASTRING=00h-0FFhx32 -ACONST=00h-0FFhx32 \
  -AENTRY=00h-0FFhx32 -ACOMMON=070h-07Fh -ABANK0=020h-06Fh \
  -ABANK1=0A0h-0EFh -ABANK2=0120h-016Fh -ABANK3=01A0h-01EFh \
  -ABANK4=0220h-026Fh -ABANK5=02A0h-02EFh -ABANK6=0320h-032Fh \
  -ABIGRAM=02000h-021EFh \
  -ARAM=020h-06Fh,0A0h-0EFh,0120h-016Fh,01A0h-01EFh,0220h-026Fh,02A0h-02EFh,0320h-032Fh \
  -AABS1=020h-07Fh,0A0h-0EFh,0120h-016Fh,01A0h-01EFh,0220h-026Fh,02A0h-02EFh,0320h-032Fh \
  -ASFR0=00h-01Fh -ASFR1=080h-09Fh -ASFR2=0100h-011Fh -ASFR3=0180h-019Fh \
  -ASFR4=0200h-021Fh -ASFR5=0280h-029Fh -ASFR6=0300h-031Fh \
  -ASFR7=0380h-03EFh -ASFR8=0400h-046Fh -ASFR9=0480h-04EFh \
  -ASFR10=0500h-056Fh -ASFR11=0580h-05EFh -ASFR12=0600h-066Fh \
  -ASFR13=0680h-06EFh -ASFR14=0700h-076Fh -ASFR15=0780h-07EFh \
  -ASFR16=0800h-086Fh -ASFR17=0880h-08EFh -ASFR18=0900h-096Fh \
  -ASFR19=0980h-09EFh -ASFR20=0A00h-0A6Fh -ASFR21=0A80h-0AEFh \
  -ASFR22=0B00h-0B6Fh -ASFR23=0B80h-0BEFh -ASFR24=0C00h-0C6Fh \
  -ASFR25=0C80h-0CEFh -ASFR26=0D00h-0D6Fh -ASFR27=0D80h-0DEFh \
  -ASFR28=0E00h-0E6Fh -ASFR29=0E80h-0EEFh -ASFR30=0F00h-0F6Fh \
  -ASFR31=0F80h-0FEFh -preset_vec=00h,intentry=04h,init,end_init \
  -ppowerup=CODE -pcinit=CODE -pfunctab=ENTRY -ACONFIG=08007h-08008h \
  -pconfig=CONFIG -DCONFIG=2 -AIDLOC=08000h-08003h -pidloc=IDLOC -DIDLOC=2 \
  -AEEDATA=00h-0FFh/0F000h -peeprom_data=EEDATA -DEEDATA=2 -DCODE=2 \
  -DSTRCODE=2 -DSTRING=2 -DCONST=2 -DENTRY=2 -k \
  C:\Users\dungl\AppData\Local\Temp\s5tk.obj \
  dist/default/production\RTC_MCP7941x_1936_Int.production.obj 

Object code version is 3.11

Machine type is 16F1936



                Name                               Link     Load   Length Selector   Space Scale
C:\Users\dungl\AppData\Local\Temp\s5tk.obj
                end_init                             2B       2B        2        8       0
                reset_vec                             0        0        2        0       0
                config                             8007     8007        2    1000E       0
dist/default/production\RTC_MCP7941x_1936_Int.production.obj
                cinit                                2D       2D       19        8       0
                intentry                              4        4       27        8       0
                text41                              7FF      7FF        1        8       0
                text40                              FAD      FAD       11     1F5A       0
                text39                              7E3      7E3       1B        8       0
                swtext1                             800      800       18     1000       0
                text38                              1CB      1CB      143        8       0
                text37                              7FE      7FE        1        8       0
                text36                              F61      F61        B     1EC2       0
                text35                              78C      78C       1E        8       0
                text33                              6B5      6B5       28        8       0
                text32                              4E4      4E4       45        8       0
                text31                              6DD      6DD       27        8       0
                text30                              74D      74D       20        8       0
                text29                              68D      68D       28        8       0
                text28                              529      529       3F        8       0
                text27                              FBE      FBE       12     1F7C       0
                text26                              76D      76D       1F        8       0
                text25                              5D3      5D3       32        8       0
                text24                              704      704       25        8       0
                text23                              660      660       2D        8       0
                text22                              3FB      3FB       52        8       0
                text21                              605      605       2E        8       0
                text20                              396      396       65        8       0
                text19                              568      568       36        8       0
                text18                              F58      F58        9     1EB0       0
                text17                              F77      F77        C     1EEE       0
                text16                              FE7      FE7       19     1FCE       0
                text15                              F51      F51        7     1EA2       0
                text14                              7AA      7AA       1D        8       0
                text13                              F47      F47        4     1E8E       0
                text12                              F8F      F8F        F     1F1E       0
                text11                              729      729       24        8       0
                text10                              F83      F83        C     1F06       0
                text9                               FD0      FD0       17     1FA0       0
                text8                               499      499       4B        8       0
                text7                               F6C      F6C        B     1ED8       0
                text6                               44D      44D       4C        8       0
                text5                               59E      59E       35        8       0
                text4                               633      633       2D        8       0
                text3                               7C7      7C7       1C        8       0
                text2                               F9E      F9E        F     1F3C       0
                text1                                46       46      185        8       0
                maintext                            30E      30E       88        8       0
                cstackBANK0                          20       20       49       20       1
                cstackCOMMON                         70       70        8       70       1
                clrtext                             F4B      F4B        6     1E96       0
                bssBANK1                             A0       A0       1F       A0       1
                bssBANK0                             69       69        7       20       1
                bssCOMMON                            78       78        6       70       1
                stringtext3                        1015     1015        F     2000       0
                stringtext2                        1000     1000       15     2000       0
                stringtext1                        1024     1024        A     2000       0

TOTAL           Name                               Link     Load   Length     Space
        CLASS   STACK          

        CLASS   CODE           
                end_init                             2B       2B        2         0
                cinit                                2D       2D       19         0
                intentry                              4        4       27         0
                reset_vec                             0        0        2         0
                text41                              7FF      7FF        1         0
                text40                              FAD      FAD       11         0
                text39                              7E3      7E3       1B         0
                text38                              1CB      1CB      143         0
                text37                              7FE      7FE        1         0
                text36                              F61      F61        B         0
                text35                              78C      78C       1E         0
                text33                              6B5      6B5       28         0
                text32                              4E4      4E4       45         0
                text31                              6DD      6DD       27         0
                text30                              74D      74D       20         0
                text29                              68D      68D       28         0
                text28                              529      529       3F         0
                text27                              FBE      FBE       12         0
                text26                              76D      76D       1F         0
                text25                              5D3      5D3       32         0
                text24                              704      704       25         0
                text23                              660      660       2D         0
                text22                              3FB      3FB       52         0
                text21                              605      605       2E         0
                text20                              396      396       65         0
                text19                              568      568       36         0
                text18                              F58      F58        9         0
                text17                              F77      F77        C         0
                text16                              FE7      FE7       19         0
                text15                              F51      F51        7         0
                text14                              7AA      7AA       1D         0
                text13                              F47      F47        4         0
                text12                              F8F      F8F        F         0
                text11                              729      729       24         0
                text10                              F83      F83        C         0
                text9                               FD0      FD0       17         0
                text8                               499      499       4B         0
                text7                               F6C      F6C        B         0
                text6                               44D      44D       4C         0
                text5                               59E      59E       35         0
                text4                               633      633       2D         0
                text3                               7C7      7C7       1C         0
                text2                               F9E      F9E        F         0
                text1                                46       46      185         0
                maintext                            30E      30E       88         0
                clrtext                             F4B      F4B        6         0

        CLASS   STRCODE        
                stringtext3                        1015     1015        F         0
                stringtext2                        1000     1000       15         0
                stringtext1                        1024     1024        A         0

        CLASS   STRING         

        CLASS   CONST          
                swtext1                             800      800       18         0

        CLASS   ENTRY          

        CLASS   COMMON         
                cstackCOMMON                         70       70        8         1
                bssCOMMON                            78       78        6         1

        CLASS   BANK0          
                cstackBANK0                          20       20       49         1
                bssBANK0                             69       69        7         1

        CLASS   BANK1          
                bssBANK1                             A0       A0       1F         1

        CLASS   BANK2          

        CLASS   BANK3          

        CLASS   BANK4          

        CLASS   BANK5          

        CLASS   BANK6          

        CLASS   BIGRAM         

        CLASS   RAM            

        CLASS   ABS1           
                abs_s1                               7E       7E        2         1

        CLASS   SFR0           

        CLASS   SFR1           

        CLASS   SFR2           

        CLASS   SFR3           

        CLASS   SFR4           

        CLASS   SFR5           

        CLASS   SFR6           

        CLASS   SFR7           

        CLASS   SFR8           

        CLASS   SFR9           

        CLASS   SFR10          

        CLASS   SFR11          

        CLASS   SFR12          

        CLASS   SFR13          

        CLASS   SFR14          

        CLASS   SFR15          

        CLASS   SFR16          

        CLASS   SFR17          

        CLASS   SFR18          

        CLASS   SFR19          

        CLASS   SFR20          

        CLASS   SFR21          

        CLASS   SFR22          

        CLASS   SFR23          

        CLASS   SFR24          

        CLASS   SFR25          

        CLASS   SFR26          

        CLASS   SFR27          

        CLASS   SFR28          

        CLASS   SFR29          

        CLASS   SFR30          

        CLASS   SFR31          

        CLASS   CONFIG         
                config                             8007     8007        2         0

        CLASS   IDLOC          

        CLASS   EEDATA         

        CLASS   BANK31         

        CLASS   BANK30         

        CLASS   BANK29         

        CLASS   BANK28         

        CLASS   BANK27         

        CLASS   BANK26         

        CLASS   BANK25         

        CLASS   BANK24         

        CLASS   BANK23         

        CLASS   BANK22         

        CLASS   BANK21         

        CLASS   BANK20         

        CLASS   BANK19         

        CLASS   BANK18         

        CLASS   BANK17         

        CLASS   BANK16         

        CLASS   BANK15         

        CLASS   BANK14         

        CLASS   BANK13         

        CLASS   BANK12         

        CLASS   BANK11         

        CLASS   BANK10         

        CLASS   BANK9          

        CLASS   BANK8          

        CLASS   BANK7          



SEGMENTS        Name                           Load    Length   Top    Selector   Space  Class     Delta

                reset_vec                      000000  000002  000002         0       0  CODE        2
                intentry                       000004  0007FC  000800         8       0  CODE        2
                cstackBANK0                    000020  000050  000070        20       1  BANK0       1
                cstackCOMMON                   000070  00000E  00007E        70       1  COMMON      1
                bssBANK1                       0000A0  00001F  0000BF        A0       1  BANK1       1
                swtext1                        000800  000018  000818      1000       0  CONST       2
                text13                         000F47  000004  000F4B      1E8E       0  CODE        2
                clrtext                        000F4B  000006  000F51      1E96       0  CODE        2
                text15                         000F51  000007  000F58      1EA2       0  CODE        2
                text18                         000F58  000009  000F61      1EB0       0  CODE        2
                text36                         000F61  00000B  000F6C      1EC2       0  CODE        2
                text7                          000F6C  00000B  000F77      1ED8       0  CODE        2
                text17                         000F77  00000C  000F83      1EEE       0  CODE        2
                text10                         000F83  00000C  000F8F      1F06       0  CODE        2
                text12                         000F8F  00000F  000F9E      1F1E       0  CODE        2
                text2                          000F9E  00000F  000FAD      1F3C       0  CODE        2
                text40                         000FAD  000011  000FBE      1F5A       0  CODE        2
                text27                         000FBE  000012  000FD0      1F7C       0  CODE        2
                text9                          000FD0  000017  000FE7      1FA0       0  CODE        2
                text16                         000FE7  000019  001000      1FCE       0  CODE        2
                stringtext2                    001000  00002E  00102E      2000       0  STRCODE     2
                config                         008007  000002  008009     1000E       0  CONFIG      2


UNUSED ADDRESS RANGES

        Name                Unused          Largest block    Delta
        BANK1            000BF-000EF              31           1
        BANK2            00120-0016F              50           1
        BANK3            001A0-001EF              50           1
        BANK4            00220-0026F              50           1
        BANK5            002A0-002EF              50           1
        BANK6            00320-0032F              10           1
        BIGRAM           02000-021EF             1F0           1
        CODE             00002-00003               2           2
                         00818-00F46             72F
                         0102E-01FFF             7D2
        CONST            00002-00003               2           2
                         00818-00F46             100
                         0102E-01FFF             100
        EEDATA           0F000-0F0FF             100           2
        ENTRY            00002-00003               2           2
                         00818-00F46             100
                         0102E-01FFF             100
        IDLOC            08000-08003               4           2
        RAM              000BF-000EF              31           1
                         00120-0016F              50
                         001A0-001EF              50
                         00220-0026F              50
                         002A0-002EF              50
                         00320-0032F              10
        SFR0             00000-0001F              20           1
        SFR1             00080-0009F              20           1
        SFR10            00500-0056F              70           1
        SFR11            00580-005EF              70           1
        SFR12            00600-0066F              70           1
        SFR13            00680-006EF              70           1
        SFR14            00700-0076F              70           1
        SFR15            00780-007EF              70           1
        SFR16            00800-0086F              70           1
        SFR17            00880-008EF              70           1
        SFR18            00900-0096F              70           1
        SFR19            00980-009EF              70           1
        SFR2             00100-0011F              20           1
        SFR20            00A00-00A6F              70           1
        SFR21            00A80-00AEF              70           1
        SFR22            00B00-00B6F              70           1
        SFR23            00B80-00BEF              70           1
        SFR24            00C00-00C6F              70           1
        SFR25            00C80-00CEF              70           1
        SFR26            00D00-00D6F              70           1
        SFR27            00D80-00DEF              70           1
        SFR28            00E00-00E6F              70           1
        SFR29            00E80-00EEF              70           1
        SFR3             00180-0019F              20           1
        SFR30            00F00-00F6F              70           1
        SFR31            00F80-00FEF              70           1
        SFR4             00200-0021F              20           1
        SFR5             00280-0029F              20           1
        SFR6             00300-0031F              20           1
        SFR7             00380-003EF              70           1
        SFR8             00400-0046F              70           1
        SFR9             00480-004EF              70           1
        STACK            0206F-021EF             181           1
        STRCODE          00002-00003               2           2
                         00818-00F46             72F
                         0102E-01FFF             FD2
        STRING           00002-00003               2           2
                         00818-00F46             100
                         0102E-01FFF             100

                                  Symbol Table

?___awdiv                                cstackBANK0  00020
?___lwdiv                                cstackBANK0  00020
?___lwmod                                cstackBANK0  00028
?___wmul                                 cstackBANK0  00020
?_sprintf                                cstackBANK0  0002E
I2C_ISR@i2c_10bit_address_restart        bssBANK1     000AC
I2C_ISR@i2c_address                      bssCOMMON    0007C
I2C_ISR@i2c_bytes_left                   bssBANK1     000AD
I2C_ISR@pi2c_buf_ptr                     bssBANK1     000A8
I2C_MasterRead@address                   cstackBANK0  0002B
I2C_MasterRead@length                    cstackBANK0  0002A
I2C_MasterRead@pdata                     cstackBANK0  00028
I2C_MasterRead@pflag                     cstackBANK0  0002D
I2C_MasterRead@trBlock                   bssBANK1     000AF
I2C_MasterReadTRBBuild@address           cstackBANK0  00023
I2C_MasterReadTRBBuild@length            cstackBANK0  00022
I2C_MasterReadTRBBuild@pdata             cstackBANK0  00020
I2C_MasterReadTRBBuild@ptrb              cstackBANK0  00027
I2C_MasterTRBInsert@count                cstackBANK0  00023
I2C_MasterTRBInsert@pflag                cstackBANK0  00021
I2C_MasterTRBInsert@ptrb_list            cstackBANK0  00020
I2C_MasterWrite@address                  cstackBANK0  00028
I2C_MasterWrite@length                   cstackBANK0  00027
I2C_MasterWrite@pdata                    cstackBANK0  0002D
I2C_MasterWrite@pflag                    cstackBANK0  0002A
I2C_MasterWrite@trBlock                  bssBANK1     000B4
I2C_MasterWriteTRBBuild@address          cstackBANK0  00022
I2C_MasterWriteTRBBuild@length           cstackBANK0  00021
I2C_MasterWriteTRBBuild@pdata            cstackBANK0  00020
I2C_MasterWriteTRBBuild@ptrb             cstackBANK0  00026
I2C_Stop@completion_code                 cstackCOMMON 00072
INT_SetInterruptHandler@InterruptHandler cstackBANK0  00020
RTC_Init@trim                            cstackBANK0  0003F
RTC_Read@address                         cstackBANK0  00033
RTC_Read@data                            cstackBANK0  00034
RTC_Set_DateTime@day                     cstackBANK0  0003C
RTC_Set_DateTime@dow                     cstackBANK0  00035
RTC_Set_DateTime@hour                    cstackBANK0  00036
RTC_Set_DateTime@leap                    cstackBANK0  00039
RTC_Set_DateTime@min                     cstackBANK0  00037
RTC_Set_DateTime@mth                     cstackBANK0  00033
RTC_Set_DateTime@sec                     cstackBANK0  00038
RTC_Set_DateTime@year                    cstackBANK0  00034
RTC_Write@address                        cstackBANK0  00032
RTC_Write@data                           cstackBANK0  0002F
TextLCD_4Bits_Write@nib                  cstackBANK0  00020
TextLCD_CMD@cmd                          cstackBANK0  00022
TextLCD_PutChar@data                     cstackBANK0  00023
TextLCD_Puts@DDRAM_Start_Address         stringtext2  01000
TextLCD_Puts@address                     cstackBANK0  00029
TextLCD_Puts@data                        cstackBANK0  00025
TextLCD_Puts@idx                         cstackBANK0  00024
TextLCD_Puts@length_or_type              cstackBANK0  00026
TextLCD_Puts@line                        cstackBANK0  00028
_ANSELA                                  (abs)        0018C
_ANSELB                                  (abs)        0018D
_APFCON                                  (abs)        0011D
_EXT_INT_Initialize                      text17       00F77
_I2C_BusCollisionISR                     text41       007FF
_I2C_FunctionComplete                    text40       00FAD
_I2C_ISR                                 text38       001CB
_I2C_Initialize                          text16       00FE7
_I2C_MasterRead                          text31       006DD
_I2C_MasterReadTRBBuild                  text33       006B5
_I2C_MasterTRBInsert                     text32       004E4
_I2C_MasterWrite                         text29       0068D
_I2C_MasterWriteTRBBuild                 text30       0074D
_I2C_Stop                                text39       007E3
_INTCONbits                              (abs)        0000B
_INTERRUPT_InterruptManager              intentry     00004
_INT_CallBack                            text36       00F61
_INT_DefaultInterruptHandler             text37       007FE
_INT_ISR                                 text35       0078C
_INT_InterruptHandler                    bssBANK1     000AA
_INT_SetInterruptHandler                 text18       00F58
_LATA                                    (abs)        0010C
_LATB                                    (abs)        0010D
_LATBbits                                (abs)        0010D
_LATC                                    (abs)        0010E
_LATCbits                                (abs)        0010E
_LATE                                    (abs)        00110
_OPTION_REGbits                          (abs)        00095
_OSCCON                                  (abs)        00099
_OSCILLATOR_Initialize                   text15       00F51
_OSCTUNE                                 (abs)        00098
_PIE1bits                                (abs)        00091
_PIE2bits                                (abs)        00092
_PIN_MANAGER_Initialize                  text14       007AA
_PIR1bits                                (abs)        00011
_PIR2bits                                (abs)        00012
_PLLR                                    (abs)        004D6
_RStt                                    bssBANK0     0006E
_RTC_Get_Date                            text25       005D3
_RTC_Get_Time                            text24       00704
_RTC_Init                                text19       00568
_RTC_Read                                text28       00529
_RTC_Set_DateTime                        text20       00396
_RTC_Write                               text23       00660
_SSPADD                                  (abs)        00212
_SSPBUF                                  (abs)        00211
_SSPCON1                                 (abs)        00215
_SSPCON1bits                             (abs)        00215
_SSPCON2bits                             (abs)        00216
_SSPCON3                                 (abs)        00217
_SSPSTAT                                 (abs)        00214
_SYSTEM_Initialize                       text12       00F8F
_TRISA                                   (abs)        0008C
_TRISB                                   (abs)        0008D
_TRISC                                   (abs)        0008E
_TRISE                                   (abs)        00090
_TextLCD_4Bits_Write                     text11       00729
_TextLCD_CMD                             text9        00FD0
_TextLCD_Enable                          text10       00F83
_TextLCD_Init                            text8        00499
_TextLCD_PutChar                         text7        00F6C
_TextLCD_Puts                            text6        0044D
_WDTCON                                  (abs)        00097
_WDT_Initialize                          text13       00F47
_WPUB                                    (abs)        0020D
_WPUE                                    (abs)        00210
_WStt                                    bssBANK0     0006F
__CFG_BOREN$ON                           (abs)        00000
__CFG_BORV$LO                            (abs)        00000
__CFG_CLKOUTEN$OFF                       (abs)        00000
__CFG_CP$OFF                             (abs)        00000
__CFG_CPD$OFF                            (abs)        00000
__CFG_FCMEN$ON                           (abs)        00000
__CFG_FOSC$INTOSC                        (abs)        00000
__CFG_IESO$ON                            (abs)        00000
__CFG_LVP$ON                             (abs)        00000
__CFG_MCLRE$ON                           (abs)        00000
__CFG_PLLEN$ON                           (abs)        00000
__CFG_PWRTE$OFF                          (abs)        00000
__CFG_STVREN$ON                          (abs)        00000
__CFG_VCAPEN$OFF                         (abs)        00000
__CFG_WDTE$ON                            (abs)        00000
__CFG_WRT$OFF                            (abs)        00000
__Habs1                                  abs1         00000
__Hbank0                                 bank0        00000
__Hbank1                                 bank1        00000
__Hbank10                                bank10       00000
__Hbank11                                bank11       00000
__Hbank12                                bank12       00000
__Hbank13                                bank13       00000
__Hbank14                                bank14       00000
__Hbank15                                bank15       00000
__Hbank16                                bank16       00000
__Hbank17                                bank17       00000
__Hbank18                                bank18       00000
__Hbank19                                bank19       00000
__Hbank2                                 bank2        00000
__Hbank20                                bank20       00000
__Hbank21                                bank21       00000
__Hbank22                                bank22       00000
__Hbank23                                bank23       00000
__Hbank24                                bank24       00000
__Hbank25                                bank25       00000
__Hbank26                                bank26       00000
__Hbank27                                bank27       00000
__Hbank28                                bank28       00000
__Hbank29                                bank29       00000
__Hbank3                                 bank3        00000
__Hbank30                                bank30       00000
__Hbank31                                bank31       00000
__Hbank4                                 bank4        00000
__Hbank5                                 bank5        00000
__Hbank6                                 bank6        00000
__Hbank7                                 bank7        00000
__Hbank8                                 bank8        00000
__Hbank9                                 bank9        00000
__Hbigram                                bigram       00000
__HbssBANK0                              bssBANK0     00000
__HbssBANK1                              bssBANK1     00000
__HbssCOMMON                             bssCOMMON    00000
__Hcinit                                 cinit        00046
__Hclrtext                               clrtext      00000
__Hcode                                  code         00000
__Hcommon                                common       00000
__Hconfig                                config       08009
__HcstackBANK0                           cstackBANK0  00000
__HcstackCOMMON                          cstackCOMMON 00000
__Heeprom_data                           eeprom_data  00000
__Hend_init                              end_init     0002D
__Hfunctab                               functab      00000
__Hidloc                                 idloc        00000
__Hinit                                  init         0002B
__Hintentry                              intentry     0002B
__Hmaintext                              maintext     00000
__Hpowerup                               powerup      00000
__Hram                                   ram          00000
__Hreset_vec                             reset_vec    00002
__Hsfr0                                  sfr0         00000
__Hsfr1                                  sfr1         00000
__Hsfr10                                 sfr10        00000
__Hsfr11                                 sfr11        00000
__Hsfr12                                 sfr12        00000
__Hsfr13                                 sfr13        00000
__Hsfr14                                 sfr14        00000
__Hsfr15                                 sfr15        00000
__Hsfr16                                 sfr16        00000
__Hsfr17                                 sfr17        00000
__Hsfr18                                 sfr18        00000
__Hsfr19                                 sfr19        00000
__Hsfr2                                  sfr2         00000
__Hsfr20                                 sfr20        00000
__Hsfr21                                 sfr21        00000
__Hsfr22                                 sfr22        00000
__Hsfr23                                 sfr23        00000
__Hsfr24                                 sfr24        00000
__Hsfr25                                 sfr25        00000
__Hsfr26                                 sfr26        00000
__Hsfr27                                 sfr27        00000
__Hsfr28                                 sfr28        00000
__Hsfr29                                 sfr29        00000
__Hsfr3                                  sfr3         00000
__Hsfr30                                 sfr30        00000
__Hsfr31                                 sfr31        00000
__Hsfr4                                  sfr4         00000
__Hsfr5                                  sfr5         00000
__Hsfr6                                  sfr6         00000
__Hsfr7                                  sfr7         00000
__Hsfr8                                  sfr8         00000
__Hsfr9                                  sfr9         00000
__Hspace_0                               (abs)        08009
__Hspace_1                               (abs)        000BF
__Hspace_2                               (abs)        00000
__Hspace_3                               (abs)        00000
__Hstack                                 stack        00000
__Hstrings                               strings      00000
__Hstringtext1                           stringtext1  00000
__Hstringtext2                           stringtext2  00000
__Hstringtext3                           stringtext3  00000
__Hstringtext4                           stringtext4  00000
__Htext                                  text         00000
__Labs1                                  abs1         00000
__Lbank0                                 bank0        00000
__Lbank1                                 bank1        00000
__Lbank10                                bank10       00000
__Lbank11                                bank11       00000
__Lbank12                                bank12       00000
__Lbank13                                bank13       00000
__Lbank14                                bank14       00000
__Lbank15                                bank15       00000
__Lbank16                                bank16       00000
__Lbank17                                bank17       00000
__Lbank18                                bank18       00000
__Lbank19                                bank19       00000
__Lbank2                                 bank2        00000
__Lbank20                                bank20       00000
__Lbank21                                bank21       00000
__Lbank22                                bank22       00000
__Lbank23                                bank23       00000
__Lbank24                                bank24       00000
__Lbank25                                bank25       00000
__Lbank26                                bank26       00000
__Lbank27                                bank27       00000
__Lbank28                                bank28       00000
__Lbank29                                bank29       00000
__Lbank3                                 bank3        00000
__Lbank30                                bank30       00000
__Lbank31                                bank31       00000
__Lbank4                                 bank4        00000
__Lbank5                                 bank5        00000
__Lbank6                                 bank6        00000
__Lbank7                                 bank7        00000
__Lbank8                                 bank8        00000
__Lbank9                                 bank9        00000
__Lbigram                                bigram       00000
__LbssBANK0                              bssBANK0     00000
__LbssBANK1                              bssBANK1     00000
__LbssCOMMON                             bssCOMMON    00000
__Lcinit                                 cinit        0002D
__Lclrtext                               clrtext      00000
__Lcode                                  code         00000
__Lcommon                                common       00000
__Lconfig                                config       08007
__LcstackBANK0                           cstackBANK0  00000
__LcstackCOMMON                          cstackCOMMON 00000
__Leeprom_data                           eeprom_data  00000
__Lend_init                              end_init     0002B
__Lfunctab                               functab      00000
__Lidloc                                 idloc        00000
__Linit                                  init         0002B
__Lintentry                              intentry     00004
__Lmaintext                              maintext     00000
__Lpowerup                               powerup      00000
__Lram                                   ram          00000
__Lreset_vec                             reset_vec    00000
__Lsfr0                                  sfr0         00000
__Lsfr1                                  sfr1         00000
__Lsfr10                                 sfr10        00000
__Lsfr11                                 sfr11        00000
__Lsfr12                                 sfr12        00000
__Lsfr13                                 sfr13        00000
__Lsfr14                                 sfr14        00000
__Lsfr15                                 sfr15        00000
__Lsfr16                                 sfr16        00000
__Lsfr17                                 sfr17        00000
__Lsfr18                                 sfr18        00000
__Lsfr19                                 sfr19        00000
__Lsfr2                                  sfr2         00000
__Lsfr20                                 sfr20        00000
__Lsfr21                                 sfr21        00000
__Lsfr22                                 sfr22        00000
__Lsfr23                                 sfr23        00000
__Lsfr24                                 sfr24        00000
__Lsfr25                                 sfr25        00000
__Lsfr26                                 sfr26        00000
__Lsfr27                                 sfr27        00000
__Lsfr28                                 sfr28        00000
__Lsfr29                                 sfr29        00000
__Lsfr3                                  sfr3         00000
__Lsfr30                                 sfr30        00000
__Lsfr31                                 sfr31        00000
__Lsfr4                                  sfr4         00000
__Lsfr5                                  sfr5         00000
__Lsfr6                                  sfr6         00000
__Lsfr7                                  sfr7         00000
__Lsfr8                                  sfr8         00000
__Lsfr9                                  sfr9         00000
__Lspace_0                               (abs)        00000
__Lspace_1                               (abs)        00000
__Lspace_2                               (abs)        00000
__Lspace_3                               (abs)        00000
__Lstack                                 stack        00000
__Lstrings                               strings      00000
__Lstringtext1                           stringtext1  00000
__Lstringtext2                           stringtext2  00000
__Lstringtext3                           stringtext3  00000
__Lstringtext4                           stringtext4  00000
__Ltext                                  text         00000
__S0                                     (abs)        08009
__S1                                     (abs)        000BF
__S2                                     (abs)        00000
__S3                                     (abs)        00000
___awdiv                                 text22       003FB
___awdiv@counter                         cstackBANK0  00025
___awdiv@dividend                        cstackBANK0  00022
___awdiv@divisor                         cstackBANK0  00020
___awdiv@quotient                        cstackBANK0  00027
___awdiv@sign                            cstackBANK0  00026
___bmul                                  text27       00FBE
___bmul@multiplicand                     cstackBANK0  00020
___bmul@multiplier                       cstackBANK0  00023
___bmul@product                          cstackBANK0  00022
___int_sp                                stack        00000
___latbits                               (abs)        00002
___lwdiv                                 text5        0059E
___lwdiv@counter                         cstackBANK0  00027
___lwdiv@dividend                        cstackBANK0  00022
___lwdiv@divisor                         cstackBANK0  00020
___lwdiv@quotient                        cstackBANK0  00025
___lwmod                                 text4        00633
___lwmod@counter                         cstackBANK0  0002D
___lwmod@dividend                        cstackBANK0  0002A
___lwmod@divisor                         cstackBANK0  00028
___sp                                    stack        00000
___wmul                                  text3        007C7
___wmul@multiplicand                     cstackBANK0  00022
___wmul@multiplier                       cstackBANK0  00020
___wmul@product                          cstackBANK0  00024
__end_ofTextLCD_Puts@DDRAM_Start_Address stringtext2  01004
__end_of_EXT_INT_Initialize              text17       00F83
__end_of_I2C_BusCollisionISR             text41       00800
__end_of_I2C_FunctionComplete            text40       00FBE
__end_of_I2C_ISR                         text38       0030E
__end_of_I2C_Initialize                  text16       01000
__end_of_I2C_MasterRead                  text31       00704
__end_of_I2C_MasterReadTRBBuild          text33       006DD
__end_of_I2C_MasterTRBInsert             text32       00529
__end_of_I2C_MasterWrite                 text29       006B5
__end_of_I2C_MasterWriteTRBBuild         text30       0076D
__end_of_I2C_Stop                        text39       007FE
__end_of_INTERRUPT_InterruptManager      intentry     0002B
__end_of_INT_CallBack                    text36       00F6C
__end_of_INT_DefaultInterruptHandler     text37       007FF
__end_of_INT_ISR                         text35       007AA
__end_of_INT_SetInterruptHandler         text18       00F61
__end_of_OSCILLATOR_Initialize           text15       00F58
__end_of_PIN_MANAGER_Initialize          text14       007C7
__end_of_RTC_Get_Date                    text25       00605
__end_of_RTC_Get_Time                    text24       00729
__end_of_RTC_Init                        text19       0059E
__end_of_RTC_Read                        text28       00568
__end_of_RTC_Set_DateTime                text20       003FB
__end_of_RTC_Write                       text23       0068D
__end_of_SYSTEM_Initialize               text12       00F9E
__end_of_TextLCD_4Bits_Write             text11       0074D
__end_of_TextLCD_CMD                     text9        00FE7
__end_of_TextLCD_Enable                  text10       00F8F
__end_of_TextLCD_Init                    text8        004E4
__end_of_TextLCD_PutChar                 text7        00F77
__end_of_TextLCD_Puts                    text6        00499
__end_of_WDT_Initialize                  text13       00F4B
__end_of___awdiv                         text22       0044D
__end_of___bmul                          text27       00FD0
__end_of___lwdiv                         text5        005D3
__end_of___lwmod                         text4        00660
__end_of___wmul                          text3        007E3
__end_of__initialization                 cinit        00042
__end_of_bcd2int                         text26       0078C
__end_of_dpowers                         stringtext1  0102E
__end_of_int2bcd                         text21       00633
__end_of_isdigit                         text2        00FAD
__end_of_main                            maintext     00396
__end_of_sprintf                         text1        001CB
__initialization                         cinit        0002D
__pbssBANK0                              bssBANK0     00069
__pbssBANK1                              bssBANK1     000A0
__pbssCOMMON                             bssCOMMON    00078
__pcstackBANK0                           cstackBANK0  00020
__pcstackCOMMON                          cstackCOMMON 00070
__pintentry                              intentry     00004
__pmaintext                              maintext     0030E
__pstringtext1                           stringtext1  01024
__pstringtext2                           stringtext2  01000
__pstringtext3                           stringtext3  01015
__pstringtext4                           stringtext4  00000
__pswtext1                               swtext1      00800
__ptext1                                 text1        00046
__ptext10                                text10       00F83
__ptext11                                text11       00729
__ptext12                                text12       00F8F
__ptext13                                text13       00F47
__ptext14                                text14       007AA
__ptext15                                text15       00F51
__ptext16                                text16       00FE7
__ptext17                                text17       00F77
__ptext18                                text18       00F58
__ptext19                                text19       00568
__ptext2                                 text2        00F9E
__ptext20                                text20       00396
__ptext21                                text21       00605
__ptext22                                text22       003FB
__ptext23                                text23       00660
__ptext24                                text24       00704
__ptext25                                text25       005D3
__ptext26                                text26       0076D
__ptext27                                text27       00FBE
__ptext28                                text28       00529
__ptext29                                text29       0068D
__ptext3                                 text3        007C7
__ptext30                                text30       0074D
__ptext31                                text31       006DD
__ptext32                                text32       004E4
__ptext33                                text33       006B5
__ptext35                                text35       0078C
__ptext36                                text36       00F61
__ptext37                                text37       007FE
__ptext38                                text38       001CB
__ptext39                                text39       007E3
__ptext4                                 text4        00633
__ptext40                                text40       00FAD
__ptext41                                text41       007FF
__ptext5                                 text5        0059E
__ptext6                                 text6        0044D
__ptext7                                 text7        00F6C
__ptext8                                 text8        00499
__ptext9                                 text9        00FD0
__size_of_EXT_INT_Initialize             (abs)        00000
__size_of_I2C_BusCollisionISR            (abs)        00000
__size_of_I2C_FunctionComplete           (abs)        00000
__size_of_I2C_ISR                        (abs)        00000
__size_of_I2C_Initialize                 (abs)        00000
__size_of_I2C_MasterRead                 (abs)        00000
__size_of_I2C_MasterReadTRBBuild         (abs)        00000
__size_of_I2C_MasterTRBInsert            (abs)        00000
__size_of_I2C_MasterWrite                (abs)        00000
__size_of_I2C_MasterWriteTRBBuild        (abs)        00000
__size_of_I2C_Stop                       (abs)        00000
__size_of_INTERRUPT_InterruptManager     (abs)        00000
__size_of_INT_CallBack                   (abs)        00000
__size_of_INT_DefaultInterruptHandler    (abs)        00000
__size_of_INT_ISR                        (abs)        00000
__size_of_INT_SetInterruptHandler        (abs)        00000
__size_of_OSCILLATOR_Initialize          (abs)        00000
__size_of_PIN_MANAGER_Initialize         (abs)        00000
__size_of_RTC_Get_Date                   (abs)        00000
__size_of_RTC_Get_Time                   (abs)        00000
__size_of_RTC_Init                       (abs)        00000
__size_of_RTC_Read                       (abs)        00000
__size_of_RTC_Set_DateTime               (abs)        00000
__size_of_RTC_Write                      (abs)        00000
__size_of_SYSTEM_Initialize              (abs)        00000
__size_of_TextLCD_4Bits_Write            (abs)        00000
__size_of_TextLCD_CMD                    (abs)        00000
__size_of_TextLCD_Enable                 (abs)        00000
__size_of_TextLCD_Init                   (abs)        00000
__size_of_TextLCD_PutChar                (abs)        00000
__size_of_TextLCD_Puts                   (abs)        00000
__size_of_WDT_Initialize                 (abs)        00000
__size_of___awdiv                        (abs)        00000
__size_of___bmul                         (abs)        00000
__size_of___lwdiv                        (abs)        00000
__size_of___lwmod                        (abs)        00000
__size_of___wmul                         (abs)        00000
__size_of_bcd2int                        (abs)        00000
__size_of_int2bcd                        (abs)        00000
__size_of_isdigit                        (abs)        00000
__size_of_main                           (abs)        00000
__size_of_sprintf                        (abs)        00000
_bcd2int                                 text26       0076D
_dat                                     bssBANK1     000BD
_date_time                               bssBANK1     000A0
_dpowers                                 stringtext1  01024
_i2c_object                              bssBANK0     00069
_i2c_state                               bssCOMMON    0007A
_i2c_tr_queue                            bssBANK1     000B9
_i2c_trb_count                           bssBANK1     000AE
_int2bcd                                 text21       00605
_isdigit                                 text2        00F9E
_isdigit$987                             cstackBANK0  00020
_main                                    maintext     0030E
_p_i2c_current                           bssCOMMON    00078
_p_i2c_trb_current                       bssCOMMON    00079
_rtc_flag                                bssCOMMON    0007B
_sprintf                                 text1        00046
bcd2int@data                             cstackBANK0  00028
bcd2int@i                                cstackBANK0  00027
btemp                                    (abs)        0007E
clear_ram0                               clrtext      00F4B
end_of_initialization                    cinit        00042
int$flags                                (abs)        0007E
int2bcd@data                             cstackBANK0  0002D
int2bcd@nibh                             cstackBANK0  0002E
int2bcd@nibl                             cstackBANK0  0002C
intlevel0                                functab      00000
intlevel1                                functab      00000
intlevel2                                functab      00000
intlevel3                                functab      00000
intlevel4                                functab      00000
intlevel5                                functab      00000
isdigit@c                                cstackBANK0  00021
main@string                              cstackBANK0  00049
reset_vec                                reset_vec    00000
sprintf@ap                               cstackBANK0  0003A
sprintf@c                                cstackBANK0  00042
sprintf@f                                cstackBANK0  0002E
sprintf@flag                             cstackBANK0  0003E
sprintf@prec                             cstackBANK0  0003B
sprintf@sp                               cstackBANK0  00041
sprintf@val                              cstackBANK0  0003C
sprintf@width                            cstackBANK0  0003F
stackhi                                  (abs)        021EF
stacklo                                  (abs)        0206F
start                                    init         0002B
start_initialization                     cinit        0002D
wtemp0                                   (abs)        0007E


FUNCTION INFORMATION:

 *************** function _main *****************
 Defined at:
		line 5 in file "main.c"
 Parameters:    Size  Location     Type
		None
 Auto vars:     Size  Location     Type
  string         32   41[BANK0 ] unsigned char [32]
 Return value:  Size  Location     Type
                  1    wreg      void 
 Registers used:
		wreg, fsr0l, fsr0h, fsr1l, fsr1h, status,2, status,0, pclath, cstack
 Tracked objects:
		On entry : 
		On exit  : 
		Unchanged: 
 Data sizes:     COMMON   BANK0   BANK1   BANK2   BANK3   BANK4   BANK5   BANK6
      Params:         0       0       0       0       0       0       0       0
      Locals:         0      32       0       0       0       0       0       0
      Temps:          0       6       0       0       0       0       0       0
      Totals:         0      38       0       0       0       0       0       0
Total ram usage:       38 bytes
 Hardware stack levels required when called:    9
 This function calls:
		_RTC_Get_Date
		_RTC_Get_Time
		_RTC_Init
		_SYSTEM_Initialize
		_TextLCD_Init
		_TextLCD_Puts
		_sprintf
 This function is called by:
		Startup code after reset
 This function uses a non-reentrant model


 *************** function _sprintf *****************
 Defined at:
		line 492 in file "C:\Program Files (x86)\Microchip\xc8\v1.44\sources\common\doprnt.c"
 Parameters:    Size  Location     Type
  sp              1    wreg     PTR unsigned char 
		 -> main@string(32), 
  f               2   14[BANK0 ] PTR const unsigned char 
		 -> STR_2(15), STR_1(17), 
 Auto vars:     Size  Location     Type
  sp              1   33[BANK0 ] PTR unsigned char 
		 -> main@string(32), 
  tmpval          4    0        struct .
  width           2   31[BANK0 ] int 
  val             2   28[BANK0 ] unsigned int 
  cp              2    0        PTR const unsigned char 
  len             2    0        unsigned int 
  c               1   34[BANK0 ] char 
  flag            1   30[BANK0 ] unsigned char 
  prec            1   27[BANK0 ] char 
  ap              1   26[BANK0 ] PTR void [1]
		 -> ?_sprintf(2), 
 Return value:  Size  Location     Type
                  2   14[BANK0 ] int 
 Registers used:
		wreg, fsr0l, fsr0h, fsr1l, fsr1h, status,2, status,0, pclath, cstack
 Tracked objects:
		On entry : 
		On exit  : 
		Unchanged: 
 Data sizes:     COMMON   BANK0   BANK1   BANK2   BANK3   BANK4   BANK5   BANK6
      Params:         0       8       0       0       0       0       0       0
      Locals:         0       9       0       0       0       0       0       0
      Temps:          0       4       0       0       0       0       0       0
      Totals:         0      21       0       0       0       0       0       0
Total ram usage:       21 bytes
 Hardware stack levels used:    1
 Hardware stack levels required when called:    5
 This function calls:
		___lwdiv
		___lwmod
		___wmul
		_isdigit
 This function is called by:
		_main
 This function uses a non-reentrant model


 *************** function _isdigit *****************
 Defined at:
		line 8 in file "C:\Program Files (x86)\Microchip\xc8\v1.44\sources\common\isdigit.c"
 Parameters:    Size  Location     Type
  c               1    wreg     unsigned char 
 Auto vars:     Size  Location     Type
  c               1    1[BANK0 ] unsigned char 
 Return value:  Size  Location     Type
		None               void
 Registers used:
		wreg, status,2, status,0
 Tracked objects:
		On entry : 
		On exit  : 
		Unchanged: 
 Data sizes:     COMMON   BANK0   BANK1   BANK2   BANK3   BANK4   BANK5   BANK6
      Params:         0       0       0       0       0       0       0       0
      Locals:         0       2       0       0       0       0       0       0
      Temps:          0       0       0       0       0       0       0       0
      Totals:         0       2       0       0       0       0       0       0
Total ram usage:        2 bytes
 Hardware stack levels used:    1
 Hardware stack levels required when called:    4
 This function calls:
		Nothing
 This function is called by:
		_sprintf
 This function uses a non-reentrant model


 *************** function ___wmul *****************
 Defined at:
		line 15 in file "C:\Program Files (x86)\Microchip\xc8\v1.44\sources\common\Umul16.c"
 Parameters:    Size  Location     Type
  multiplier      2    0[BANK0 ] unsigned int 
  multiplicand    2    2[BANK0 ] unsigned int 
 Auto vars:     Size  Location     Type
  product         2    4[BANK0 ] unsigned int 
 Return value:  Size  Location     Type
                  2    0[BANK0 ] unsigned int 
 Registers used:
		wreg, status,2, status,0
 Tracked objects:
		On entry : 
		On exit  : 
		Unchanged: 
 Data sizes:     COMMON   BANK0   BANK1   BANK2   BANK3   BANK4   BANK5   BANK6
      Params:         0       4       0       0       0       0       0       0
      Locals:         0       2       0       0       0       0       0       0
      Temps:          0       0       0       0       0       0       0       0
      Totals:         0       6       0       0       0       0       0       0
Total ram usage:        6 bytes
 Hardware stack levels used:    1
 Hardware stack levels required when called:    4
 This function calls:
		Nothing
 This function is called by:
		_sprintf
 This function uses a non-reentrant model


 *************** function ___lwmod *****************
 Defined at:
		line 6 in file "C:\Program Files (x86)\Microchip\xc8\v1.44\sources\common\lwmod.c"
 Parameters:    Size  Location     Type
  divisor         2    8[BANK0 ] unsigned int 
  dividend        2   10[BANK0 ] unsigned int 
 Auto vars:     Size  Location     Type
  counter         1   13[BANK0 ] unsigned char 
 Return value:  Size  Location     Type
                  2    8[BANK0 ] unsigned int 
 Registers used:
		wreg, status,2, status,0
 Tracked objects:
		On entry : 
		On exit  : 
		Unchanged: 
 Data sizes:     COMMON   BANK0   BANK1   BANK2   BANK3   BANK4   BANK5   BANK6
      Params:         0       4       0       0       0       0       0       0
      Locals:         0       1       0       0       0       0       0       0
      Temps:          0       1       0       0       0       0       0       0
      Totals:         0       6       0       0       0       0       0       0
Total ram usage:        6 bytes
 Hardware stack levels used:    1
 Hardware stack levels required when called:    4
 This function calls:
		Nothing
 This function is called by:
		_sprintf
 This function uses a non-reentrant model


 *************** function ___lwdiv *****************
 Defined at:
		line 6 in file "C:\Program Files (x86)\Microchip\xc8\v1.44\sources\common\lwdiv.c"
 Parameters:    Size  Location     Type
  divisor         2    0[BANK0 ] unsigned int 
  dividend        2    2[BANK0 ] unsigned int 
 Auto vars:     Size  Location     Type
  quotient        2    5[BANK0 ] unsigned int 
  counter         1    7[BANK0 ] unsigned char 
 Return value:  Size  Location     Type
                  2    0[BANK0 ] unsigned int 
 Registers used:
		wreg, status,2, status,0
 Tracked objects:
		On entry : 
		On exit  : 
		Unchanged: 
 Data sizes:     COMMON   BANK0   BANK1   BANK2   BANK3   BANK4   BANK5   BANK6
      Params:         0       4       0       0       0       0       0       0
      Locals:         0       3       0       0       0       0       0       0
      Temps:          0       1       0       0       0       0       0       0
      Totals:         0       8       0       0       0       0       0       0
Total ram usage:        8 bytes
 Hardware stack levels used:    1
 Hardware stack levels required when called:    4
 This function calls:
		Nothing
 This function is called by:
		_sprintf
 This function uses a non-reentrant model


 *************** function _TextLCD_Puts *****************
 Defined at:
		line 38 in file "TextLCD.c"
 Parameters:    Size  Location     Type
  line            1    wreg     unsigned char 
  idx             1    4[BANK0 ] unsigned char 
  data            1    5[BANK0 ] PTR unsigned char 
		 -> main@string(32), 
  length_or_ty    1    6[BANK0 ] unsigned char 
 Auto vars:     Size  Location     Type
  line            1    8[BANK0 ] unsigned char 
  address         1    9[BANK0 ] unsigned char 
 Return value:  Size  Location     Type
                  1    wreg      void 
 Registers used:
		wreg, fsr0l, fsr0h, fsr1l, fsr1h, status,2, status,0, pclath, cstack
 Tracked objects:
		On entry : 
		On exit  : 
		Unchanged: 
 Data sizes:     COMMON   BANK0   BANK1   BANK2   BANK3   BANK4   BANK5   BANK6
      Params:         0       3       0       0       0       0       0       0
      Locals:         0       2       0       0       0       0       0       0
      Temps:          0       1       0       0       0       0       0       0
      Totals:         0       6       0       0       0       0       0       0
Total ram usage:        6 bytes
 Hardware stack levels used:    1
 Hardware stack levels required when called:    7
 This function calls:
		_TextLCD_CMD
		_TextLCD_PutChar
 This function is called by:
		_main
 This function uses a non-reentrant model


 *************** function _TextLCD_PutChar *****************
 Defined at:
		line 31 in file "TextLCD.c"
 Parameters:    Size  Location     Type
  data            1    wreg     unsigned char 
 Auto vars:     Size  Location     Type
  data            1    3[BANK0 ] unsigned char 
 Return value:  Size  Location     Type
                  1    wreg      void 
 Registers used:
		wreg, status,2, status,0, pclath, cstack
 Tracked objects:
		On entry : 
		On exit  : 
		Unchanged: 
 Data sizes:     COMMON   BANK0   BANK1   BANK2   BANK3   BANK4   BANK5   BANK6
      Params:         0       0       0       0       0       0       0       0
      Locals:         0       1       0       0       0       0       0       0
      Temps:          0       0       0       0       0       0       0       0
      Totals:         0       1       0       0       0       0       0       0
Total ram usage:        1 bytes
 Hardware stack levels used:    1
 Hardware stack levels required when called:    6
 This function calls:
		_TextLCD_CMD
 This function is called by:
		_TextLCD_Puts
 This function uses a non-reentrant model


 *************** function _TextLCD_Init *****************
 Defined at:
		line 56 in file "TextLCD.c"
 Parameters:    Size  Location     Type
		None
 Auto vars:     Size  Location     Type
		None
 Return value:  Size  Location     Type
                  1    wreg      void 
 Registers used:
		wreg, status,2, status,0, pclath, cstack
 Tracked objects:
		On entry : 
		On exit  : 
		Unchanged: 
 Data sizes:     COMMON   BANK0   BANK1   BANK2   BANK3   BANK4   BANK5   BANK6
      Params:         0       0       0       0       0       0       0       0
      Locals:         0       0       0       0       0       0       0       0
      Temps:          0       2       0       0       0       0       0       0
      Totals:         0       2       0       0       0       0       0       0
Total ram usage:        2 bytes
 Hardware stack levels used:    1
 Hardware stack levels required when called:    6
 This function calls:
		_TextLCD_4Bits_Write
		_TextLCD_CMD
		_TextLCD_Enable
 This function is called by:
		_main
 This function uses a non-reentrant model


 *************** function _TextLCD_CMD *****************
 Defined at:
		line 23 in file "TextLCD.c"
 Parameters:    Size  Location     Type
  cmd             1    wreg     unsigned char 
 Auto vars:     Size  Location     Type
  cmd             1    2[BANK0 ] unsigned char 
 Return value:  Size  Location     Type
                  1    wreg      void 
 Registers used:
		wreg, status,2, status,0, pclath, cstack
 Tracked objects:
		On entry : 
		On exit  : 
		Unchanged: 
 Data sizes:     COMMON   BANK0   BANK1   BANK2   BANK3   BANK4   BANK5   BANK6
      Params:         0       0       0       0       0       0       0       0
      Locals:         0       1       0       0       0       0       0       0
      Temps:          0       1       0       0       0       0       0       0
      Totals:         0       2       0       0       0       0       0       0
Total ram usage:        2 bytes
 Hardware stack levels used:    1
 Hardware stack levels required when called:    5
 This function calls:
		_TextLCD_4Bits_Write
		_TextLCD_Enable
 This function is called by:
		_TextLCD_PutChar
		_TextLCD_Puts
		_TextLCD_Init
		_TextLCD_Clear
 This function uses a non-reentrant model


 *************** function _TextLCD_Enable *****************
 Defined at:
		line 15 in file "TextLCD.c"
 Parameters:    Size  Location     Type
		None
 Auto vars:     Size  Location     Type
		None
 Return value:  Size  Location     Type
                  1    wreg      void 
 Registers used:
		wreg
 Tracked objects:
		On entry : 
		On exit  : 
		Unchanged: 
 Data sizes:     COMMON   BANK0   BANK1   BANK2   BANK3   BANK4   BANK5   BANK6
      Params:         0       0       0       0       0       0       0       0
      Locals:         0       0       0       0       0       0       0       0
      Temps:          0       0       0       0       0       0       0       0
      Totals:         0       0       0       0       0       0       0       0
Total ram usage:        0 bytes
 Hardware stack levels used:    1
 Hardware stack levels required when called:    4
 This function calls:
		Nothing
 This function is called by:
		_TextLCD_CMD
		_TextLCD_Init
 This function uses a non-reentrant model


 *************** function _TextLCD_4Bits_Write *****************
 Defined at:
		line 4 in file "TextLCD.c"
 Parameters:    Size  Location     Type
  nib             1    wreg     unsigned char 
 Auto vars:     Size  Location     Type
  nib             1    0[BANK0 ] unsigned char 
 Return value:  Size  Location     Type
                  1    wreg      void 
 Registers used:
		wreg, status,0
 Tracked objects:
		On entry : 
		On exit  : 
		Unchanged: 
 Data sizes:     COMMON   BANK0   BANK1   BANK2   BANK3   BANK4   BANK5   BANK6
      Params:         0       0       0       0       0       0       0       0
      Locals:         0       1       0       0       0       0       0       0
      Temps:          0       0       0       0       0       0       0       0
      Totals:         0       1       0       0       0       0       0       0
Total ram usage:        1 bytes
 Hardware stack levels used:    1
 Hardware stack levels required when called:    4
 This function calls:
		Nothing
 This function is called by:
		_TextLCD_CMD
		_TextLCD_Init
 This function uses a non-reentrant model


 *************** function _SYSTEM_Initialize *****************
 Defined at:
		line 70 in file "mcc_generated_files/mcc.c"
 Parameters:    Size  Location     Type
		None
 Auto vars:     Size  Location     Type
		None
 Return value:  Size  Location     Type
                  1    wreg      void 
 Registers used:
		wreg, status,2, status,0, pclath, cstack
 Tracked objects:
		On entry : 
		On exit  : 
		Unchanged: 
 Data sizes:     COMMON   BANK0   BANK1   BANK2   BANK3   BANK4   BANK5   BANK6
      Params:         0       0       0       0       0       0       0       0
      Locals:         0       0       0       0       0       0       0       0
      Temps:          0       0       0       0       0       0       0       0
      Totals:         0       0       0       0       0       0       0       0
Total ram usage:        0 bytes
 Hardware stack levels used:    1
 Hardware stack levels required when called:    6
 This function calls:
		_EXT_INT_Initialize
		_I2C_Initialize
		_OSCILLATOR_Initialize
		_PIN_MANAGER_Initialize
		_WDT_Initialize
 This function is called by:
		_main
 This function uses a non-reentrant model


 *************** function _WDT_Initialize *****************
 Defined at:
		line 92 in file "mcc_generated_files/mcc.c"
 Parameters:    Size  Location     Type
		None
 Auto vars:     Size  Location     Type
		None
 Return value:  Size  Location     Type
                  1    wreg      void 
 Registers used:
		wreg
 Tracked objects:
		On entry : 
		On exit  : 
		Unchanged: 
 Data sizes:     COMMON   BANK0   BANK1   BANK2   BANK3   BANK4   BANK5   BANK6
      Params:         0       0       0       0       0       0       0       0
      Locals:         0       0       0       0       0       0       0       0
      Temps:          0       0       0       0       0       0       0       0
      Totals:         0       0       0       0       0       0       0       0
Total ram usage:        0 bytes
 Hardware stack levels used:    1
 Hardware stack levels required when called:    4
 This function calls:
		Nothing
 This function is called by:
		_SYSTEM_Initialize
 This function uses a non-reentrant model


 *************** function _PIN_MANAGER_Initialize *****************
 Defined at:
		line 52 in file "mcc_generated_files/pin_manager.c"
 Parameters:    Size  Location     Type
		None
 Auto vars:     Size  Location     Type
		None
 Return value:  Size  Location     Type
                  1    wreg      void 
 Registers used:
		wreg, status,2
 Tracked objects:
		On entry : 
		On exit  : 
		Unchanged: 
 Data sizes:     COMMON   BANK0   BANK1   BANK2   BANK3   BANK4   BANK5   BANK6
      Params:         0       0       0       0       0       0       0       0
      Locals:         0       0       0       0       0       0       0       0
      Temps:          0       0       0       0       0       0       0       0
      Totals:         0       0       0       0       0       0       0       0
Total ram usage:        0 bytes
 Hardware stack levels used:    1
 Hardware stack levels required when called:    4
 This function calls:
		Nothing
 This function is called by:
		_SYSTEM_Initialize
 This function uses a non-reentrant model


 *************** function _OSCILLATOR_Initialize *****************
 Defined at:
		line 80 in file "mcc_generated_files/mcc.c"
 Parameters:    Size  Location     Type
		None
 Auto vars:     Size  Location     Type
		None
 Return value:  Size  Location     Type
                  1    wreg      void 
 Registers used:
		wreg, status,2
 Tracked objects:
		On entry : 
		On exit  : 
		Unchanged: 
 Data sizes:     COMMON   BANK0   BANK1   BANK2   BANK3   BANK4   BANK5   BANK6
      Params:         0       0       0       0       0       0       0       0
      Locals:         0       0       0       0       0       0       0       0
      Temps:          0       0       0       0       0       0       0       0
      Totals:         0       0       0       0       0       0       0       0
Total ram usage:        0 bytes
 Hardware stack levels used:    1
 Hardware stack levels required when called:    4
 This function calls:
		Nothing
 This function is called by:
		_SYSTEM_Initialize
 This function uses a non-reentrant model


 *************** function _I2C_Initialize *****************
 Defined at:
		line 198 in file "mcc_generated_files/i2c.c"
 Parameters:    Size  Location     Type
		None
 Auto vars:     Size  Location     Type
		None
 Return value:  Size  Location     Type
                  1    wreg      void 
 Registers used:
		wreg, status,2
 Tracked objects:
		On entry : 
		On exit  : 
		Unchanged: 
 Data sizes:     COMMON   BANK0   BANK1   BANK2   BANK3   BANK4   BANK5   BANK6
      Params:         0       0       0       0       0       0       0       0
      Locals:         0       0       0       0       0       0       0       0
      Temps:          0       1       0       0       0       0       0       0
      Totals:         0       1       0       0       0       0       0       0
Total ram usage:        1 bytes
 Hardware stack levels used:    1
 Hardware stack levels required when called:    4
 This function calls:
		Nothing
 This function is called by:
		_SYSTEM_Initialize
 This function uses a non-reentrant model


 *************** function _EXT_INT_Initialize *****************
 Defined at:
		line 94 in file "mcc_generated_files/ext_int.c"
 Parameters:    Size  Location     Type
		None
 Auto vars:     Size  Location     Type
		None
 Return value:  Size  Location     Type
                  1    wreg      void 
 Registers used:
		wreg, status,2, status,0, pclath, cstack
 Tracked objects:
		On entry : 
		On exit  : 
		Unchanged: 
 Data sizes:     COMMON   BANK0   BANK1   BANK2   BANK3   BANK4   BANK5   BANK6
      Params:         0       0       0       0       0       0       0       0
      Locals:         0       0       0       0       0       0       0       0
      Temps:          0       0       0       0       0       0       0       0
      Totals:         0       0       0       0       0       0       0       0
Total ram usage:        0 bytes
 Hardware stack levels used:    1
 Hardware stack levels required when called:    5
 This function calls:
		_INT_SetInterruptHandler
 This function is called by:
		_SYSTEM_Initialize
 This function uses a non-reentrant model


 *************** function _INT_SetInterruptHandler *****************
 Defined at:
		line 74 in file "mcc_generated_files/ext_int.c"
 Parameters:    Size  Location     Type
  InterruptHan    2    0[BANK0 ] PTR FTN()void 
		 -> INT_DefaultInterruptHandler(1), 
 Auto vars:     Size  Location     Type
		None
 Return value:  Size  Location     Type
                  1    wreg      void 
 Registers used:
		wreg
 Tracked objects:
		On entry : 
		On exit  : 
		Unchanged: 
 Data sizes:     COMMON   BANK0   BANK1   BANK2   BANK3   BANK4   BANK5   BANK6
      Params:         0       2       0       0       0       0       0       0
      Locals:         0       0       0       0       0       0       0       0
      Temps:          0       0       0       0       0       0       0       0
      Totals:         0       2       0       0       0       0       0       0
Total ram usage:        2 bytes
 Hardware stack levels used:    1
 Hardware stack levels required when called:    4
 This function calls:
		Nothing
 This function is called by:
		_EXT_INT_Initialize
 This function uses a non-reentrant model


 *************** function _RTC_Init *****************
 Defined at:
		line 98 in file "mcp7941x.c"
 Parameters:    Size  Location     Type
  trim            1    wreg     char 
 Auto vars:     Size  Location     Type
  trim            1   31[BANK0 ] char 
 Return value:  Size  Location     Type
                  1    wreg      void 
 Registers used:
		wreg, fsr1l, fsr1h, status,2, status,0, pclath, cstack
 Tracked objects:
		On entry : 
		On exit  : 
		Unchanged: 
 Data sizes:     COMMON   BANK0   BANK1   BANK2   BANK3   BANK4   BANK5   BANK6
      Params:         0       0       0       0       0       0       0       0
      Locals:         0       1       0       0       0       0       0       0
      Temps:          0       2       0       0       0       0       0       0
      Totals:         0       3       0       0       0       0       0       0
Total ram usage:        3 bytes
 Hardware stack levels used:    1
 Hardware stack levels required when called:    8
 This function calls:
		_RTC_Read
		_RTC_Set_DateTime
		_RTC_Write
 This function is called by:
		_main
 This function uses a non-reentrant model


 *************** function _RTC_Set_DateTime *****************
 Defined at:
		line 71 in file "mcp7941x.c"
 Parameters:    Size  Location     Type
  day             1    wreg     unsigned char 
  mth             1   19[BANK0 ] unsigned char 
  year            1   20[BANK0 ] unsigned char 
  dow             1   21[BANK0 ] unsigned char 
  hour            1   22[BANK0 ] unsigned char 
  min             1   23[BANK0 ] unsigned char 
  sec             1   24[BANK0 ] unsigned char 
  leap            1   25[BANK0 ] unsigned char 
 Auto vars:     Size  Location     Type
  day             1   28[BANK0 ] unsigned char 
 Return value:  Size  Location     Type
                  1    wreg      void 
 Registers used:
		wreg, fsr1l, fsr1h, status,2, status,0, pclath, cstack
 Tracked objects:
		On entry : 
		On exit  : 
		Unchanged: 
 Data sizes:     COMMON   BANK0   BANK1   BANK2   BANK3   BANK4   BANK5   BANK6
      Params:         0       7       0       0       0       0       0       0
      Locals:         0       1       0       0       0       0       0       0
      Temps:          0       2       0       0       0       0       0       0
      Totals:         0      10       0       0       0       0       0       0
Total ram usage:       10 bytes
 Hardware stack levels used:    1
 Hardware stack levels required when called:    7
 This function calls:
		_RTC_Write
		_int2bcd
 This function is called by:
		_RTC_Init
 This function uses a non-reentrant model


 *************** function _int2bcd *****************
 Defined at:
		line 56 in file "mcp7941x.c"
 Parameters:    Size  Location     Type
  data            1    wreg     unsigned char 
 Auto vars:     Size  Location     Type
  data            1   13[BANK0 ] unsigned char 
  nibh            1   14[BANK0 ] unsigned char 
  nibl            1   12[BANK0 ] unsigned char 
 Return value:  Size  Location     Type
                  1    wreg      unsigned char 
 Registers used:
		wreg, status,2, status,0, pclath, cstack
 Tracked objects:
		On entry : 
		On exit  : 
		Unchanged: 
 Data sizes:     COMMON   BANK0   BANK1   BANK2   BANK3   BANK4   BANK5   BANK6
      Params:         0       0       0       0       0       0       0       0
      Locals:         0       3       0       0       0       0       0       0
      Temps:          0       3       0       0       0       0       0       0
      Totals:         0       6       0       0       0       0       0       0
Total ram usage:        6 bytes
 Hardware stack levels used:    1
 Hardware stack levels required when called:    5
 This function calls:
		___awdiv
		___bmul
 This function is called by:
		_RTC_Set_DateTime
[...]
 Tracked objects:
		On entry : 
		On exit  : 
		Unchanged: 
 Data sizes:     COMMON   BANK0   BANK1   BANK2   BANK3   BANK4   BANK5   BANK6
      Params:         0       0       0       0       0       0       0       0
      Locals:         0       2       0       0       0       0       0       0
      Temps:          0       3       0       0       0       0       0       0
      Totals:         0       5       0       0       0       0       0       0
Total ram usage:        5 bytes
 Hardware stack levels used:    1
 Hardware stack levels required when called:    6
 This function calls:
		_I2C_MasterRead
		_I2C_MasterWrite
 This function is called by:
		_RTC_Get_Date
		_RTC_Get_Time
		_RTC_Init
 This function uses a non-reentrant model


 *************** function _I2C_MasterWrite *****************
 Defined at:
		line 598 in file "mcc_generated_files/i2c.c"
 Parameters:    Size  Location     Type
  pdata           1    wreg     PTR unsigned char 
		 -> dat(2), 
  length          1    7[BANK0 ] unsigned char 
  address         2    8[BANK0 ] unsigned int 
  pflag           1   10[BANK0 ] PTR enum E3198
		 -> WStt(1), 
 Auto vars:     Size  Location     Type
  pdata           1   13[BANK0 ] PTR unsigned char 
		 -> dat(2), 
 Return value:  Size  Location     Type
                  1    wreg      void 
 Registers used:
		wreg, fsr1l, fsr1h, status,2, status,0, pclath, cstack
 Tracked objects:
		On entry : 
		On exit  : 
		Unchanged: 
 Data sizes:     COMMON   BANK0   BANK1   BANK2   BANK3   BANK4   BANK5   BANK6
      Params:         0       4       0       0       0       0       0       0
      Locals:         0       1       0       0       0       0       0       0
      Temps:          0       2       0       0       0       0       0       0
      Totals:         0       7       0       0       0       0       0       0
Total ram usage:        7 bytes
 Hardware stack levels used:    1
 Hardware stack levels required when called:    5
 This function calls:
		_I2C_MasterTRBInsert
		_I2C_MasterWriteTRBBuild
 This function is called by:
		_RTC_Write
		_RTC_Read
 This function uses a non-reentrant model


 *************** function _I2C_MasterWriteTRBBuild *****************
 Defined at:
		line 707 in file "mcc_generated_files/i2c.c"
 Parameters:    Size  Location     Type
  ptrb            1    wreg     PTR struct .
		 -> I2C_MasterWrite@trBlock(5), 
  pdata           1    0[BANK0 ] PTR unsigned char 
		 -> dat(2), 
  length          1    1[BANK0 ] unsigned char 
  address         2    2[BANK0 ] unsigned int 
 Auto vars:     Size  Location     Type
  ptrb            1    6[BANK0 ] PTR struct .
		 -> I2C_MasterWrite@trBlock(5), 
 Return value:  Size  Location     Type
                  1    wreg      void 
 Registers used:
		wreg, fsr1l, fsr1h, status,2, status,0
 Tracked objects:
		On entry : 
		On exit  : 
		Unchanged: 
 Data sizes:     COMMON   BANK0   BANK1   BANK2   BANK3   BANK4   BANK5   BANK6
      Params:         0       4       0       0       0       0       0       0
      Locals:         0       1       0       0       0       0       0       0
      Temps:          0       2       0       0       0       0       0       0
      Totals:         0       7       0       0       0       0       0       0
Total ram usage:        7 bytes
 Hardware stack levels used:    1
 Hardware stack levels required when called:    4
 This function calls:
		Nothing
 This function is called by:
		_I2C_MasterWrite
 This function uses a non-reentrant model


 *************** function _I2C_MasterRead *****************
 Defined at:
		line 619 in file "mcc_generated_files/i2c.c"
 Parameters:    Size  Location     Type
  pdata           2    8[BANK0 ] PTR unsigned char 
		 -> RAM(4096), 
  length          1   10[BANK0 ] unsigned char 
  address         2   11[BANK0 ] unsigned int 
  pflag           1   13[BANK0 ] PTR enum E3198
		 -> RStt(1), 
 Auto vars:     Size  Location     Type
		None
 Return value:  Size  Location     Type
                  1    wreg      void 
 Registers used:
		wreg, fsr1l, fsr1h, status,2, status,0, pclath, cstack
 Tracked objects:
		On entry : 
		On exit  : 
		Unchanged: 
 Data sizes:     COMMON   BANK0   BANK1   BANK2   BANK3   BANK4   BANK5   BANK6
      Params:         0       6       0       0       0       0       0       0
      Locals:         0       0       0       0       0       0       0       0
      Temps:          0       2       0       0       0       0       0       0
      Totals:         0       8       0       0       0       0       0       0
Total ram usage:        8 bytes
 Hardware stack levels used:    1
 Hardware stack levels required when called:    5
 This function calls:
		_I2C_MasterReadTRBBuild
		_I2C_MasterTRBInsert
 This function is called by:
		_RTC_Read
 This function uses a non-reentrant model


 *************** function _I2C_MasterTRBInsert *****************
 Defined at:
		line 641 in file "mcc_generated_files/i2c.c"
 Parameters:    Size  Location     Type
  count           1    wreg     unsigned char 
  ptrb_list       1    0[BANK0 ] PTR struct .
		 -> I2C_MasterRead@trBlock(5), I2C_MasterWrite@trBlock(5), 
  pflag           1    1[BANK0 ] PTR enum E3198
		 -> RStt(1), WStt(1), 
 Auto vars:     Size  Location     Type
  count           1    3[BANK0 ] unsigned char 
 Return value:  Size  Location     Type
                  1    wreg      void 
 Registers used:
		wreg, fsr1l, fsr1h, status,2, status,0
 Tracked objects:
		On entry : 
		On exit  : 
		Unchanged: 
 Data sizes:     COMMON   BANK0   BANK1   BANK2   BANK3   BANK4   BANK5   BANK6
      Params:         0       2       0       0       0       0       0       0
      Locals:         0       1       0       0       0       0       0       0
      Temps:          0       1       0       0       0       0       0       0
      Totals:         0       4       0       0       0       0       0       0
Total ram usage:        4 bytes
 Hardware stack levels used:    1
 Hardware stack levels required when called:    4
 This function calls:
		Nothing
 This function is called by:
		_I2C_MasterWrite
		_I2C_MasterRead
 This function uses a non-reentrant model


 *************** function _I2C_MasterReadTRBBuild *****************
 Defined at:
		line 694 in file "mcc_generated_files/i2c.c"
 Parameters:    Size  Location     Type
  ptrb            1    wreg     PTR struct .
		 -> I2C_MasterRead@trBlock(5), 
  pdata           2    0[BANK0 ] PTR unsigned char 
		 -> RAM(4096), 
  length          1    2[BANK0 ] unsigned char 
  address         2    3[BANK0 ] unsigned int 
 Auto vars:     Size  Location     Type
  ptrb            1    7[BANK0 ] PTR struct .
		 -> I2C_MasterRead@trBlock(5), 
 Return value:  Size  Location     Type
                  1    wreg      void 
 Registers used:
		wreg, fsr1l, fsr1h, status,2, status,0
 Tracked objects:
		On entry : 
		On exit  : 
		Unchanged: 
 Data sizes:     COMMON   BANK0   BANK1   BANK2   BANK3   BANK4   BANK5   BANK6
      Params:         0       5       0       0       0       0       0       0
      Locals:         0       1       0       0       0       0       0       0
      Temps:          0       2       0       0       0       0       0       0
      Totals:         0       8       0       0       0       0       0       0
Total ram usage:        8 bytes
 Hardware stack levels used:    1
 Hardware stack levels required when called:    4
 This function calls:
		Nothing
 This function is called by:
		_I2C_MasterRead
 This function uses a non-reentrant model


 *************** function _INTERRUPT_InterruptManager *****************
 Defined at:
		line 51 in file "mcc_generated_files/interrupt_manager.c"
 Parameters:    Size  Location     Type
		None
 Auto vars:     Size  Location     Type
		None
 Return value:  Size  Location     Type
                  1    wreg      void 
 Registers used:
		wreg, fsr0l, fsr0h, fsr1l, fsr1h, status,2, status,0, pclath, cstack
 Tracked objects:
		On entry : 
		On exit  : 
		Unchanged: 
 Data sizes:     COMMON   BANK0   BANK1   BANK2   BANK3   BANK4   BANK5   BANK6
      Params:         0       0       0       0       0       0       0       0
      Locals:         0       0       0       0       0       0       0       0
      Temps:          1       0       0       0       0       0       0       0
      Totals:         1       0       0       0       0       0       0       0
Total ram usage:        1 bytes
 Hardware stack levels used:    1
 Hardware stack levels required when called:    3
 This function calls:
		_I2C_BusCollisionISR
		_I2C_ISR
		_INT_ISR
 This function is called by:
		Interrupt level 1
 This function uses a non-reentrant model


 *************** function _INT_ISR *****************
 Defined at:
		line 45 in file "mcc_generated_files/ext_int.c"
 Parameters:    Size  Location     Type
		None
 Auto vars:     Size  Location     Type
		None
 Return value:  Size  Location     Type
                  1    wreg      void 
 Registers used:
		wreg, status,2, status,0, pclath, cstack
 Tracked objects:
		On entry : 
		On exit  : 
		Unchanged: 
 Data sizes:     COMMON   BANK0   BANK1   BANK2   BANK3   BANK4   BANK5   BANK6
      Params:         0       0       0       0       0       0       0       0
      Locals:         0       0       0       0       0       0       0       0
      Temps:          1       0       0       0       0       0       0       0
      Totals:         1       0       0       0       0       0       0       0
Total ram usage:        1 bytes
 Hardware stack levels used:    1
 Hardware stack levels required when called:    2
 This function calls:
		_INT_CallBack
 This function is called by:
		_INTERRUPT_InterruptManager
 This function uses a non-reentrant model


 *************** function _INT_CallBack *****************
 Defined at:
		line 62 in file "mcc_generated_files/ext_int.c"
 Parameters:    Size  Location     Type
		None
 Auto vars:     Size  Location     Type
		None
 Return value:  Size  Location     Type
                  1    wreg      void 
 Registers used:
		wreg, status,2, status,0, pclath, cstack
 Tracked objects:
		On entry : 
		On exit  : 
		Unchanged: 
 Data sizes:     COMMON   BANK0   BANK1   BANK2   BANK3   BANK4   BANK5   BANK6
      Params:         0       0       0       0       0       0       0       0
      Locals:         0       0       0       0       0       0       0       0
      Temps:          0       0       0       0       0       0       0       0
      Totals:         0       0       0       0       0       0       0       0
Total ram usage:        0 bytes
 Hardware stack levels used:    1
 Hardware stack levels required when called:    1
 This function calls:
		Absolute function
		_INT_DefaultInterruptHandler
 This function is called by:
		_INT_ISR
 This function uses a non-reentrant model


 *************** function _INT_DefaultInterruptHandler *****************
 Defined at:
		line 81 in file "mcc_generated_files/ext_int.c"
 Parameters:    Size  Location     Type
		None
 Auto vars:     Size  Location     Type
		None
 Return value:  Size  Location     Type
                  1    wreg      void 
 Registers used:
		None
 Tracked objects:
		On entry : 
		On exit  : 
		Unchanged: 
 Data sizes:     COMMON   BANK0   BANK1   BANK2   BANK3   BANK4   BANK5   BANK6
      Params:         0       0       0       0       0       0       0       0
      Locals:         0       0       0       0       0       0       0       0
      Temps:          0       0       0       0       0       0       0       0
      Totals:         0       0       0       0       0       0       0       0
Total ram usage:        0 bytes
 Hardware stack levels used:    1
 This function calls:
		Nothing
 This function is called by:
		_EXT_INT_Initialize
		_INT_CallBack
 This function uses a non-reentrant model


 *************** function _I2C_ISR *****************
 Defined at:
		line 233 in file "mcc_generated_files/i2c.c"
 Parameters:    Size  Location     Type
		None
 Auto vars:     Size  Location     Type
		None
 Return value:  Size  Location     Type
                  1    wreg      void 
 Registers used:
		wreg, fsr0l, fsr0h, fsr1l, fsr1h, status,2, status,0, pclath, cstack
 Tracked objects:
		On entry : 
		On exit  : 
		Unchanged: 
 Data sizes:     COMMON   BANK0   BANK1   BANK2   BANK3   BANK4   BANK5   BANK6
      Params:         0       0       0       0       0       0       0       0
      Locals:         0       0       0       0       0       0       0       0
      Temps:          4       0       0       0       0       0       0       0
      Totals:         4       0       0       0       0       0       0       0
Total ram usage:        4 bytes
 Hardware stack levels used:    1
 Hardware stack levels required when called:    1
 This function calls:
		_I2C_FunctionComplete
		_I2C_Stop
 This function is called by:
		_INTERRUPT_InterruptManager
 This function uses a non-reentrant model


 *************** function _I2C_Stop *****************
 Defined at:
		line 581 in file "mcc_generated_files/i2c.c"
 Parameters:    Size  Location     Type
  completion_c    1    wreg     enum E3198
 Auto vars:     Size  Location     Type
  completion_c    1    2[COMMON] enum E3198
 Return value:  Size  Location     Type
                  1    wreg      void 
 Registers used:
		wreg, fsr1l, fsr1h, status,2, status,0
 Tracked objects:
		On entry : 
		On exit  : 
		Unchanged: 
 Data sizes:     COMMON   BANK0   BANK1   BANK2   BANK3   BANK4   BANK5   BANK6
      Params:         0       0       0       0       0       0       0       0
      Locals:         1       0       0       0       0       0       0       0
      Temps:          2       0       0       0       0       0       0       0
      Totals:         3       0       0       0       0       0       0       0
Total ram usage:        3 bytes
 Hardware stack levels used:    1
 This function calls:
		Nothing
 This function is called by:
		_I2C_ISR
 This function uses a non-reentrant model


 *************** function _I2C_FunctionComplete *****************
 Defined at:
		line 563 in file "mcc_generated_files/i2c.c"
 Parameters:    Size  Location     Type
		None
 Auto vars:     Size  Location     Type
		None
 Return value:  Size  Location     Type
                  1    wreg      void 
 Registers used:
		wreg, status,2, status,0
 Tracked objects:
		On entry : 
		On exit  : 
		Unchanged: 
 Data sizes:     COMMON   BANK0   BANK1   BANK2   BANK3   BANK4   BANK5   BANK6
      Params:         0       0       0       0       0       0       0       0
      Locals:         0       0       0       0       0       0       0       0
      Temps:          1       0       0       0       0       0       0       0
      Totals:         1       0       0       0       0       0       0       0
Total ram usage:        1 bytes
 Hardware stack levels used:    1
 This function calls:
		Nothing
 This function is called by:
		_I2C_ISR
 This function uses a non-reentrant model


 *************** function _I2C_BusCollisionISR *****************
 Defined at:
		line 728 in file "mcc_generated_files/i2c.c"
 Parameters:    Size  Location     Type
		None
 Auto vars:     Size  Location     Type
		None
 Return value:  Size  Location     Type
                  1    wreg      void 
 Registers used:
		None
 Tracked objects:
		On entry : 
		On exit  : 
		Unchanged: 
 Data sizes:     COMMON   BANK0   BANK1   BANK2   BANK3   BANK4   BANK5   BANK6
      Params:         0       0       0       0       0       0       0       0
      Locals:         0       0       0       0       0       0       0       0
      Temps:          0       0       0       0       0       0       0       0
      Totals:         0       0       0       0       0       0       0       0
Total ram usage:        0 bytes
 Hardware stack levels used:    1
 This function calls:
		Nothing
 This function is called by:
		_INTERRUPT_InterruptManager
 This function uses a non-reentrant model



MODULE INFORMATION

Module		Function		Class		Link	Load	Size
C:\Program Files (x86)\Microchip\xc8\v1.44\sources\common\lwmod.c
		___lwmod       		CODE           	0633	0000	46

C:\Program Files (x86)\Microchip\xc8\v1.44\sources\common\lwmod.c estimated size: 46

mcc_generated_files/interrupt_manager.c
		_INTERRUPT_InterruptManager		CODE           	0004	0000	40

mcc_generated_files/interrupt_manager.c estimated size: 40

mcc_generated_files/i2c.c
		_I2C_FunctionComplete		CODE           	0FAD	0000	18
		_I2C_MasterWrite		CODE           	068D	0000	41
		_I2C_MasterTRBInsert		CODE           	04E4	0000	70
		_I2C_ISR       		CODE           	01CB	0000	324
		_I2C_Stop      		CODE           	07E3	0000	28
		_I2C_MasterReadTRBBuild		CODE           	06B5	0000	41
		_I2C_Initialize		CODE           	0FE7	0000	26
		_I2C_MasterWriteTRBBuild		CODE           	074D	0000	33
		_I2C_BusCollisionISR		CODE           	07FF	0000	2
		_I2C_MasterRead		CODE           	06DD	0000	40

mcc_generated_files/i2c.c estimated size: 623

mcp7941x.c
		_RTC_Write     		CODE           	0660	0000	46
		_RTC_Read      		CODE           	0529	0000	64
		_RTC_Init      		CODE           	0568	0000	55
		_bcd2int       		CODE           	076D	0000	32
		_int2bcd       		CODE           	0605	0000	47
		_RTC_Get_Date  		CODE           	05D3	0000	51
		_RTC_Get_Time  		CODE           	0704	0000	38
		_RTC_Set_DateTime		CODE           	0396	0000	102

mcp7941x.c estimated size: 435

TextLCD.c
		_TextLCD_CMD   		CODE           	0FD0	0000	24
		_TextLCD_Init  		CODE           	0499	0000	76
		_TextLCD_Puts  		CODE           	044D	0000	77
		_TextLCD_4Bits_Write		CODE           	0729	0000	37
		_TextLCD_Enable		CODE           	0F83	0000	13
		_TextLCD_PutChar		CODE           	0F6C	0000	12

TextLCD.c estimated size: 239

mcc_generated_files/pin_manager.c
		_PIN_MANAGER_Initialize		CODE           	07AA	0000	30

mcc_generated_files/pin_manager.c estimated size: 30

C:\Program Files (x86)\Microchip\xc8\v1.44\sources\common\lwdiv.c
		___lwdiv       		CODE           	059E	0000	54

C:\Program Files (x86)\Microchip\xc8\v1.44\sources\common\lwdiv.c estimated size: 54

C:\Program Files (x86)\Microchip\xc8\v1.44\sources\common\doprnt.c
		_sprintf       		CODE           	0046	0000	390

C:\Program Files (x86)\Microchip\xc8\v1.44\sources\common\doprnt.c estimated size: 390

C:\Program Files (x86)\Microchip\xc8\v1.44\sources\common\Umul8.c
		___bmul        		CODE           	0FBE	0000	19

C:\Program Files (x86)\Microchip\xc8\v1.44\sources\common\Umul8.c estimated size: 19

C:\Program Files (x86)\Microchip\xc8\v1.44\sources\common\Umul16.c
		___wmul        		CODE           	07C7	0000	29

C:\Program Files (x86)\Microchip\xc8\v1.44\sources\common\Umul16.c estimated size: 29

mcc_generated_files/ext_int.c
		_INT_DefaultInterruptHandler		CODE           	07FE	0000	2
		_EXT_INT_Initialize		CODE           	0F77	0000	13
		_INT_SetInterruptHandler		CODE           	0F58	0000	10
		_INT_CallBack  		CODE           	0F61	0000	12
		_INT_ISR       		CODE           	078C	0000	31

mcc_generated_files/ext_int.c estimated size: 68

shared
		_dpowers       		STRCODE        	1024	0000	11
		__initialization		CODE           	002D	0000	22
		TextLCD_Puts@DDRAM_Start_Address		STRCODE        	1000	0000	5

shared estimated size: 38

C:\Program Files (x86)\Microchip\xc8\v1.44\sources\common\awdiv.c
		___awdiv       		CODE           	03FB	0000	83

C:\Program Files (x86)\Microchip\xc8\v1.44\sources\common\awdiv.c estimated size: 83

mcc_generated_files/mcc.c
		_WDT_Initialize		CODE           	0F47	0000	5
		_OSCILLATOR_Initialize		CODE           	0F51	0000	8
		_SYSTEM_Initialize		CODE           	0F8F	0000	16

mcc_generated_files/mcc.c estimated size: 29

C:\Program Files (x86)\Microchip\xc8\v1.44\sources\common\isdigit.c
		_isdigit       		CODE           	0F9E	0000	16

C:\Program Files (x86)\Microchip\xc8\v1.44\sources\common\isdigit.c estimated size: 16

main.c
		_main          		CODE           	030E	0000	137

main.c estimated size: 137

