Microchip MPLAB XC8 Compiler V1.44 ()

Linker command line:

-W-3 --edf=C:\Program Files (x86)\Microchip\xc8\v1.44\dat\en_msgs.txt -cs \
  -h+dist/default/production\ADC.X.production.sym \
  --cmf=dist/default/production\ADC.X.production.cmf -z -Q16F1936 \
  -oC:\Users\dungl\AppData\Local\Temp\sgp8.2 \
  -Mdist/default/production/ADC.X.production.map -E1 -ver=XC8 \
  -ASTACK=02078h-021efh -pstack=STACK -ACODE=00h-07FFhx4 \
  -ASTRCODE=00h-01FFFh -ASTRING=00h-0FFhx32 -ACONST=00h-0FFhx32 \
  -AENTRY=00h-0FFhx32 -ACOMMON=070h-07Fh -ABANK0=020h-06Fh \
  -ABANK1=0A0h-0EFh -ABANK2=0120h-016Fh -ABANK3=01A0h-01EFh \
  -ABANK4=0220h-026Fh -ABANK5=02A0h-02EFh -ABANK6=0320h-032Fh \
  -ABIGRAM=02000h-021EFh \
  -ARAM=020h-06Fh,0A0h-0EFh,0120h-016Fh,01A0h-01EFh,0220h-026Fh,02A0h-02EFh,0320h-032Fh \
  -AABS1=020h-07Fh,0A0h-0EFh,0120h-016Fh,01A0h-01EFh,0220h-026Fh,02A0h-02EFh,0320h-032Fh \
  -ASFR0=00h-01Fh -ASFR1=080h-09Fh -ASFR2=0100h-011Fh -ASFR3=0180h-019Fh \
  -ASFR4=0200h-021Fh -ASFR5=0280h-029Fh -ASFR6=0300h-031Fh \
  -ASFR7=0380h-03EFh -ASFR8=0400h-046Fh -ASFR9=0480h-04EFh \
  -ASFR10=0500h-056Fh -ASFR11=0580h-05EFh -ASFR12=0600h-066Fh \
  -ASFR13=0680h-06EFh -ASFR14=0700h-076Fh -ASFR15=0780h-07EFh \
  -ASFR16=0800h-086Fh -ASFR17=0880h-08EFh -ASFR18=0900h-096Fh \
  -ASFR19=0980h-09EFh -ASFR20=0A00h-0A6Fh -ASFR21=0A80h-0AEFh \
  -ASFR22=0B00h-0B6Fh -ASFR23=0B80h-0BEFh -ASFR24=0C00h-0C6Fh \
  -ASFR25=0C80h-0CEFh -ASFR26=0D00h-0D6Fh -ASFR27=0D80h-0DEFh \
  -ASFR28=0E00h-0E6Fh -ASFR29=0E80h-0EEFh -ASFR30=0F00h-0F6Fh \
  -ASFR31=0F80h-0FEFh -preset_vec=00h,intentry,init,end_init -ppowerup=CODE \
  -pcinit=CODE -pfunctab=ENTRY -ACONFIG=08007h-08008h -pconfig=CONFIG \
  -DCONFIG=2 -AIDLOC=08000h-08003h -pidloc=IDLOC -DIDLOC=2 \
  -AEEDATA=00h-0FFh/0F000h -peeprom_data=EEDATA -DEEDATA=2 -DCODE=2 \
  -DSTRCODE=2 -DSTRING=2 -DCONST=2 -DENTRY=2 -k \
  C:\Users\dungl\AppData\Local\Temp\sgp8.obj \
  dist/default/production\ADC.X.production.obj 

Object code version is 3.11

Machine type is 16F1936



                Name                               Link     Load   Length Selector   Space Scale
C:\Users\dungl\AppData\Local\Temp\sgp8.obj
                end_init                              2        2        2        0       0
                reset_vec                             0        0        2        0       0
                config                             8007     8007        2    1000E       0
dist/default/production\ADC.X.production.obj
                cinit                               7EF      7EF       11      FDE       0
                text33                             16B1     16B1       19     2D62       0
                text32                             1656     1656        8     2CAC       0
                text31                             164F     164F        7     2C9E       0
                text30                             16E6     16E6       1D     2DCC       0
                text29                                5        5        4        A       0
                text28                             166F     166F        C     2CDE       0
                text27                             1703     1703       1D     2E06       0
                text26                              801      801        C     1002       0
                text25                             169C     169C       15     2D38       0
                text24                              835      835       48     106A       0
                text23                             1666     1666        9     2CCC       0
                text22                              921      921       54     1242       0
                text21                              975      975       64     12EA       0
                text20                              A60      A60       A8     14C0       0
                text19                             1689     1689       13     2D12       0
                text18                             173E     173E       3B     2E7C       0
                text17                             165E     165E        8     2CBC       0
                text16                              C88      C88       F6     1910       0
                text15                             1720     1720       1E     2E40       0
                text14                              9D9      9D9       87     13B2       0
                text13                              87D      87D       52     10FA       0
                text12                             1779     1779       42     2EF2       0
                text11                              80D      80D       28     101A       0
                text10                              D7E      D7E      11D     1AFC       0
                text9                                 9        9       B6       12       0
                text8                               8CF      8CF       52     119E       0
                text7                              17BB     17BB       45     2F76       0
                text6                               B08      B08       B4     1610       0
                text5                              16CA     16CA       1C     2D94       0
                text4                               E9B      E9B      165     1D36       0
                text3                              167B     167B        E     2CF6       0
                text2                                BF       BF      244      17E       0
                text1                               303      303      4EC      606       0
                maintext                            BBC      BBC       CC     1778       0
                cstackBANK0                          20       20       48       20       1
                cstackCOMMON                         70       70        E       70       1
                cstackBANK1                          A0       A0       17       A0       1
                clrtext                            1649     1649        6     2C92       0
                bssBANK1                             B7       B7       11       A0       1
                bssBANK0                             68       68        6       20       1
                stringtext5                        1884     1884        9     3000       0
                stringtext4                        1876     1876        E     3000       0
                stringtext3                        184F     184F       27     3000       0
                stringtext2                        1828     1828       27     3000       0
                stringtext1                        1800     1800       28     3000       0

TOTAL           Name                               Link     Load   Length     Space
        CLASS   STACK          

        CLASS   CODE           
                end_init                              2        2        2         0
                cinit                               7EF      7EF       11         0
                reset_vec                             0        0        2         0
                text33                             16B1     16B1       19         0
                text32                             1656     1656        8         0
                text31                             164F     164F        7         0
                text30                             16E6     16E6       1D         0
                text29                                5        5        4         0
                text28                             166F     166F        C         0
                text27                             1703     1703       1D         0
                text26                              801      801        C         0
                text25                             169C     169C       15         0
                text24                              835      835       48         0
                text23                             1666     1666        9         0
                text22                              921      921       54         0
                text21                              975      975       64         0
                text20                              A60      A60       A8         0
                text19                             1689     1689       13         0
                text18                             173E     173E       3B         0
                text17                             165E     165E        8         0
                text16                              C88      C88       F6         0
                text15                             1720     1720       1E         0
                text14                              9D9      9D9       87         0
                text13                              87D      87D       52         0
                text12                             1779     1779       42         0
                text11                              80D      80D       28         0
                text10                              D7E      D7E      11D         0
                text9                                 9        9       B6         0
                text8                               8CF      8CF       52         0
                text7                              17BB     17BB       45         0
                text6                               B08      B08       B4         0
                text5                              16CA     16CA       1C         0
                text4                               E9B      E9B      165         0
                text3                              167B     167B        E         0
                text2                                BF       BF      244         0
                text1                               303      303      4EC         0
                maintext                            BBC      BBC       CC         0
                clrtext                            1649     1649        6         0

        CLASS   STRCODE        
                stringtext5                        1884     1884        9         0
                stringtext4                        1876     1876        E         0
                stringtext3                        184F     184F       27         0
                stringtext2                        1828     1828       27         0
                stringtext1                        1800     1800       28         0

        CLASS   STRING         

        CLASS   CONST          

        CLASS   ENTRY          

        CLASS   COMMON         
                cstackCOMMON                         70       70        E         1

        CLASS   BANK0          
                cstackBANK0                          20       20       48         1
                bssBANK0                             68       68        6         1

        CLASS   BANK1          
                cstackBANK1                          A0       A0       17         1
                bssBANK1                             B7       B7       11         1

        CLASS   BANK2          

        CLASS   BANK3          

        CLASS   BANK4          

        CLASS   BANK5          

        CLASS   BANK6          

        CLASS   BIGRAM         

        CLASS   RAM            

        CLASS   ABS1           
                abs_s1                               7E       7E        2         1

        CLASS   SFR0           

        CLASS   SFR1           

        CLASS   SFR2           

        CLASS   SFR3           

        CLASS   SFR4           

        CLASS   SFR5           

        CLASS   SFR6           

        CLASS   SFR7           

        CLASS   SFR8           

        CLASS   SFR9           

        CLASS   SFR10          

        CLASS   SFR11          

        CLASS   SFR12          

        CLASS   SFR13          

        CLASS   SFR14          

        CLASS   SFR15          

        CLASS   SFR16          

        CLASS   SFR17          

        CLASS   SFR18          

        CLASS   SFR19          

        CLASS   SFR20          

        CLASS   SFR21          

        CLASS   SFR22          

        CLASS   SFR23          

        CLASS   SFR24          

        CLASS   SFR25          

        CLASS   SFR26          

        CLASS   SFR27          

        CLASS   SFR28          

        CLASS   SFR29          

        CLASS   SFR30          

        CLASS   SFR31          

        CLASS   CONFIG         
                config                             8007     8007        2         0

        CLASS   IDLOC          

        CLASS   EEDATA         

        CLASS   BANK31         

        CLASS   BANK30         

        CLASS   BANK29         

        CLASS   BANK28         

        CLASS   BANK27         

        CLASS   BANK26         

        CLASS   BANK25         

        CLASS   BANK24         

        CLASS   BANK23         

        CLASS   BANK22         

        CLASS   BANK21         

        CLASS   BANK20         

        CLASS   BANK19         

        CLASS   BANK18         

        CLASS   BANK17         

        CLASS   BANK16         

        CLASS   BANK15         

        CLASS   BANK14         

        CLASS   BANK13         

        CLASS   BANK12         

        CLASS   BANK11         

        CLASS   BANK10         

        CLASS   BANK9          

        CLASS   BANK8          

        CLASS   BANK7          



SEGMENTS        Name                           Load    Length   Top    Selector   Space  Class     Delta

                reset_vec                      000000  000004  000004         0       0  CODE        2
                text29                         000005  000004  000009         A       0  CODE        2
                text9                          000009  0000B6  0000BF        12       0  CODE        2
                cstackBANK0                    000020  00004E  00006E        20       1  BANK0       1
                cstackCOMMON                   000070  00000E  00007E        70       1  COMMON      1
                cstackBANK1                    0000A0  000028  0000C8        A0       1  BANK1       1
                text2                          0000BF  000244  000303       17E       0  CODE        2
                text1                          000303  0004EC  0007EF       606       0  CODE        2
                cinit                          0007EF  000011  000800       FDE       0  CODE        2
                text26                         000801  00000C  00080D      1002       0  CODE        2
                text11                         00080D  000028  000835      101A       0  CODE        2
                text24                         000835  000048  00087D      106A       0  CODE        2
                text13                         00087D  000052  0008CF      10FA       0  CODE        2
                text8                          0008CF  000052  000921      119E       0  CODE        2
                text22                         000921  000054  000975      1242       0  CODE        2
                text21                         000975  000064  0009D9      12EA       0  CODE        2
                text14                         0009D9  000087  000A60      13B2       0  CODE        2
                text20                         000A60  0000A8  000B08      14C0       0  CODE        2
                text6                          000B08  0000B4  000BBC      1610       0  CODE        2
                maintext                       000BBC  0000CC  000C88      1778       0  CODE        2
                text16                         000C88  0000F6  000D7E      1910       0  CODE        2
                text10                         000D7E  00011D  000E9B      1AFC       0  CODE        2
                text4                          000E9B  000165  001000      1D36       0  CODE        2
                clrtext                        001649  000006  00164F      2C92       0  CODE        2
                text31                         00164F  000007  001656      2C9E       0  CODE        2
                text32                         001656  000008  00165E      2CAC       0  CODE        2
                text17                         00165E  000008  001666      2CBC       0  CODE        2
                text23                         001666  000009  00166F      2CCC       0  CODE        2
                text28                         00166F  00000C  00167B      2CDE       0  CODE        2
                text3                          00167B  00000E  001689      2CF6       0  CODE        2
                text19                         001689  000013  00169C      2D12       0  CODE        2
                text25                         00169C  000015  0016B1      2D38       0  CODE        2
                text33                         0016B1  000019  0016CA      2D62       0  CODE        2
                text5                          0016CA  00001C  0016E6      2D94       0  CODE        2
                text30                         0016E6  00001D  001703      2DCC       0  CODE        2
                text27                         001703  00001D  001720      2E06       0  CODE        2
                text15                         001720  00001E  00173E      2E40       0  CODE        2
                text18                         00173E  00003B  001779      2E7C       0  CODE        2
                text12                         001779  000042  0017BB      2EF2       0  CODE        2
                text7                          0017BB  000045  001800      2F76       0  CODE        2
                stringtext1                    001800  00008D  00188D      3000       0  STRCODE     2
                config                         008007  000002  008009     1000E       0  CONFIG      2


UNUSED ADDRESS RANGES

        Name                Unused          Largest block    Delta
        BANK0            0006E-0006F               2           1
        BANK1            000C8-000EF              28           1
        BANK2            00120-0016F              50           1
        BANK3            001A0-001EF              50           1
        BANK4            00220-0026F              50           1
        BANK5            002A0-002EF              50           1
        BANK6            00320-0032F              10           1
        BIGRAM           02000-021EF             1F0           1
        CODE             00004-00004               1           2
                         00800-00800               1
                         01000-01648             649
                         0188D-01FFF             773
        CONST            00004-00004               1           2
                         00800-00800               1
                         01000-01648             100
                         0188D-01FFF             100
        EEDATA           0F000-0F0FF             100           2
        ENTRY            00004-00004               1           2
                         00800-00800               1
                         01000-01648             100
                         0188D-01FFF             100
        IDLOC            08000-08003               4           2
        RAM              0006E-0006F               2           1
                         000C8-000EF              28
                         00120-0016F              50
                         001A0-001EF              50
                         00220-0026F              50
                         002A0-002EF              50
                         00320-0032F              10
        SFR0             00000-0001F              20           1
        SFR1             00080-0009F              20           1
        SFR10            00500-0056F              70           1
        SFR11            00580-005EF              70           1
        SFR12            00600-0066F              70           1
        SFR13            00680-006EF              70           1
        SFR14            00700-0076F              70           1
        SFR15            00780-007EF              70           1
        SFR16            00800-0086F              70           1
        SFR17            00880-008EF              70           1
        SFR18            00900-0096F              70           1
        SFR19            00980-009EF              70           1
        SFR2             00100-0011F              20           1
        SFR20            00A00-00A6F              70           1
        SFR21            00A80-00AEF              70           1
        SFR22            00B00-00B6F              70           1
        SFR23            00B80-00BEF              70           1
        SFR24            00C00-00C6F              70           1
        SFR25            00C80-00CEF              70           1
        SFR26            00D00-00D6F              70           1
        SFR27            00D80-00DEF              70           1
        SFR28            00E00-00E6F              70           1
        SFR29            00E80-00EEF              70           1
        SFR3             00180-0019F              20           1
        SFR30            00F00-00F6F              70           1
        SFR31            00F80-00FEF              70           1
        SFR4             00200-0021F              20           1
        SFR5             00280-0029F              20           1
        SFR6             00300-0031F              20           1
        SFR7             00380-003EF              70           1
        SFR8             00400-0046F              70           1
        SFR9             00480-004EF              70           1
        STACK            02078-021EF             178           1
        STRCODE          00004-00004               1           2
                         00800-00800               1
                         01000-01648             649
                         0188D-01FFF             773
        STRING           00004-00004               1           2
                         00800-00800               1
                         01000-01648             100
                         0188D-01FFF             100

                                  Symbol Table

?_ADC_GetConversion                      cstackCOMMON 00070
?___awdiv                                cstackCOMMON 00077
?___awmod                                cstackCOMMON 00070
?___ftadd                                cstackBANK0  00046
?___ftdiv                                cstackCOMMON 00078
?___ftmul                                cstackBANK0  00028
?___ftneg                                cstackCOMMON 00070
?___ftpack                               cstackCOMMON 00070
?___ftsub                                cstackBANK0  00053
?___fttol                                cstackBANK0  00041
?___lldiv                                cstackCOMMON 00070
?___llmod                                cstackCOMMON 00070
?___lltoft                               cstackCOMMON 00078
?___lwtoft                               cstackCOMMON 00078
?___wmul                                 cstackBANK0  00024
?__div_to_l_                             cstackCOMMON 00070
?__tdiv_to_l_                            cstackCOMMON 00070
?_fround                                 cstackBANK0  00038
?_scale                                  cstackBANK0  00038
?_sprintf                                cstackBANK0  00059
ADC_GetConversion@channel                cstackCOMMON 00073
TextLCD_4Bits_Write@nib                  cstackCOMMON 00070
TextLCD_CMD@cmd                          cstackCOMMON 00072
TextLCD_PutChar@data                     cstackCOMMON 00073
TextLCD_Puts@DDRAM_Start_Address         stringtext4  01876
TextLCD_Puts@address                     cstackCOMMON 00079
TextLCD_Puts@data                        cstackCOMMON 00075
TextLCD_Puts@idx                         cstackCOMMON 00074
TextLCD_Puts@length_or_type              cstackCOMMON 00076
TextLCD_Puts@line                        cstackCOMMON 00078
_ADCON0                                  (abs)        0009D
_ADCON0bits                              (abs)        0009D
_ADCON1                                  (abs)        0009E
_ADC_GetConversion                       text33       016B1
_ADC_Initialize                          text32       01656
_ADRESH                                  (abs)        0009C
_ADRESL                                  (abs)        0009B
_ANSELA                                  (abs)        0018C
_ANSELB                                  (abs)        0018D
_APFCON                                  (abs)        0011D
_LATA                                    (abs)        0010C
_LATB                                    (abs)        0010D
_LATC                                    (abs)        0010E
_LATCbits                                (abs)        0010E
_LATE                                    (abs)        00110
_OPTION_REGbits                          (abs)        00095
_OSCCON                                  (abs)        00099
_OSCILLATOR_Initialize                   text31       0164F
_OSCTUNE                                 (abs)        00098
_PIN_MANAGER_Initialize                  text30       016E6
_PLLR                                    (abs)        004D6
_SYSTEM_Initialize                       text28       0166F
_TRISA                                   (abs)        0008C
_TRISB                                   (abs)        0008D
_TRISC                                   (abs)        0008E
_TRISE                                   (abs)        00090
_TextLCD_4Bits_Write                     text27       01703
_TextLCD_CMD                             text25       0169C
_TextLCD_Enable                          text26       00801
_TextLCD_Init                            text24       00835
_TextLCD_PutChar                         text23       01666
_TextLCD_Puts                            text22       00921
_WDTCON                                  (abs)        00097
_WDT_Initialize                          text29       00005
_WPUB                                    (abs)        0020D
_WPUE                                    (abs)        00210
__CFG_BOREN$ON                           (abs)        00000
__CFG_BORV$LO                            (abs)        00000
__CFG_CLKOUTEN$OFF                       (abs)        00000
__CFG_CP$OFF                             (abs)        00000
__CFG_CPD$OFF                            (abs)        00000
__CFG_FCMEN$ON                           (abs)        00000
__CFG_FOSC$INTOSC                        (abs)        00000
__CFG_IESO$ON                            (abs)        00000
__CFG_LVP$ON                             (abs)        00000
__CFG_MCLRE$ON                           (abs)        00000
__CFG_PLLEN$ON                           (abs)        00000
__CFG_PWRTE$OFF                          (abs)        00000
__CFG_STVREN$ON                          (abs)        00000
__CFG_VCAPEN$OFF                         (abs)        00000
__CFG_WDTE$OFF                           (abs)        00000
__CFG_WRT$OFF                            (abs)        00000
__Habs1                                  abs1         00000
__Hbank0                                 bank0        00000
__Hbank1                                 bank1        00000
__Hbank10                                bank10       00000
__Hbank11                                bank11       00000
__Hbank12                                bank12       00000
__Hbank13                                bank13       00000
__Hbank14                                bank14       00000
__Hbank15                                bank15       00000
__Hbank16                                bank16       00000
__Hbank17                                bank17       00000
__Hbank18                                bank18       00000
__Hbank19                                bank19       00000
__Hbank2                                 bank2        00000
__Hbank20                                bank20       00000
__Hbank21                                bank21       00000
__Hbank22                                bank22       00000
__Hbank23                                bank23       00000
__Hbank24                                bank24       00000
__Hbank25                                bank25       00000
__Hbank26                                bank26       00000
__Hbank27                                bank27       00000
__Hbank28                                bank28       00000
__Hbank29                                bank29       00000
__Hbank3                                 bank3        00000
__Hbank30                                bank30       00000
__Hbank31                                bank31       00000
__Hbank4                                 bank4        00000
__Hbank5                                 bank5        00000
__Hbank6                                 bank6        00000
__Hbank7                                 bank7        00000
__Hbank8                                 bank8        00000
__Hbank9                                 bank9        00000
__Hbigram                                bigram       00000
__HbssBANK0                              bssBANK0     00000
__HbssBANK1                              bssBANK1     00000
__Hcinit                                 cinit        00800
__Hclrtext                               clrtext      00000
__Hcode                                  code         00000
__Hcommon                                common       00000
__Hconfig                                config       08009
__HcstackBANK0                           cstackBANK0  00000
__HcstackBANK1                           cstackBANK1  00000
__HcstackCOMMON                          cstackCOMMON 00000
__Heeprom_data                           eeprom_data  00000
__Hend_init                              end_init     00004
__Hfunctab                               functab      00000
__Hidloc                                 idloc        00000
__Hinit                                  init         00002
__Hintentry                              intentry     00002
__Hmaintext                              maintext     00000
__Hpowerup                               powerup      00000
__Hram                                   ram          00000
__Hreset_vec                             reset_vec    00002
__Hsfr0                                  sfr0         00000
__Hsfr1                                  sfr1         00000
__Hsfr10                                 sfr10        00000
__Hsfr11                                 sfr11        00000
__Hsfr12                                 sfr12        00000
__Hsfr13                                 sfr13        00000
__Hsfr14                                 sfr14        00000
__Hsfr15                                 sfr15        00000
__Hsfr16                                 sfr16        00000
__Hsfr17                                 sfr17        00000
__Hsfr18                                 sfr18        00000
__Hsfr19                                 sfr19        00000
__Hsfr2                                  sfr2         00000
__Hsfr20                                 sfr20        00000
__Hsfr21                                 sfr21        00000
__Hsfr22                                 sfr22        00000
__Hsfr23                                 sfr23        00000
__Hsfr24                                 sfr24        00000
__Hsfr25                                 sfr25        00000
__Hsfr26                                 sfr26        00000
__Hsfr27                                 sfr27        00000
__Hsfr28                                 sfr28        00000
__Hsfr29                                 sfr29        00000
__Hsfr3                                  sfr3         00000
__Hsfr30                                 sfr30        00000
__Hsfr31                                 sfr31        00000
__Hsfr4                                  sfr4         00000
__Hsfr5                                  sfr5         00000
__Hsfr6                                  sfr6         00000
__Hsfr7                                  sfr7         00000
__Hsfr8                                  sfr8         00000
__Hsfr9                                  sfr9         00000
__Hspace_0                               (abs)        08009
__Hspace_1                               (abs)        000C8
__Hspace_2                               (abs)        00000
__Hspace_3                               (abs)        00000
__Hstack                                 stack        00000
__Hstrings                               strings      00000
__Hstringtext1                           stringtext1  00000
__Hstringtext2                           stringtext2  00000
__Hstringtext3                           stringtext3  00000
__Hstringtext4                           stringtext4  00000
__Hstringtext5                           stringtext5  00000
__Hstringtext6                           stringtext6  00000
__Htext                                  text         00000
__Labs1                                  abs1         00000
__Lbank0                                 bank0        00000
__Lbank1                                 bank1        00000
__Lbank10                                bank10       00000
__Lbank11                                bank11       00000
__Lbank12                                bank12       00000
__Lbank13                                bank13       00000
__Lbank14                                bank14       00000
__Lbank15                                bank15       00000
__Lbank16                                bank16       00000
__Lbank17                                bank17       00000
__Lbank18                                bank18       00000
__Lbank19                                bank19       00000
__Lbank2                                 bank2        00000
__Lbank20                                bank20       00000
__Lbank21                                bank21       00000
__Lbank22                                bank22       00000
__Lbank23                                bank23       00000
__Lbank24                                bank24       00000
__Lbank25                                bank25       00000
__Lbank26                                bank26       00000
__Lbank27                                bank27       00000
__Lbank28                                bank28       00000
__Lbank29                                bank29       00000
__Lbank3                                 bank3        00000
__Lbank30                                bank30       00000
__Lbank31                                bank31       00000
__Lbank4                                 bank4        00000
__Lbank5                                 bank5        00000
__Lbank6                                 bank6        00000
__Lbank7                                 bank7        00000
__Lbank8                                 bank8        00000
__Lbank9                                 bank9        00000
__Lbigram                                bigram       00000
__LbssBANK0                              bssBANK0     00000
__LbssBANK1                              bssBANK1     00000
__Lcinit                                 cinit        007EF
__Lclrtext                               clrtext      00000
__Lcode                                  code         00000
__Lcommon                                common       00000
__Lconfig                                config       08007
__LcstackBANK0                           cstackBANK0  00000
__LcstackBANK1                           cstackBANK1  00000
__LcstackCOMMON                          cstackCOMMON 00000
__Leeprom_data                           eeprom_data  00000
__Lend_init                              end_init     00002
__Lfunctab                               functab      00000
__Lidloc                                 idloc        00000
__Linit                                  init         00002
__Lintentry                              intentry     00002
__Lmaintext                              maintext     00000
__Lpowerup                               powerup      00000
__Lram                                   ram          00000
__Lreset_vec                             reset_vec    00000
__Lsfr0                                  sfr0         00000
__Lsfr1                                  sfr1         00000
__Lsfr10                                 sfr10        00000
__Lsfr11                                 sfr11        00000
__Lsfr12                                 sfr12        00000
__Lsfr13                                 sfr13        00000
__Lsfr14                                 sfr14        00000
__Lsfr15                                 sfr15        00000
__Lsfr16                                 sfr16        00000
__Lsfr17                                 sfr17        00000
__Lsfr18                                 sfr18        00000
__Lsfr19                                 sfr19        00000
__Lsfr2                                  sfr2         00000
__Lsfr20                                 sfr20        00000
__Lsfr21                                 sfr21        00000
__Lsfr22                                 sfr22        00000
__Lsfr23                                 sfr23        00000
__Lsfr24                                 sfr24        00000
__Lsfr25                                 sfr25        00000
__Lsfr26                                 sfr26        00000
__Lsfr27                                 sfr27        00000
__Lsfr28                                 sfr28        00000
__Lsfr29                                 sfr29        00000
__Lsfr3                                  sfr3         00000
__Lsfr30                                 sfr30        00000
__Lsfr31                                 sfr31        00000
__Lsfr4                                  sfr4         00000
__Lsfr5                                  sfr5         00000
__Lsfr6                                  sfr6         00000
__Lsfr7                                  sfr7         00000
__Lsfr8                                  sfr8         00000
__Lsfr9                                  sfr9         00000
__Lspace_0                               (abs)        00000
__Lspace_1                               (abs)        00000
__Lspace_2                               (abs)        00000
__Lspace_3                               (abs)        00000
__Lstack                                 stack        00000
__Lstrings                               strings      00000
__Lstringtext1                           stringtext1  00000
__Lstringtext2                           stringtext2  00000
__Lstringtext3                           stringtext3  00000
__Lstringtext4                           stringtext4  00000
__Lstringtext5                           stringtext5  00000
__Lstringtext6                           stringtext6  00000
__Ltext                                  text         00000
__S0                                     (abs)        08009
__S1                                     (abs)        000C8
__S2                                     (abs)        00000
__S3                                     (abs)        00000
___awdiv                                 text8        008CF
___awdiv@counter                         cstackBANK0  00020
___awdiv@dividend                        cstackCOMMON 00079
___awdiv@divisor                         cstackCOMMON 00077
___awdiv@quotient                        cstackBANK0  00022
___awdiv@sign                            cstackBANK0  00021
___awmod                                 text7        017BB
___awmod@counter                         cstackCOMMON 00075
___awmod@dividend                        cstackCOMMON 00072
___awmod@divisor                         cstackCOMMON 00070
___awmod@sign                            cstackCOMMON 00076
___ftadd                                 text16       00C88
___ftadd@exp1                            cstackBANK0  00052
___ftadd@exp2                            cstackBANK0  00051
___ftadd@f1                              cstackBANK0  00046
___ftadd@f2                              cstackBANK0  00049
___ftadd@sign                            cstackBANK0  00050
___ftdiv                                 text20       00A60
___ftdiv@cntr                            cstackBANK0  00024
___ftdiv@exp                             cstackBANK0  00028
___ftdiv@f1                              cstackCOMMON 0007B
___ftdiv@f2                              cstackCOMMON 00078
___ftdiv@f3                              cstackBANK0  00025
___ftdiv@sign                            cstackBANK0  00029
___ftge                                  text18       0173E
___ftge@ff1                              cstackCOMMON 00070
___ftge@ff2                              cstackCOMMON 00073
___ftmul                                 text6        00B08
___ftmul@cntr                            cstackBANK0  00036
___ftmul@exp                             cstackBANK0  00032
___ftmul@f1                              cstackBANK0  00028
___ftmul@f2                              cstackBANK0  0002B
___ftmul@f3_as_product                   cstackBANK0  00033
___ftmul@sign                            cstackBANK0  00037
___ftneg                                 text17       0165E
___ftneg@f1                              cstackCOMMON 00070
___ftpack                                text21       00975
___ftpack@arg                            cstackCOMMON 00070
___ftpack@exp                            cstackCOMMON 00073
___ftpack@sign                           cstackCOMMON 00074
___ftsub                                 text15       01720
___ftsub@f1                              cstackBANK0  00056
___ftsub@f2                              cstackBANK0  00053
___fttol                                 text14       009D9
___fttol@exp1                            cstackBANK0  0004E
___fttol@f1                              cstackBANK0  00041
___fttol@lval                            cstackBANK0  0004A
___fttol@sign1                           cstackBANK0  00049
___int_sp                                stack        00000
___latbits                               (abs)        00002
___lldiv                                 text13       0087D
___lldiv@counter                         cstackCOMMON 0007D
___lldiv@dividend                        cstackCOMMON 00074
___lldiv@divisor                         cstackCOMMON 00070
___lldiv@quotient                        cstackCOMMON 00079
___llmod                                 text12       01779
___llmod@counter                         cstackCOMMON 00079
___llmod@dividend                        cstackCOMMON 00074
___llmod@divisor                         cstackCOMMON 00070
___lltoft                                text11       0080D
___lltoft@c                              cstackCOMMON 00078
___lltoft@exp                            cstackCOMMON 0007D
___lwtoft                                text19       01689
___lwtoft@c                              cstackCOMMON 00078
___sp                                    stack        00000
___wmul                                  text5        016CA
___wmul@multiplicand                     cstackBANK0  00026
___wmul@multiplier                       cstackBANK0  00024
___wmul@product                          cstackCOMMON 0007C
__div_to_l_                              text10       00D7E
__div_to_l_@cntr                         cstackBANK0  00024
__div_to_l_@exp1                         cstackBANK0  00025
__div_to_l_@f1                           cstackCOMMON 00070
__div_to_l_@f2                           cstackCOMMON 00073
__div_to_l_@quot                         cstackBANK0  00020
__end_ofTextLCD_Puts@DDRAM_Start_Address stringtext4  0187A
__end_of_ADC_GetConversion               text33       016CA
__end_of_ADC_Initialize                  text32       0165E
__end_of_OSCILLATOR_Initialize           text31       01656
__end_of_PIN_MANAGER_Initialize          text30       01703
__end_of_SYSTEM_Initialize               text28       0167B
__end_of_TextLCD_4Bits_Write             text27       01720
__end_of_TextLCD_CMD                     text25       016B1
__end_of_TextLCD_Enable                  text26       0080D
__end_of_TextLCD_Init                    text24       0087D
__end_of_TextLCD_PutChar                 text23       0166F
__end_of_TextLCD_Puts                    text22       00975
__end_of_WDT_Initialize                  text29       00009
__end_of___awdiv                         text8        00921
__end_of___awmod                         text7        01800
__end_of___ftadd                         text16       00D7E
__end_of___ftdiv                         text20       00B08
__end_of___ftge                          text18       01779
__end_of___ftmul                         text6        00BBC
__end_of___ftneg                         text17       01666
__end_of___ftpack                        text21       009D9
__end_of___ftsub                         text15       0173E
__end_of___fttol                         text14       00A60
__end_of___lldiv                         text13       008CF
__end_of___llmod                         text12       017BB
__end_of___lltoft                        text11       00835
__end_of___lwtoft                        text19       0169C
__end_of___wmul                          text5        016E6
__end_of__div_to_l_                      text10       00E9B
__end_of__initialization                 cinit        007FD
__end_of__npowers_                       stringtext3  01876
__end_of__powers_                        stringtext2  0184F
__end_of__tdiv_to_l_                     text9        000BF
__end_of_dpowers                         stringtext1  01828
__end_of_fround                          text4        01000
__end_of_isdigit                         text3        01689
__end_of_main                            maintext     00C88
__end_of_scale                           text2        00303
__end_of_sprintf                         text1        007EF
__initialization                         cinit        007EF
__npowers_                               stringtext3  0184F
__pbssBANK0                              bssBANK0     00068
__pbssBANK1                              bssBANK1     000B7
__pcstackBANK0                           cstackBANK0  00020
__pcstackBANK1                           cstackBANK1  000A0
__pcstackCOMMON                          cstackCOMMON 00070
__pmaintext                              maintext     00BBC
__powers_                                stringtext2  01828
__pstringtext1                           stringtext1  01800
__pstringtext2                           stringtext2  01828
__pstringtext3                           stringtext3  0184F
__pstringtext4                           stringtext4  01876
__pstringtext5                           stringtext5  01884
__pstringtext6                           stringtext6  00000
__ptext1                                 text1        00303
__ptext10                                text10       00D7E
__ptext11                                text11       0080D
__ptext12                                text12       01779
__ptext13                                text13       0087D
__ptext14                                text14       009D9
__ptext15                                text15       01720
__ptext16                                text16       00C88
__ptext17                                text17       0165E
__ptext18                                text18       0173E
__ptext19                                text19       01689
__ptext2                                 text2        000BF
__ptext20                                text20       00A60
__ptext21                                text21       00975
__ptext22                                text22       00921
__ptext23                                text23       01666
__ptext24                                text24       00835
__ptext25                                text25       0169C
__ptext26                                text26       00801
__ptext27                                text27       01703
__ptext28                                text28       0166F
__ptext29                                text29       00005
__ptext3                                 text3        0167B
__ptext30                                text30       016E6
__ptext31                                text31       0164F
__ptext32                                text32       01656
__ptext33                                text33       016B1
__ptext4                                 text4        00E9B
__ptext5                                 text5        016CA
__ptext6                                 text6        00B08
__ptext7                                 text7        017BB
__ptext8                                 text8        008CF
__ptext9                                 text9        00009
__size_of_ADC_GetConversion              (abs)        00000
__size_of_ADC_Initialize                 (abs)        00000
__size_of_OSCILLATOR_Initialize          (abs)        00000
__size_of_PIN_MANAGER_Initialize         (abs)        00000
__size_of_SYSTEM_Initialize              (abs)        00000
__size_of_TextLCD_4Bits_Write            (abs)        00000
__size_of_TextLCD_CMD                    (abs)        00000
__size_of_TextLCD_Enable                 (abs)        00000
__size_of_TextLCD_Init                   (abs)        00000
__size_of_TextLCD_PutChar                (abs)        00000
__size_of_TextLCD_Puts                   (abs)        00000
__size_of_WDT_Initialize                 (abs)        00000
__size_of___awdiv                        (abs)        00000
__size_of___awmod                        (abs)        00000
__size_of___ftadd                        (abs)        00000
__size_of___ftdiv                        (abs)        00000
__size_of___ftge                         (abs)        00000
__size_of___ftmul                        (abs)        00000
__size_of___ftneg                        (abs)        00000
__size_of___ftpack                       (abs)        00000
__size_of___ftsub                        (abs)        00000
__size_of___fttol                        (abs)        00000
__size_of___lldiv                        (abs)        00000
__size_of___llmod                        (abs)        00000
__size_of___lltoft                       (abs)        00000
__size_of___lwtoft                       (abs)        00000
__size_of___wmul                         (abs)        00000
__size_of__div_to_l_                     (abs)        00000
__size_of__tdiv_to_l_                    (abs)        00000
__size_of_fround                         (abs)        00000
__size_of_isdigit                        (abs)        00000
__size_of_main                           (abs)        00000
__size_of_scale                          (abs)        00000
__size_of_sprintf                        (abs)        00000
__tdiv_to_l_                             text9        00009
__tdiv_to_l_@cntr                        cstackBANK0  00024
__tdiv_to_l_@exp1                        cstackBANK0  00025
__tdiv_to_l_@f1                          cstackCOMMON 00070
__tdiv_to_l_@f2                          cstackCOMMON 00073
__tdiv_to_l_@quot                        cstackBANK0  00020
_dpowers                                 stringtext1  01800
_fround                                  text4        00E9B
_fround$752                              cstackBANK0  00042
_fround$753                              cstackBANK0  0003F
_isdigit                                 text3        0167B
_isdigit$520                             cstackCOMMON 00070
_main                                    maintext     00BBC
_scale                                   text2        000BF
_scale$754                               cstackBANK0  0003D
_sprintf                                 text1        00303
_sprintf$755                             cstackBANK1  000A0
_str                                     bssBANK1     000B7
_temp                                    bssBANK0     00068
_vol                                     bssBANK0     0006B
btemp                                    (abs)        0007E
clear_ram0                               clrtext      01649
end_of_initialization                    cinit        007FD
fround@prec                              cstackBANK0  00045
intlevel0                                functab      00000
intlevel1                                functab      00000
intlevel2                                functab      00000
intlevel3                                functab      00000
intlevel4                                functab      00000
intlevel5                                functab      00000
isdigit@c                                cstackCOMMON 00071
main@adc_value                           cstackBANK0  00066
reset_vec                                reset_vec    00000
scale@scl                                cstackBANK0  00040
sprintf@ap                               cstackBANK1  000A3
sprintf@c                                cstackBANK1  000B6
sprintf@exp                              cstackBANK1  000AA
sprintf@f                                cstackBANK0  00059
sprintf@flag                             cstackBANK1  000A4
sprintf@fval                             cstackBANK1  000B3
sprintf@prec                             cstackBANK1  000B0
sprintf@sp                               cstackBANK1  000B2
sprintf@tmpval                           cstackBANK1  000AC
sprintf@val                              cstackBANK1  000A6
stackhi                                  (abs)        021EF
stacklo                                  (abs)        02078
start                                    init         00002
start_initialization                     cinit        007EF
wtemp0                                   (abs)        0007E


FUNCTION INFORMATION:

 *************** function _main *****************
 Defined at:
		line 7 in file "main.c"
 Parameters:    Size  Location     Type
		None
 Auto vars:     Size  Location     Type
  adc_value       2   70[BANK0 ] unsigned int 
 Return value:  Size  Location     Type
                  1    wreg      void 
 Registers used:
		wreg, fsr0l, fsr0h, fsr1l, fsr1h, status,2, status,0, pclath, cstack
 Tracked objects:
		On entry : 
		On exit  : 
		Unchanged: 
 Data sizes:     COMMON   BANK0   BANK1   BANK2   BANK3   BANK4   BANK5   BANK6
      Params:         0       0       0       0       0       0       0       0
      Locals:         0       2       0       0       0       0       0       0
      Temps:          0       2       0       0       0       0       0       0
      Totals:         0       4       0       0       0       0       0       0
Total ram usage:        4 bytes
 Hardware stack levels required when called:    4
 This function calls:
		_ADC_GetConversion
		_SYSTEM_Initialize
		_TextLCD_Init
		_TextLCD_Puts
		___ftdiv
		___ftmul
		___lwtoft
		_sprintf
 This function is called by:
		Startup code after reset
 This function uses a non-reentrant model


 *************** function _sprintf *****************
 Defined at:
		line 492 in file "C:\Program Files (x86)\Microchip\xc8\v1.44\sources\common\doprnt.c"
 Parameters:    Size  Location     Type
  sp              1    wreg     PTR unsigned char 
		 -> str(17), 
  f               2   57[BANK0 ] PTR const unsigned char 
		 -> STR_2(10), STR_1(9), 
 Auto vars:     Size  Location     Type
  sp              1   18[BANK1 ] PTR unsigned char 
		 -> str(17), 
  tmpval          4   12[BANK1 ] struct .
  val             4    6[BANK1 ] unsigned long 
  fval            3   19[BANK1 ] unsigned long 
  prec            2   16[BANK1 ] int 
  exp             2   10[BANK1 ] int 
  flag            2    4[BANK1 ] unsigned short 
  cp              2    0        PTR const unsigned char 
  len             2    0        unsigned int 
  width           2    0        int 
  c               1   22[BANK1 ] char 
  ap              1    3[BANK1 ] PTR void [1]
		 -> ?_sprintf(2), 
  d               1    0        unsigned char 
 Return value:  Size  Location     Type
                  2   57[BANK0 ] int 
 Registers used:
		wreg, fsr0l, fsr0h, fsr1l, fsr1h, status,2, status,0, pclath, cstack
 Tracked objects:
		On entry : 
		On exit  : 
		Unchanged: 
 Data sizes:     COMMON   BANK0   BANK1   BANK2   BANK3   BANK4   BANK5   BANK6
      Params:         0       5       0       0       0       0       0       0
      Locals:         0       0      23       0       0       0       0       0
      Temps:          0       6       0       0       0       0       0       0
      Totals:         0      11      23       0       0       0       0       0
Total ram usage:       34 bytes
 Hardware stack levels used:    1
 Hardware stack levels required when called:    3
 This function calls:
		___awdiv
		___ftadd
		___ftge
		___ftmul
		___ftneg
		___ftsub
		___fttol
		___lldiv
		___llmod
		___lltoft
		___wmul
		__div_to_l_
		__tdiv_to_l_
		_fround
		_isdigit
		_scale
 This function is called by:
		_main
 This function uses a non-reentrant model


 *************** function _scale *****************
 Defined at:
		line 425 in file "C:\Program Files (x86)\Microchip\xc8\v1.44\sources\common\doprnt.c"
 Parameters:    Size  Location     Type
  scl             1    wreg     char 
 Auto vars:     Size  Location     Type
  scl             1   32[BANK0 ] char 
 Return value:  Size  Location     Type
                  3   24[BANK0 ] char 
 Registers used:
		wreg, fsr0l, fsr0h, status,2, status,0, pclath, cstack
 Tracked objects:
		On entry : 
		On exit  : 
		Unchanged: 
 Data sizes:     COMMON   BANK0   BANK1   BANK2   BANK3   BANK4   BANK5   BANK6
      Params:         0       3       0       0       0       0       0       0
      Locals:         0       4       0       0       0       0       0       0
      Temps:          0       2       0       0       0       0       0       0
      Totals:         0       9       0       0       0       0       0       0
Total ram usage:        9 bytes
 Hardware stack levels used:    1
 Hardware stack levels required when called:    2
 This function calls:
		___awdiv
		___awmod
		___ftmul
		___wmul
 This function is called by:
		_sprintf
 This function uses a non-reentrant model


 *************** function _isdigit *****************
 Defined at:
		line 8 in file "C:\Program Files (x86)\Microchip\xc8\v1.44\sources\common\isdigit.c"
 Parameters:    Size  Location     Type
  c               1    wreg     unsigned char 
 Auto vars:     Size  Location     Type
  c               1    1[COMMON] unsigned char 
 Return value:  Size  Location     Type
		None               void
 Registers used:
		wreg, status,2, status,0
 Tracked objects:
		On entry : 
		On exit  : 
		Unchanged: 
 Data sizes:     COMMON   BANK0   BANK1   BANK2   BANK3   BANK4   BANK5   BANK6
      Params:         0       0       0       0       0       0       0       0
      Locals:         2       0       0       0       0       0       0       0
      Temps:          0       0       0       0       0       0       0       0
      Totals:         2       0       0       0       0       0       0       0
Total ram usage:        2 bytes
 Hardware stack levels used:    1
 This function calls:
		Nothing
 This function is called by:
		_sprintf
 This function uses a non-reentrant model


 *************** function _fround *****************
 Defined at:
		line 409 in file "C:\Program Files (x86)\Microchip\xc8\v1.44\sources\common\doprnt.c"
 Parameters:    Size  Location     Type
  prec            1    wreg     unsigned char 
 Auto vars:     Size  Location     Type
  prec            1   37[BANK0 ] unsigned char 
 Return value:  Size  Location     Type
                  3   24[BANK0 ] unsigned char 
 Registers used:
		wreg, fsr0l, fsr0h, status,2, status,0, pclath, cstack
 Tracked objects:
		On entry : 
		On exit  : 
		Unchanged: 
 Data sizes:     COMMON   BANK0   BANK1   BANK2   BANK3   BANK4   BANK5   BANK6
      Params:         0       3       0       0       0       0       0       0
      Locals:         0       7       0       0       0       0       0       0
      Temps:          0       4       0       0       0       0       0       0
      Totals:         0      14       0       0       0       0       0       0
Total ram usage:       14 bytes
 Hardware stack levels used:    1
 Hardware stack levels required when called:    2
 This function calls:
		___awdiv
		___awmod
		___ftmul
		___wmul
 This function is called by:
		_sprintf
 This function uses a non-reentrant model


 *************** function ___wmul *****************
 Defined at:
		line 15 in file "C:\Program Files (x86)\Microchip\xc8\v1.44\sources\common\Umul16.c"
 Parameters:    Size  Location     Type
  multiplier      2    4[BANK0 ] unsigned int 
  multiplicand    2    6[BANK0 ] unsigned int 
 Auto vars:     Size  Location     Type
  product         2   12[COMMON] unsigned int 
 Return value:  Size  Location     Type
                  2    4[BANK0 ] unsigned int 
 Registers used:
		wreg, status,2, status,0
 Tracked objects:
		On entry : 
		On exit  : 
		Unchanged: 
 Data sizes:     COMMON   BANK0   BANK1   BANK2   BANK3   BANK4   BANK5   BANK6
      Params:         0       4       0       0       0       0       0       0
      Locals:         2       0       0       0       0       0       0       0
      Temps:          0       0       0       0       0       0       0       0
      Totals:         2       4       0       0       0       0       0       0
Total ram usage:        6 bytes
 Hardware stack levels used:    1
 This function calls:
		Nothing
 This function is called by:
		_fround
		_scale
		_sprintf
 This function uses a non-reentrant model


 *************** function ___ftmul *****************
 Defined at:
		line 62 in file "C:\Program Files (x86)\Microchip\xc8\v1.44\sources\common\ftmul.c"
 Parameters:    Size  Location     Type
  f1              3    8[BANK0 ] float 
  f2              3   11[BANK0 ] float 
 Auto vars:     Size  Location     Type
  f3_as_produc    3   19[BANK0 ] unsigned um
  sign            1   23[BANK0 ] unsigned char 
  cntr            1   22[BANK0 ] unsigned char 
  exp             1   18[BANK0 ] unsigned char 
 Return value:  Size  Location     Type
                  3    8[BANK0 ] float 
 Registers used:
		wreg, status,2, status,0, pclath, cstack
 Tracked objects:
		On entry : 
		On exit  : 
		Unchanged: 
 Data sizes:     COMMON   BANK0   BANK1   BANK2   BANK3   BANK4   BANK5   BANK6
      Params:         0       6       0       0       0       0       0       0
      Locals:         0       6       0       0       0       0       0       0
      Temps:          0       4       0       0       0       0       0       0
      Totals:         0      16       0       0       0       0       0       0
Total ram usage:       16 bytes
 Hardware stack levels used:    1
 Hardware stack levels required when called:    1
 This function calls:
		___ftpack
 This function is called by:
		_main
		_fround
		_scale
		_sprintf
 This function uses a non-reentrant model


 *************** function ___awmod *****************
 Defined at:
		line 6 in file "C:\Program Files (x86)\Microchip\xc8\v1.44\sources\common\awmod.c"
 Parameters:    Size  Location     Type
  divisor         2    0[COMMON] int 
  dividend        2    2[COMMON] int 
 Auto vars:     Size  Location     Type
  sign            1    6[COMMON] unsigned char 
  counter         1    5[COMMON] unsigned char 
 Return value:  Size  Location     Type
                  2    0[COMMON] int 
 Registers used:
		wreg, status,2, status,0
 Tracked objects:
		On entry : 
		On exit  : 
		Unchanged: 
 Data sizes:     COMMON   BANK0   BANK1   BANK2   BANK3   BANK4   BANK5   BANK6
      Params:         4       0       0       0       0       0       0       0
      Locals:         2       0       0       0       0       0       0       0
      Temps:          1       0       0       0       0       0       0       0
      Totals:         7       0       0       0       0       0       0       0
Total ram usage:        7 bytes
 Hardware stack levels used:    1
 This function calls:
		Nothing
 This function is called by:
		_fround
		_scale
 This function uses a non-reentrant model


 *************** function ___awdiv *****************
 Defined at:
		line 6 in file "C:\Program Files (x86)\Microchip\xc8\v1.44\sources\common\awdiv.c"
 Parameters:    Size  Location     Type
  divisor         2    7[COMMON] int 
  dividend        2    9[COMMON] int 
 Auto vars:     Size  Location     Type
  quotient        2    2[BANK0 ] int 
  sign            1    1[BANK0 ] unsigned char 
  counter         1    0[BANK0 ] unsigned char 
 Return value:  Size  Location     Type
                  2    7[COMMON] int 
 Registers used:
		wreg, status,2, status,0
 Tracked objects:
		On entry : 
		On exit  : 
		Unchanged: 
 Data sizes:     COMMON   BANK0   BANK1   BANK2   BANK3   BANK4   BANK5   BANK6
      Params:         4       0       0       0       0       0       0       0
      Locals:         0       4       0       0       0       0       0       0
      Temps:          1       0       0       0       0       0       0       0
      Totals:         5       4       0       0       0       0       0       0
Total ram usage:        9 bytes
 Hardware stack levels used:    1
 This function calls:
		Nothing
 This function is called by:
		_fround
		_scale
		_sprintf
 This function uses a non-reentrant model


 *************** function __tdiv_to_l_ *****************
 Defined at:
		line 60 in file "C:\Program Files (x86)\Microchip\xc8\v1.44\sources\common\ftdivl.c"
 Parameters:    Size  Location     Type
  f1              3    0[COMMON] float 
  f2              3    3[COMMON] float 
 Auto vars:     Size  Location     Type
  quot            4    0[BANK0 ] unsigned long 
  exp1            1    5[BANK0 ] unsigned char 
  cntr            1    4[BANK0 ] unsigned char 
 Return value:  Size  Location     Type
                  4    0[COMMON] unsigned long 
 Registers used:
		wreg, status,2, status,0
 Tracked objects:
		On entry : 
		On exit  : 
		Unchanged: 
 Data sizes:     COMMON   BANK0   BANK1   BANK2   BANK3   BANK4   BANK5   BANK6
      Params:         6       0       0       0       0       0       0       0
      Locals:         0       6       0       0       0       0       0       0
      Temps:          4       0       0       0       0       0       0       0
      Totals:        10       6       0       0       0       0       0       0
Total ram usage:       16 bytes
 Hardware stack levels used:    1
 This function calls:
		Nothing
 This function is called by:
		_sprintf
 This function uses a non-reentrant model


 *************** function __div_to_l_ *****************
 Defined at:
		line 60 in file "C:\Program Files (x86)\Microchip\xc8\v1.44\sources\common\fldivl.c"
 Parameters:    Size  Location     Type
  f1              3    0[COMMON] unsigned long 
  f2              3    3[COMMON] unsigned long 
 Auto vars:     Size  Location     Type
  quot            4    0[BANK0 ] unsigned long 
  exp1            1    5[BANK0 ] unsigned char 
  cntr            1    4[BANK0 ] unsigned char 
 Return value:  Size  Location     Type
                  4    0[COMMON] unsigned long 
 Registers used:
		wreg, fsr1l, fsr1h, status,2, status,0
 Tracked objects:
		On entry : 
		On exit  : 
		Unchanged: 
 Data sizes:     COMMON   BANK0   BANK1   BANK2   BANK3   BANK4   BANK5   BANK6
      Params:         6       0       0       0       0       0       0       0
      Locals:         0       6       0       0       0       0       0       0
      Temps:          8       0       0       0       0       0       0       0
      Totals:        14       6       0       0       0       0       0       0
Total ram usage:       20 bytes
 Hardware stack levels used:    1
 This function calls:
		Nothing
 This function is called by:
		_sprintf
 This function uses a non-reentrant model


 *************** function ___lltoft *****************
 Defined at:
		line 35 in file "C:\Program Files (x86)\Microchip\xc8\v1.44\sources\common\lltoft.c"
 Parameters:    Size  Location     Type
  c               4    8[COMMON] unsigned long 
 Auto vars:     Size  Location     Type
  exp             1   13[COMMON] unsigned char 
 Return value:  Size  Location     Type
                  3    8[COMMON] float 
 Registers used:
		wreg, status,2, status,0, pclath, cstack
 Tracked objects:
		On entry : 
		On exit  : 
		Unchanged: 
 Data sizes:     COMMON   BANK0   BANK1   BANK2   BANK3   BANK4   BANK5   BANK6
      Params:         4       0       0       0       0       0       0       0
      Locals:         1       0       0       0       0       0       0       0
      Temps:          1       0       0       0       0       0       0       0
      Totals:         6       0       0       0       0       0       0       0
Total ram usage:        6 bytes
 Hardware stack levels used:    1
 Hardware stack levels required when called:    1
 This function calls:
		___ftpack
 This function is called by:
		_sprintf
 This function uses a non-reentrant model


 *************** function ___llmod *****************
 Defined at:
		line 6 in file "C:\Program Files (x86)\Microchip\xc8\v1.44\sources\common\llmod.c"
 Parameters:    Size  Location     Type
  divisor         4    0[COMMON] unsigned long 
  dividend        4    4[COMMON] unsigned long 
 Auto vars:     Size  Location     Type
  counter         1    9[COMMON] unsigned char 
 Return value:  Size  Location     Type
                  4    0[COMMON] unsigned long 
 Registers used:
		wreg, status,2, status,0
 Tracked objects:
		On entry : 
		On exit  : 
		Unchanged: 
 Data sizes:     COMMON   BANK0   BANK1   BANK2   BANK3   BANK4   BANK5   BANK6
      Params:         8       0       0       0       0       0       0       0
      Locals:         1       0       0       0       0       0       0       0
      Temps:          1       0       0       0       0       0       0       0
      Totals:        10       0       0       0       0       0       0       0
Total ram usage:       10 bytes
 Hardware stack levels used:    1
 This function calls:
		Nothing
 This function is called by:
		_sprintf
 This function uses a non-reentrant model


 *************** function ___lldiv *****************
 Defined at:
		line 6 in file "C:\Program Files (x86)\Microchip\xc8\v1.44\sources\common\lldiv.c"
 Parameters:    Size  Location     Type
  divisor         4    0[COMMON] unsigned long 
  dividend        4    4[COMMON] unsigned long 
 Auto vars:     Size  Location     Type
  quotient        4    9[COMMON] unsigned long 
  counter         1   13[COMMON] unsigned char 
 Return value:  Size  Location     Type
                  4    0[COMMON] unsigned long 
 Registers used:
		wreg, status,2, status,0
 Tracked objects:
		On entry : 
		On exit  : 
		Unchanged: 
 Data sizes:     COMMON   BANK0   BANK1   BANK2   BANK3   BANK4   BANK5   BANK6
      Params:         8       0       0       0       0       0       0       0
      Locals:         5       0       0       0       0       0       0       0
      Temps:          1       0       0       0       0       0       0       0
      Totals:        14       0       0       0       0       0       0       0
Total ram usage:       14 bytes
 Hardware stack levels used:    1
 This function calls:
		Nothing
 This function is called by:
		_sprintf
 This function uses a non-reentrant model


 *************** function ___fttol *****************
 Defined at:
		line 44 in file "C:\Program Files (x86)\Microchip\xc8\v1.44\sources\common\fttol.c"
 Parameters:    Size  Location     Type
  f1              3   33[BANK0 ] float 
 Auto vars:     Size  Location     Type
  lval            4   42[BANK0 ] unsigned long 
  exp1            1   46[BANK0 ] unsigned char 
  sign1           1   41[BANK0 ] unsigned char 
 Return value:  Size  Location     Type
                  4   33[BANK0 ] long 
 Registers used:
		wreg, status,2, status,0
 Tracked objects:
		On entry : 
		On exit  : 
		Unchanged: 
 Data sizes:     COMMON   BANK0   BANK1   BANK2   BANK3   BANK4   BANK5   BANK6
      Params:         0       4       0       0       0       0       0       0
      Locals:         0       6       0       0       0       0       0       0
      Temps:          0       4       0       0       0       0       0       0
      Totals:         0      14       0       0       0       0       0       0
Total ram usage:       14 bytes
 Hardware stack levels used:    1
 This function calls:
		Nothing
 This function is called by:
		_sprintf
 This function uses a non-reentrant model


 *************** function ___ftsub *****************
 Defined at:
		line 18 in file "C:\Program Files (x86)\Microchip\xc8\v1.44\sources\common\ftsub.c"
 Parameters:    Size  Location     Type
  f2              3   51[BANK0 ] float 
  f1              3   54[BANK0 ] float 
 Auto vars:     Size  Location     Type
		None
 Return value:  Size  Location     Type
                  3   51[BANK0 ] float 
 Registers used:
		wreg, status,2, status,0, pclath, cstack
 Tracked objects:
		On entry : 
		On exit  : 
		Unchanged: 
 Data sizes:     COMMON   BANK0   BANK1   BANK2   BANK3   BANK4   BANK5   BANK6
      Params:         0       6       0       0       0       0       0       0
      Locals:         0       0       0       0       0       0       0       0
      Temps:          0       0       0       0       0       0       0       0
      Totals:         0       6       0       0       0       0       0       0
Total ram usage:        6 bytes
 Hardware stack levels used:    1
 Hardware stack levels required when called:    2
 This function calls:
		___ftadd
 This function is called by:
		_sprintf
 This function uses a non-reentrant model


 *************** function ___ftadd *****************
 Defined at:
		line 86 in file "C:\Program Files (x86)\Microchip\xc8\v1.44\sources\common\ftadd.c"
 Parameters:    Size  Location     Type
  f1              3   38[BANK0 ] float 
  f2              3   41[BANK0 ] float 
 Auto vars:     Size  Location     Type
  exp1            1   50[BANK0 ] unsigned char 
  exp2            1   49[BANK0 ] unsigned char 
  sign            1   48[BANK0 ] unsigned char 
 Return value:  Size  Location     Type
                  3   38[BANK0 ] float 
 Registers used:
		wreg, status,2, status,0, pclath, cstack
 Tracked objects:
		On entry : 
		On exit  : 
		Unchanged: 
 Data sizes:     COMMON   BANK0   BANK1   BANK2   BANK3   BANK4   BANK5   BANK6
      Params:         0       6       0       0       0       0       0       0
      Locals:         0       3       0       0       0       0       0       0
      Temps:          0       4       0       0       0       0       0       0
      Totals:         0      13       0       0       0       0       0       0
Total ram usage:       13 bytes
 Hardware stack levels used:    1
 Hardware stack levels required when called:    1
 This function calls:
		___ftpack
 This function is called by:
		_sprintf
		___ftsub
 This function uses a non-reentrant model


 *************** function ___ftneg *****************
 Defined at:
		line 15 in file "C:\Program Files (x86)\Microchip\xc8\v1.44\sources\common\ftneg.c"
 Parameters:    Size  Location     Type
  f1              3    0[COMMON] float 
 Auto vars:     Size  Location     Type
		None
 Return value:  Size  Location     Type
                  3    0[COMMON] float 
 Registers used:
		wreg
 Tracked objects:
		On entry : 
		On exit  : 
		Unchanged: 
 Data sizes:     COMMON   BANK0   BANK1   BANK2   BANK3   BANK4   BANK5   BANK6
      Params:         3       0       0       0       0       0       0       0
      Locals:         0       0       0       0       0       0       0       0
      Temps:          0       0       0       0       0       0       0       0
      Totals:         3       0       0       0       0       0       0       0
Total ram usage:        3 bytes
 Hardware stack levels used:    1
 This function calls:
		Nothing
 This function is called by:
		_sprintf
 This function uses a non-reentrant model


 *************** function ___ftge *****************
 Defined at:
		line 4 in file "C:\Program Files (x86)\Microchip\xc8\v1.44\sources\common\ftge.c"
 Parameters:    Size  Location     Type
  ff1             3    0[COMMON] float 
  ff2             3    3[COMMON] float 
 Auto vars:     Size  Location     Type
		None
 Return value:  Size  Location     Type
		None               void
 Registers used:
		wreg, status,2, status,0
 Tracked objects:
		On entry : 
		On exit  : 
		Unchanged: 
 Data sizes:     COMMON   BANK0   BANK1   BANK2   BANK3   BANK4   BANK5   BANK6
      Params:         6       0       0       0       0       0       0       0
      Locals:         0       0       0       0       0       0       0       0
      Temps:          3       0       0       0       0       0       0       0
      Totals:         9       0       0       0       0       0       0       0
Total ram usage:        9 bytes
 Hardware stack levels used:    1
 This function calls:
		Nothing
 This function is called by:
		_sprintf
 This function uses a non-reentrant model


 *************** function ___lwtoft *****************
 Defined at:
		line 28 in file "C:\Program Files (x86)\Microchip\xc8\v1.44\sources\common\lwtoft.c"
 Parameters:    Size  Location     Type
  c               2    8[COMMON] unsigned int 
 Auto vars:     Size  Location     Type
		None
 Return value:  Size  Location     Type
                  3    8[COMMON] float 
 Registers used:
		wreg, status,2, status,0, pclath, cstack
 Tracked objects:
		On entry : 
		On exit  : 
		Unchanged: 
 Data sizes:     COMMON   BANK0   BANK1   BANK2   BANK3   BANK4   BANK5   BANK6
      Params:         3       0       0       0       0       0       0       0
      Locals:         0       0       0       0       0       0       0       0
      Temps:          1       0       0       0       0       0       0       0
      Totals:         4       0       0       0       0       0       0       0
Total ram usage:        4 bytes
 Hardware stack levels used:    1
 Hardware stack levels required when called:    1
 This function calls:
		___ftpack
 This function is called by:
		_main
 This function uses a non-reentrant model


 *************** function ___ftdiv *****************
 Defined at:
		line 56 in file "C:\Program Files (x86)\Microchip\xc8\v1.44\sources\common\ftdiv.c"
 Parameters:    Size  Location     Type
  f2              3    8[COMMON] float 
  f1              3   11[COMMON] float 
 Auto vars:     Size  Location     Type
  f3              3    5[BANK0 ] float 
  sign            1    9[BANK0 ] unsigned char 
  exp             1    8[BANK0 ] unsigned char 
  cntr            1    4[BANK0 ] unsigned char 
 Return value:  Size  Location     Type
                  3    8[COMMON] float 
 Registers used:
		wreg, status,2, status,0, pclath, cstack
 Tracked objects:
		On entry : 
		On exit  : 
		Unchanged: 
 Data sizes:     COMMON   BANK0   BANK1   BANK2   BANK3   BANK4   BANK5   BANK6
      Params:         6       0       0       0       0       0       0       0
      Locals:         0       6       0       0       0       0       0       0
      Temps:          0       4       0       0       0       0       0       0
      Totals:         6      10       0       0       0       0       0       0
Total ram usage:       16 bytes
 Hardware stack levels used:    1
 Hardware stack levels required when called:    1
 This function calls:
		___ftpack
 This function is called by:
		_main
 This function uses a non-reentrant model


 *************** function ___ftpack *****************
 Defined at:
		line 62 in file "C:\Program Files (x86)\Microchip\xc8\v1.44\sources\common\float.c"
 Parameters:    Size  Location     Type
  arg             3    0[COMMON] unsigned um
  exp             1    3[COMMON] unsigned char 
  sign            1    4[COMMON] unsigned char 
 Auto vars:     Size  Location     Type
		None
 Return value:  Size  Location     Type
                  3    0[COMMON] float 
 Registers used:
		wreg, status,2, status,0
 Tracked objects:
		On entry : 
		On exit  : 
		Unchanged: 
 Data sizes:     COMMON   BANK0   BANK1   BANK2   BANK3   BANK4   BANK5   BANK6
      Params:         5       0       0       0       0       0       0       0
      Locals:         0       0       0       0       0       0       0       0
      Temps:          3       0       0       0       0       0       0       0
      Totals:         8       0       0       0       0       0       0       0
Total ram usage:        8 bytes
 Hardware stack levels used:    1
 This function calls:
		Nothing
 This function is called by:
		___ftadd
		___ftdiv
		___ftmul
		___lltoft
		___lwtoft
 This function uses a non-reentrant model


 *************** function _TextLCD_Puts *****************
 Defined at:
		line 38 in file "TextLCD.c"
 Parameters:    Size  Location     Type
  line            1    wreg     unsigned char 
  idx             1    4[COMMON] unsigned char 
  data            1    5[COMMON] PTR unsigned char 
		 -> str(17), 
  length_or_ty    1    6[COMMON] unsigned char 
 Auto vars:     Size  Location     Type
  line            1    8[COMMON] unsigned char 
  address         1    9[COMMON] unsigned char 
 Return value:  Size  Location     Type
                  1    wreg      void 
 Registers used:
		wreg, fsr0l, fsr0h, fsr1l, fsr1h, status,2, status,0, pclath, cstack
 Tracked objects:
		On entry : 
		On exit  : 
		Unchanged: 
 Data sizes:     COMMON   BANK0   BANK1   BANK2   BANK3   BANK4   BANK5   BANK6
      Params:         3       0       0       0       0       0       0       0
      Locals:         2       0       0       0       0       0       0       0
      Temps:          1       0       0       0       0       0       0       0
      Totals:         6       0       0       0       0       0       0       0
Total ram usage:        6 bytes
 Hardware stack levels used:    1
 Hardware stack levels required when called:    3
 This function calls:
		_TextLCD_CMD
		_TextLCD_PutChar
 This function is called by:
		_main
 This function uses a non-reentrant model


 *************** function _TextLCD_PutChar *****************
 Defined at:
		line 31 in file "TextLCD.c"
 Parameters:    Size  Location     Type
  data            1    wreg     unsigned char 
 Auto vars:     Size  Location     Type
  data            1    3[COMMON] unsigned char 
 Return value:  Size  Location     Type
                  1    wreg      void 
 Registers used:
		wreg, status,2, status,0, pclath, cstack
 Tracked objects:
		On entry : 
		On exit  : 
		Unchanged: 
 Data sizes:     COMMON   BANK0   BANK1   BANK2   BANK3   BANK4   BANK5   BANK6
      Params:         0       0       0       0       0       0       0       0
      Locals:         1       0       0       0       0       0       0       0
      Temps:          0       0       0       0       0       0       0       0
      Totals:         1       0       0       0       0       0       0       0
Total ram usage:        1 bytes
 Hardware stack levels used:    1
 Hardware stack levels required when called:    2
 This function calls:
		_TextLCD_CMD
 This function is called by:
		_TextLCD_Puts
 This function uses a non-reentrant model


 *************** function _TextLCD_Init *****************
 Defined at:
		line 57 in file "TextLCD.c"
 Parameters:    Size  Location     Type
		None
 Auto vars:     Size  Location     Type
		None
 Return value:  Size  Location     Type
                  1    wreg      void 
 Registers used:
		wreg, status,2, status,0, pclath, cstack
 Tracked objects:
		On entry : 
		On exit  : 
		Unchanged: 
 Data sizes:     COMMON   BANK0   BANK1   BANK2   BANK3   BANK4   BANK5   BANK6
      Params:         0       0       0       0       0       0       0       0
      Locals:         0       0       0       0       0       0       0       0
      Temps:          2       0       0       0       0       0       0       0
      Totals:         2       0       0       0       0       0       0       0
Total ram usage:        2 bytes
 Hardware stack levels used:    1
 Hardware stack levels required when called:    2
 This function calls:
		_TextLCD_4Bits_Write
		_TextLCD_CMD
		_TextLCD_Enable
 This function is called by:
		_main
 This function uses a non-reentrant model


 *************** function _TextLCD_CMD *****************
 Defined at:
		line 23 in file "TextLCD.c"
 Parameters:    Size  Location     Type
  cmd             1    wreg     unsigned char 
 Auto vars:     Size  Location     Type
  cmd             1    2[COMMON] unsigned char 
 Return value:  Size  Location     Type
                  1    wreg      void 
 Registers used:
		wreg, status,2, status,0, pclath, cstack
 Tracked objects:
		On entry : 
		On exit  : 
		Unchanged: 
 Data sizes:     COMMON   BANK0   BANK1   BANK2   BANK3   BANK4   BANK5   BANK6
      Params:         0       0       0       0       0       0       0       0
      Locals:         1       0       0       0       0       0       0       0
      Temps:          1       0       0       0       0       0       0       0
      Totals:         2       0       0       0       0       0       0       0
Total ram usage:        2 bytes
 Hardware stack levels used:    1
 Hardware stack levels required when called:    1
 This function calls:
		_TextLCD_4Bits_Write
		_TextLCD_Enable
 This function is called by:
		_TextLCD_PutChar
		_TextLCD_Puts
		_TextLCD_Init
		_TextLCD_Clear
 This function uses a non-reentrant model


 *************** function _TextLCD_Enable *****************
 Defined at:
		line 15 in file "TextLCD.c"
 Parameters:    Size  Location     Type
		None
 Auto vars:     Size  Location     Type
		None
 Return value:  Size  Location     Type
                  1    wreg      void 
 Registers used:
		wreg
 Tracked objects:
		On entry : 
		On exit  : 
		Unchanged: 
 Data sizes:     COMMON   BANK0   BANK1   BANK2   BANK3   BANK4   BANK5   BANK6
      Params:         0       0       0       0       0       0       0       0
      Locals:         0       0       0       0       0       0       0       0
      Temps:          0       0       0       0       0       0       0       0
      Totals:         0       0       0       0       0       0       0       0
Total ram usage:        0 bytes
 Hardware stack levels used:    1
 This function calls:
		Nothing
 This function is called by:
		_TextLCD_CMD
		_TextLCD_Init
 This function uses a non-reentrant model


 *************** function _TextLCD_4Bits_Write *****************
 Defined at:
		line 4 in file "TextLCD.c"
 Parameters:    Size  Location     Type
  nib             1    wreg     unsigned char 
 Auto vars:     Size  Location     Type
  nib             1    0[COMMON] unsigned char 
 Return value:  Size  Location     Type
                  1    wreg      void 
 Registers used:
		wreg, status,0
 Tracked objects:
		On entry : 
		On exit  : 
		Unchanged: 
 Data sizes:     COMMON   BANK0   BANK1   BANK2   BANK3   BANK4   BANK5   BANK6
      Params:         0       0       0       0       0       0       0       0
      Locals:         1       0       0       0       0       0       0       0
      Temps:          0       0       0       0       0       0       0       0
      Totals:         1       0       0       0       0       0       0       0
Total ram usage:        1 bytes
 Hardware stack levels used:    1
 This function calls:
		Nothing
 This function is called by:
		_TextLCD_CMD
		_TextLCD_Init
 This function uses a non-reentrant model


 *************** function _SYSTEM_Initialize *****************
 Defined at:
		line 70 in file "mcc_generated_files/mcc.c"
 Parameters:    Size  Location     Type
		None
 Auto vars:     Size  Location     Type
		None
 Return value:  Size  Location     Type
                  1    wreg      void 
 Registers used:
		wreg, status,2, status,0, pclath, cstack
 Tracked objects:
		On entry : 
		On exit  : 
		Unchanged: 
 Data sizes:     COMMON   BANK0   BANK1   BANK2   BANK3   BANK4   BANK5   BANK6
      Params:         0       0       0       0       0       0       0       0
      Locals:         0       0       0       0       0       0       0       0
      Temps:          0       0       0       0       0       0       0       0
      Totals:         0       0       0       0       0       0       0       0
Total ram usage:        0 bytes
 Hardware stack levels used:    1
 Hardware stack levels required when called:    1
 This function calls:
		_ADC_Initialize
		_OSCILLATOR_Initialize
		_PIN_MANAGER_Initialize
		_WDT_Initialize
 This function is called by:
		_main
 This function uses a non-reentrant model


 *************** function _WDT_Initialize *****************
 Defined at:
		line 91 in file "mcc_generated_files/mcc.c"
 Parameters:    Size  Location     Type
		None
 Auto vars:     Size  Location     Type
		None
 Return value:  Size  Location     Type
                  1    wreg      void 
 Registers used:
		wreg
 Tracked objects:
		On entry : 
		On exit  : 
		Unchanged: 
 Data sizes:     COMMON   BANK0   BANK1   BANK2   BANK3   BANK4   BANK5   BANK6
      Params:         0       0       0       0       0       0       0       0
      Locals:         0       0       0       0       0       0       0       0
      Temps:          0       0       0       0       0       0       0       0
      Totals:         0       0       0       0       0       0       0       0
Total ram usage:        0 bytes
 Hardware stack levels used:    1
 This function calls:
		Nothing
 This function is called by:
		_SYSTEM_Initialize
 This function uses a non-reentrant model


 *************** function _PIN_MANAGER_Initialize *****************
 Defined at:
		line 52 in file "mcc_generated_files/pin_manager.c"
 Parameters:    Size  Location     Type
		None
 Auto vars:     Size  Location     Type
		None
 Return value:  Size  Location     Type
                  1    wreg      void 
 Registers used:
		wreg, status,2
 Tracked objects:
		On entry : 
		On exit  : 
		Unchanged: 
 Data sizes:     COMMON   BANK0   BANK1   BANK2   BANK3   BANK4   BANK5   BANK6
      Params:         0       0       0       0       0       0       0       0
      Locals:         0       0       0       0       0       0       0       0
      Temps:          0       0       0       0       0       0       0       0
      Totals:         0       0       0       0       0       0       0       0
Total ram usage:        0 bytes
 Hardware stack levels used:    1
 This function calls:
		Nothing
 This function is called by:
		_SYSTEM_Initialize
 This function uses a non-reentrant model


 *************** function _OSCILLATOR_Initialize *****************
 Defined at:
		line 79 in file "mcc_generated_files/mcc.c"
 Parameters:    Size  Location     Type
		None
 Auto vars:     Size  Location     Type
		None
 Return value:  Size  Location     Type
                  1    wreg      void 
 Registers used:
		wreg, status,2
 Tracked objects:
		On entry : 
		On exit  : 
		Unchanged: 
 Data sizes:     COMMON   BANK0   BANK1   BANK2   BANK3   BANK4   BANK5   BANK6
      Params:         0       0       0       0       0       0       0       0
      Locals:         0       0       0       0       0       0       0       0
      Temps:          0       0       0       0       0       0       0       0
      Totals:         0       0       0       0       0       0       0       0
Total ram usage:        0 bytes
 Hardware stack levels used:    1
 This function calls:
		Nothing
 This function is called by:
		_SYSTEM_Initialize
 This function uses a non-reentrant model


 *************** function _ADC_Initialize *****************
 Defined at:
		line 64 in file "mcc_generated_files/adc.c"
 Parameters:    Size  Location     Type
		None
 Auto vars:     Size  Location     Type
		None
 Return value:  Size  Location     Type
                  1    wreg      void 
 Registers used:
		wreg, status,2
 Tracked objects:
		On entry : 
		On exit  : 
		Unchanged: 
 Data sizes:     COMMON   BANK0   BANK1   BANK2   BANK3   BANK4   BANK5   BANK6
      Params:         0       0       0       0       0       0       0       0
      Locals:         0       0       0       0       0       0       0       0
      Temps:          0       0       0       0       0       0       0       0
      Totals:         0       0       0       0       0       0       0       0
Total ram usage:        0 bytes
 Hardware stack levels used:    1
 This function calls:
		Nothing
 This function is called by:
		_SYSTEM_Initialize
 This function uses a non-reentrant model


 *************** function _ADC_GetConversion *****************
 Defined at:
		line 109 in file "mcc_generated_files/adc.c"
 Parameters:    Size  Location     Type
  channel         1    wreg     enum E3201
 Auto vars:     Size  Location     Type
  channel         1    3[COMMON] enum E3201
 Return value:  Size  Location     Type
                  2    0[COMMON] unsigned int 
 Registers used:
		wreg, status,2, status,0
 Tracked objects:
		On entry : 
		On exit  : 
		Unchanged: 
 Data sizes:     COMMON   BANK0   BANK1   BANK2   BANK3   BANK4   BANK5   BANK6
      Params:         2       0       0       0       0       0       0       0
      Locals:         1       0       0       0       0       0       0       0
      Temps:          1       0       0       0       0       0       0       0
      Totals:         4       0       0       0       0       0       0       0
Total ram usage:        4 bytes
 Hardware stack levels used:    1
 This function calls:
		Nothing
 This function is called by:
		_main
 This function uses a non-reentrant model



MODULE INFORMATION

Module		Function		Class		Link	Load	Size
C:\Program Files (x86)\Microchip\xc8\v1.44\sources\common\llmod.c
		___llmod       		CODE           	1779	0000	67

C:\Program Files (x86)\Microchip\xc8\v1.44\sources\common\llmod.c estimated size: 67

C:\Program Files (x86)\Microchip\xc8\v1.44\sources\common\lwtoft.c
		___lwtoft      		CODE           	1689	0000	20

C:\Program Files (x86)\Microchip\xc8\v1.44\sources\common\lwtoft.c estimated size: 20

C:\Program Files (x86)\Microchip\xc8\v1.44\sources\common\lltoft.c
		___lltoft      		CODE           	080D	0000	41

C:\Program Files (x86)\Microchip\xc8\v1.44\sources\common\lltoft.c estimated size: 41

C:\Program Files (x86)\Microchip\xc8\v1.44\sources\common\ftmul.c
		___ftmul       		CODE           	0B08	0000	181

C:\Program Files (x86)\Microchip\xc8\v1.44\sources\common\ftmul.c estimated size: 181

C:\Program Files (x86)\Microchip\xc8\v1.44\sources\common\awmod.c
		___awmod       		CODE           	17BB	0000	70

C:\Program Files (x86)\Microchip\xc8\v1.44\sources\common\awmod.c estimated size: 70

C:\Program Files (x86)\Microchip\xc8\v1.44\sources\common\ftdiv.c
		___ftdiv       		CODE           	0A60	0000	169

C:\Program Files (x86)\Microchip\xc8\v1.44\sources\common\ftdiv.c estimated size: 169

TextLCD.c
		_TextLCD_CMD   		CODE           	169C	0000	22
		_TextLCD_Init  		CODE           	0835	0000	73
		_TextLCD_Puts  		CODE           	0921	0000	85
		_TextLCD_4Bits_Write		CODE           	1703	0000	30
		_TextLCD_Enable		CODE           	0801	0000	13
		_TextLCD_PutChar		CODE           	1666	0000	10

TextLCD.c estimated size: 233

mcc_generated_files/pin_manager.c
		_PIN_MANAGER_Initialize		CODE           	16E6	0000	30

mcc_generated_files/pin_manager.c estimated size: 30

C:\Program Files (x86)\Microchip\xc8\v1.44\sources\common\ftge.c
		___ftge        		CODE           	173E	0000	60

C:\Program Files (x86)\Microchip\xc8\v1.44\sources\common\ftge.c estimated size: 60

C:\Program Files (x86)\Microchip\xc8\v1.44\sources\common\doprnt.c
		_scale         		CODE           	00BF	0000	581
		_sprintf       		CODE           	0303	0000	1261
		_fround        		CODE           	0E9B	0000	358

C:\Program Files (x86)\Microchip\xc8\v1.44\sources\common\doprnt.c estimated size: 2200

mcc_generated_files/adc.c
		_ADC_Initialize		CODE           	1656	0000	9
		_ADC_GetConversion		CODE           	16B1	0000	26

mcc_generated_files/adc.c estimated size: 35

C:\Program Files (x86)\Microchip\xc8\v1.44\sources\common\ftdivl.c
		__tdiv_to_l_   		CODE           	0009	0000	183

C:\Program Files (x86)\Microchip\xc8\v1.44\sources\common\ftdivl.c estimated size: 183

C:\Program Files (x86)\Microchip\xc8\v1.44\sources\common\lldiv.c
		___lldiv       		CODE           	087D	0000	83

C:\Program Files (x86)\Microchip\xc8\v1.44\sources\common\lldiv.c estimated size: 83

C:\Program Files (x86)\Microchip\xc8\v1.44\sources\common\Umul16.c
		___wmul        		CODE           	16CA	0000	29

C:\Program Files (x86)\Microchip\xc8\v1.44\sources\common\Umul16.c estimated size: 29

C:\Program Files (x86)\Microchip\xc8\v1.44\sources\common\fttol.c
		___fttol       		CODE           	09D9	0000	136

C:\Program Files (x86)\Microchip\xc8\v1.44\sources\common\fttol.c estimated size: 136

shared
		__powers_      		STRCODE        	1828	0000	40
		_dpowers       		STRCODE        	1800	0000	41
		__npowers_     		STRCODE        	184F	0000	40
		__initialization		CODE           	07EF	0000	15
		TextLCD_Puts@DDRAM_Start_Address		STRCODE        	1876	0000	5

shared estimated size: 141

C:\Program Files (x86)\Microchip\xc8\v1.44\sources\common\awdiv.c
		___awdiv       		CODE           	08CF	0000	83

C:\Program Files (x86)\Microchip\xc8\v1.44\sources\common\awdiv.c estimated size: 83

C:\Program Files (x86)\Microchip\xc8\v1.44\sources\common\ftadd.c
		___ftadd       		CODE           	0C88	0000	247

C:\Program Files (x86)\Microchip\xc8\v1.44\sources\common\ftadd.c estimated size: 247

mcc_generated_files/mcc.c
		_WDT_Initialize		CODE           	0005	0000	5
		_OSCILLATOR_Initialize		CODE           	164F	0000	8
		_SYSTEM_Initialize		CODE           	166F	0000	13

mcc_generated_files/mcc.c estimated size: 26

C:\Program Files (x86)\Microchip\xc8\v1.44\sources\common\isdigit.c
		_isdigit       		CODE           	167B	0000	15

C:\Program Files (x86)\Microchip\xc8\v1.44\sources\common\isdigit.c estimated size: 15

C:\Program Files (x86)\Microchip\xc8\v1.44\sources\common\fldivl.c
		__div_to_l_    		CODE           	0D7E	0000	286

C:\Program Files (x86)\Microchip\xc8\v1.44\sources\common\fldivl.c estimated size: 286

C:\Program Files (x86)\Microchip\xc8\v1.44\sources\common\ftneg.c
		___ftneg       		CODE           	165E	0000	9

C:\Program Files (x86)\Microchip\xc8\v1.44\sources\common\ftneg.c estimated size: 9

main.c
		_main          		CODE           	0BBC	0000	205

main.c estimated size: 205

C:\Program Files (x86)\Microchip\xc8\v1.44\sources\common\ftsub.c
		___ftsub       		CODE           	1720	0000	31

C:\Program Files (x86)\Microchip\xc8\v1.44\sources\common\ftsub.c estimated size: 31

C:\Program Files (x86)\Microchip\xc8\v1.44\sources\common\float.c
		___ftpack      		CODE           	0975	0000	101

C:\Program Files (x86)\Microchip\xc8\v1.44\sources\common\float.c estimated size: 101

